<?xml version="1.0" encoding="utf-8"?><testsuites name="pytest tests"><testsuite name="pytest" errors="0" failures="0" skipped="0" tests="2130" time="26.734" timestamp="2025-09-12T13:05:50.069879+02:00" hostname="DESKTOP-I2CAJ6V"><testcase classname="tests.unit.core.services.test_dangerous_command_service" name="test_scan_tool_call_detects_dangerous_commands[git reset --hard-git-reset-hard]" time="0.000" /><testcase classname="tests.unit.loop_detection.test_detector_comprehensive.TestLoopDetector" name="test_detector_initialization" time="0.000" /><testcase classname="tests.unit.loop_detection.test_buffer_comprehensive.TestResponseBuffer" name="test_initialization" time="0.000" /><testcase classname="tests.unit.core.services.test_usage_tracking_service_comprehensive.TestUsageTrackingService" name="test_initialization" time="0.001" /><testcase classname="tests.unit.core.services.test_dangerous_command_service" name="test_scan_tool_call_detects_dangerous_commands[git clean -f-git-clean-force]" time="0.000" /><testcase classname="tests.unit.loop_detection.test_detector_comprehensive.TestLoopDetector" name="test_detector_initialization_disabled" time="0.001" /><testcase classname="tests.unit.connectors.test_gemini_oauth_personal.TestGeminiOAuthPersonalConnector" name="test_backend_type" time="0.001" /><testcase classname="tests.unit.loop_detection.test_analyzer_comprehensive.TestPatternAnalyzer" name="test_analyzer_initialization" time="0.000" /><testcase classname="tests.unit.loop_detection.test_buffer_comprehensive.TestResponseBuffer" name="test_initialization_default_max_size" time="0.000" /><testcase classname="tests.unit.test_response_parser_service.TestResponseParser" name="test_parse_response_valid_types[raw_response0-dict]" time="0.000" /><testcase classname="tests.unit.core.app.controllers.test_usage_controller_comprehensive.TestUsageController" name="test_initialization_with_service" time="0.001" /><testcase classname="tests.unit.loop_detection.test_buffer_comprehensive.TestResponseBuffer" name="test_append_single_chunk" time="0.000" /><testcase classname="tests.unit.loop_detection.test_detector_comprehensive.TestLoopDetector" name="test_detector_initialization_invalid_config" time="0.001" /><testcase classname="tests.unit.connectors.test_gemini_oauth_personal.TestGeminiOAuthPersonalConnector" name="test_initialization" time="0.000" /><testcase classname="tests.unit.loop_detection.test_buffer_comprehensive.TestResponseBuffer" name="test_append_multiple_chunks" time="0.001" /><testcase classname="tests.unit.core.services.test_dangerous_command_service" name="test_scan_tool_call_detects_dangerous_commands[git rebase -i-git-rebase]" time="0.000" /><testcase classname="tests.unit.test_response_parser_service.TestResponseParser" name="test_parse_response_valid_types[raw_response1-dict]" time="0.000" /><testcase classname="tests.unit.test_response_parser_service.TestResponseParser" name="test_parse_response_valid_types[just a string-dict]" time="0.001" /><testcase classname="tests.unit.test_cli_di" name="test_apply_cli_args_sets_env" time="0.004" /><testcase classname="tests.unit.test_cli" name="test_apply_cli_args_sets_env" time="0.006" /><testcase classname="tests.unit.loop_detection.test_buffer_comprehensive.TestResponseBuffer" name="test_append_empty_chunk" time="0.000" /><testcase classname="tests.unit.core.services.test_usage_tracking_service_comprehensive.TestUsageTrackingService" name="test_track_usage_basic" time="0.003" /><testcase classname="tests.unit.loop_detection.test_analyzer_comprehensive.TestPatternAnalyzer" name="test_analyzer_reset" time="0.001" /><testcase classname="tests.unit.test_response_parser_service.TestResponseParser" name="test_parse_response_unsupported_type" time="0.000" /><testcase classname="tests.unit.test_cli_di" name="test_cli_interactive_mode" time="0.003" /><testcase classname="tests.unit.test_cli" name="test_cli_interactive_mode" time="0.003" /><testcase classname="tests.unit.loop_detection.test_buffer_comprehensive.TestResponseBuffer" name="test_append_none_chunk" time="0.001" /><testcase classname="tests.unit.test_response_parser_service.TestResponseParser" name="test_extract_content[raw_response0-hello]" time="0.001" /><testcase classname="tests.unit.loop_detection.test_buffer_comprehensive.TestResponseBuffer" name="test_buffer_overflow_single_large_chunk" time="0.001" /><testcase classname="tests.unit.test_response_parser_service.TestResponseParser" name="test_extract_content[raw_response1-test]" time="0.000" /><testcase classname="tests.unit.loop_detection.test_analyzer_comprehensive.TestPatternAnalyzer" name="test_analyze_chunk_no_loop" time="0.001" /><testcase classname="tests.unit.loop_detection.test_buffer_comprehensive.TestResponseBuffer" name="test_buffer_overflow_multiple_chunks" time="0.000" /><testcase classname="tests.unit.core.services.test_usage_tracking_service_comprehensive.TestUsageTrackingService" name="test_track_usage_with_none_session_id" time="0.002" /><testcase classname="tests.unit.loop_detection.test_buffer_comprehensive.TestResponseBuffer" name="test_buffer_partial_chunk_removal" time="0.000" /><testcase classname="tests.unit.test_cli" name="test_cli_redaction_flag" time="0.006" /><testcase classname="tests.unit.loop_detection.test_analyzer_comprehensive.TestPatternAnalyzer" name="test_analyze_chunk_simple_loop" time="0.001" /><testcase classname="tests.unit.test_cli_di" name="test_cli_redaction_flag" time="0.008" /><testcase classname="tests.unit.loop_detection.test_buffer_comprehensive.TestResponseBuffer" name="test_get_recent_content" time="0.000" /><testcase classname="tests.unit.loop_detection.test_buffer_comprehensive.TestResponseBuffer" name="test_get_recent_content_full_content" time="0.000" /><testcase classname="tests.unit.loop_detection.test_analyzer_comprehensive.TestPatternAnalyzer" name="test_analyze_chunk_code_block_detection" time="0.000" /><testcase classname="tests.unit.test_response_parser_service.TestResponseParser" name="test_extract_content[just a string-just a string]" time="0.001" /><testcase classname="tests.unit.core.services.test_usage_tracking_service_comprehensive.TestUsageTrackingService" name="test_track_usage_computes_total_tokens" time="0.003" /><testcase classname="tests.unit.test_cli" name="test_cli_force_set_project" time="0.003" /><testcase classname="tests.unit.loop_detection.test_buffer_comprehensive.TestResponseBuffer" name="test_get_recent_content_empty_buffer" time="0.000" /><testcase classname="tests.unit.core.repositories.test_in_memory_usage_repository.TestInMemoryUsageRepository" name="test_initialization" time="0.001" /><testcase classname="tests.unit.loop_detection.test_buffer_comprehensive.TestResponseBuffer" name="test_clear_buffer" time="0.000" /><testcase classname="tests.unit.loop_detection.test_detector_comprehensive.TestLoopDetector" name="test_detector_enable_disable" time="0.001" /><testcase classname="tests.unit.proxy_logic_tests.test_process_text_for_commands.TestProcessTextForCommands" name="test_no_commands" time="0.001" /><testcase classname="tests.unit.test_cli_di" name="test_cli_force_set_project" time="0.007" /><testcase classname="tests.unit.core.app.controllers.test_usage_controller_comprehensive.TestUsageController" name="test_initialization_without_service" time="0.000" /><testcase classname="tests.unit.core.app.controllers.test_usage_controller_comprehensive.TestUsageController" name="test_get_usage_stats_with_service" time="0.002" /><testcase classname="tests.unit.core.app.controllers.test_usage_controller_comprehensive.TestUsageController" name="test_get_usage_stats_without_service" time="0.001" /><testcase classname="tests.unit.loop_detection.test_analyzer_comprehensive.TestPatternAnalyzer" name="test_analyze_chunk_markdown_elements_reset" time="0.002" /><testcase classname="tests.unit.loop_detection.test_buffer_comprehensive.TestResponseBuffer" name="test_size_method" time="0.000" /><testcase classname="tests.unit.test_cli" name="test_cli_disable_interactive_commands" time="0.003" /><testcase classname="tests.unit.test_response_parser_service.TestResponseParser" name="test_extract_content[raw_response3-[{&quot;id&quot;: &quot;call_1&quot;, &quot;type&quot;: &quot;function&quot;, &quot;function&quot;: {&quot;name&quot;: &quot;func&quot;, &quot;arguments&quot;: &quot;{}&quot;}}]]" time="0.000" /><testcase classname="tests.unit.loop_detection.test_detector_comprehensive.TestLoopDetector" name="test_process_chunk_disabled_detector" time="0.000" /><testcase classname="tests.unit.loop_detection.test_buffer_comprehensive.TestResponseBuffer" name="test_unicode_content" time="0.001" /><testcase classname="tests.unit.proxy_logic_tests.test_process_text_for_commands.TestProcessTextForCommands" name="test_set_model_command" time="0.001" /><testcase classname="tests.unit.connectors.test_gemini_oauth_personal.TestGeminiOAuthPersonalConnector" name="test_is_token_expired_no_credentials" time="0.000" /><testcase classname="tests.unit.loop_detection.test_analyzer_comprehensive.TestPatternAnalyzer" name="test_analyze_chunk_chunk_truncation" time="0.001" /><testcase classname="tests.unit.test_response_parser_service.TestResponseParser" name="test_extract_content[raw_response4-{&quot;error&quot;: &quot;some error&quot;}]" time="0.001" /><testcase classname="tests.unit.loop_detection.test_detector_comprehensive.TestLoopDetector" name="test_process_chunk_empty_chunk" time="0.000" /><testcase classname="tests.unit.core.services.test_dangerous_command_service" name="test_scan_tool_call_detects_dangerous_commands[git commit --amend-git-commit-amend]" time="0.005" /><testcase classname="tests.unit.loop_detection.test_analyzer_comprehensive.TestPatternAnalyzer" name="test_analyze_chunk_multiple_chunks_processing" time="0.001" /><testcase classname="tests.unit.core.services.test_usage_tracking_service_comprehensive.TestUsageTrackingService" name="test_track_usage_provided_total_tokens" time="0.002" /><testcase classname="tests.unit.loop_detection.test_buffer_comprehensive.TestResponseBuffer" name="test_mixed_chunk_sizes" time="0.000" /><testcase classname="tests.unit.core.services.test_dangerous_command_service" name="test_scan_tool_call_detects_dangerous_commands[git push --force-git-push-force]" time="0.001" /><testcase classname="tests.unit.test_response_parser_service.TestResponseParser" name="test_extract_content[None-]" time="0.000" /><testcase classname="tests.unit.core.repositories.test_in_memory_usage_repository.TestInMemoryUsageRepository" name="test_get_by_id_empty_repository" time="0.001" /><testcase classname="tests.unit.loop_detection.test_analyzer_comprehensive.TestPatternAnalyzer" name="test_analyze_chunk_empty_and_whitespace" time="0.001" /><testcase classname="tests.unit.loop_detection.test_detector_comprehensive.TestLoopDetector" name="test_process_chunk_none_chunk" time="0.000" /><testcase classname="tests.unit.connectors.test_gemini_oauth_personal.TestGeminiOAuthPersonalConnector" name="test_is_token_expired_no_expiry" time="0.000" /><testcase classname="tests.unit.test_cli_di" name="test_cli_disable_interactive_commands" time="0.005" /><testcase classname="tests.unit.loop_detection.test_buffer_comprehensive.TestResponseBuffer" name="test_chunk_with_newlines" time="0.001" /><testcase classname="tests.unit.core.repositories.test_in_memory_usage_repository.TestInMemoryUsageRepository" name="test_get_all_empty_repository" time="0.001" /><testcase classname="tests.unit.proxy_logic_tests.test_process_text_for_commands.TestProcessTextForCommands" name="test_set_model_command_with_slash" time="0.001" /><testcase classname="tests.unit.loop_detection.test_analyzer_comprehensive.TestPatternAnalyzer" name="test_analyze_chunk_unicode_content" time="0.001" /><testcase classname="tests.unit.test_cli" name="test_cli_log_argument" time="0.005" /><testcase classname="tests.unit.test_response_parser_service.TestResponseParser" name="test_extract_content[raw_response6-]" time="0.000" /><testcase classname="tests.unit.loop_detection.test_detector_comprehensive.TestLoopDetector" name="test_process_chunk_normal_content" time="0.001" /><testcase classname="tests.unit.test_response_parser_service.TestResponseParser" name="test_extract_content[raw_response7-]" time="0.001" /><testcase classname="tests.unit.connectors.test_gemini_oauth_personal.TestGeminiOAuthPersonalConnector" name="test_is_token_expired_expired" time="0.000" /><testcase classname="tests.unit.loop_detection.test_detector_comprehensive.TestLoopDetector" name="test_process_chunk_multiple_chunks" time="0.000" /><testcase classname="tests.unit.loop_detection.test_detector_comprehensive.TestLoopDetector" name="test_process_chunk_unicode_content" time="0.000" /><testcase classname="tests.unit.loop_detection.test_buffer_comprehensive.TestResponseBuffer" name="test_zero_max_size_buffer" time="0.001" /><testcase classname="tests.unit.loop_detection.test_buffer_comprehensive.TestResponseBuffer" name="test_very_small_max_size" time="0.000" /><testcase classname="tests.unit.loop_detection.test_buffer_comprehensive.TestResponseBuffer" name="test_exact_max_size_fit" time="0.000" /><testcase classname="tests.unit.proxy_logic_tests.test_process_text_for_commands.TestProcessTextForCommands" name="test_unset_model_command" time="0.001" /><testcase classname="tests.unit.core.services.test_usage_tracking_service_comprehensive.TestUsageTrackingService" name="test_track_usage_default_values" time="0.001" /><testcase classname="tests.unit.test_response_parser_service.TestResponseParser" name="test_extract_usage[raw_response0-expected_usage0]" time="0.000" /><testcase classname="tests.unit.connectors.test_gemini_oauth_personal.TestGeminiOAuthPersonalConnector" name="test_is_token_expired_not_expired" time="0.000" /><testcase classname="tests.unit.connectors.test_gemini_oauth_personal.TestGeminiOAuthPersonalConnector" name="test_get_refresh_token_from_credentials" time="0.000" /><testcase classname="tests.unit.loop_detection.test_buffer_comprehensive.TestResponseBuffer" name="test_multiple_appends_exceeding_max_size" time="0.000" /><testcase classname="tests.unit.loop_detection.test_buffer_comprehensive.TestResponseBuffer" name="test_buffer_state_consistency" time="0.000" /><testcase classname="tests.unit.proxy_logic_tests.test_process_text_for_commands.TestProcessTextForCommands" name="test_multiple_commands_in_one_string" time="0.001" /><testcase classname="tests.unit.test_response_parser_service.TestResponseParser" name="test_extract_usage[raw_response1-expected_usage1]" time="0.000" /><testcase classname="tests.unit.loop_detection.test_buffer_comprehensive.TestResponseBuffer" name="test_get_content_returns_copy" time="0.000" /><testcase classname="tests.unit.proxy_logic_tests.test_process_text_for_commands.TestProcessTextForCommands" name="test_unknown_commands_are_preserved" time="0.001" /><testcase classname="tests.unit.core.services.test_usage_tracking_service_comprehensive.TestUsageTrackingService" name="test_track_usage_generates_unique_ids" time="0.002" /><testcase classname="tests.unit.test_response_parser_service.TestResponseParser" name="test_extract_usage[string-None]" time="0.000" /><testcase classname="tests.unit.proxy_logic_tests.test_process_text_for_commands.TestProcessTextForCommands" name="test_command_at_start_of_string" time="0.001" /><testcase classname="tests.unit.test_response_parser_service.TestResponseParser" name="test_extract_usage[raw_response3-None]" time="0.000" /><testcase classname="tests.unit.core.services.test_dangerous_command_service" name="test_scan_tool_call_detects_dangerous_commands[git branch -D my-branch-git-branch-force-delete]" time="0.001" /><testcase classname="tests.unit.core.services.test_dangerous_command_service" name="test_scan_tool_call_detects_dangerous_commands[git branch -d old-git-branch-delete]" time="0.000" /><testcase classname="tests.unit.test_cli_di" name="test_cli_log_argument" time="0.006" /><testcase classname="tests.unit.loop_detection.test_analyzer_comprehensive.TestPatternAnalyzer" name="test_analyze_chunk_very_long_content" time="0.002" /><testcase classname="tests.unit.test_response_parser_service.TestResponseParser" name="test_extract_usage[raw_response4-None]" time="0.000" /><testcase classname="tests.unit.loop_detection.test_buffer_comprehensive.TestResponseBuffer" name="test_get_recent_content_edge_cases" time="0.000" /><testcase classname="tests.unit.loop_detection.test_analyzer_comprehensive.TestPatternAnalyzer" name="test_analyze_chunk_edge_case_boundaries" time="0.000" /><testcase classname="tests.unit.proxy_logic_tests.test_process_text_for_commands.TestProcessTextForCommands" name="test_command_at_end_of_string" time="0.001" /><testcase classname="tests.unit.test_response_parser_service.TestResponseParser" name="test_extract_metadata[raw_response0-expected_metadata0]" time="0.000" /><testcase classname="tests.unit.loop_detection.test_buffer_comprehensive.TestResponseBuffer" name="test_buffer_with_special_characters" time="0.000" /><testcase classname="tests.unit.connectors.test_gemini_oauth_personal.TestGeminiOAuthPersonalConnector" name="test_get_refresh_token_from_cache" time="0.001" /><testcase classname="tests.unit.core.repositories.test_in_memory_usage_repository.TestInMemoryUsageRepository" name="test_add_usage_data" time="0.001" /><testcase classname="tests.unit.core.services.test_usage_tracking_service_comprehensive.TestUsageTrackingService" name="test_track_usage_timestamp" time="0.003" /><testcase classname="tests.unit.test_response_parser_service.TestResponseParser" name="test_extract_metadata[raw_response1-expected_metadata1]" time="0.000" /><testcase classname="tests.unit.core.services.test_dangerous_command_service" name="test_scan_tool_call_detects_dangerous_commands[git tag -d v1.0.0-git-tag-delete]" time="0.000" /><testcase classname="tests.unit.loop_detection.test_buffer_comprehensive.TestResponseBuffer" name="test_large_number_of_small_chunks" time="0.000" /><testcase classname="tests.unit.loop_detection.test_config.TestLoopDetectionConfig" name="test_default_config_creation" time="0.000" /><testcase classname="tests.unit.loop_detection.test_config.TestLoopDetectionConfig" name="test_custom_config_creation" time="0.000" /><testcase classname="tests.unit.loop_detection.test_detector_comprehensive.TestLoopDetector" name="test_process_chunk_very_long_content" time="0.008" /><testcase classname="tests.unit.proxy_logic_tests.test_process_text_for_commands.TestProcessTextForCommands" name="test_command_only_string" time="0.001" /><testcase classname="tests.unit.test_response_parser_service.TestResponseParser" name="test_extract_metadata[string-expected_metadata2]" time="0.000" /><testcase classname="tests.unit.loop_detection.test_analyzer_comprehensive.TestPatternAnalyzer" name="test_analyze_chunk_repeating_pattern_detection" time="0.002" /><testcase classname="tests.unit.loop_detection.test_buffer_comprehensive.TestResponseBuffer" name="test_chunk_size_variations" time="0.001" /><testcase classname="tests.unit.core.services.test_dangerous_command_service" name="test_scan_tool_call_detects_dangerous_commands[git update-ref -d refs/heads/feature-git-update-ref-delete]" time="0.000" /><testcase classname="tests.unit.loop_detection.test_hasher_comprehensive.TestContentHasher" name="test_hasher_initialization" time="0.000" /><testcase classname="tests.unit.test_response_parser_service.TestResponseParser" name="test_extract_metadata[raw_response3-expected_metadata3]" time="0.000" /><testcase classname="tests.unit.core.repositories.test_in_memory_usage_repository.TestInMemoryUsageRepository" name="test_add_usage_data_without_session_id" time="0.001" /><testcase classname="tests.unit.loop_detection.test_detector_comprehensive.TestLoopDetector" name="test_process_chunk_buffer_overflow" time="0.002" /><testcase classname="tests.unit.core.services.test_usage_tracking_service_comprehensive.TestUsageTrackingService" name="test_track_request_context_manager" time="0.002" /><testcase classname="tests.unit.connectors.test_gemini_oauth_personal.TestGeminiOAuthPersonalConnector" name="test_load_oauth_credentials_success" time="0.005" /><testcase classname="tests.unit.core.services.test_dangerous_command_service" name="test_scan_tool_call_detects_dangerous_commands[git reflog expire --expire=now --all-git-reflog-expire-now]" time="0.001" /><testcase classname="tests.unit.loop_detection.test_analyzer_comprehensive.TestPatternAnalyzer" name="test_analyze_chunk_state_consistency" time="0.000" /><testcase classname="tests.unit.loop_detection.test_buffer_comprehensive.TestResponseBuffer" name="test_buffer_efficiency" time="0.001" /><testcase classname="tests.unit.core.repositories.test_in_memory_usage_repository.TestInMemoryUsageRepository" name="test_get_by_id_existing_usage" time="0.001" /><testcase classname="tests.unit.test_response_parser_service.TestResponseParser" name="test_extract_metadata[raw_response4-expected_metadata4]" time="0.000" /><testcase classname="tests.unit.loop_detection.test_detector_comprehensive.TestLoopDetector" name="test_process_chunk_with_callback" time="0.000" /><testcase classname="tests.unit.core.app.controllers.test_usage_controller_comprehensive.TestUsageController" name="test_get_usage_stats_defaults" time="0.002" /><testcase classname="tests.unit.loop_detection.test_analyzer_comprehensive.TestPatternAnalyzer" name="test_analyze_chunk_buffer_content_parameter" time="0.000" /><testcase classname="tests.unit.proxy_logic_tests.test_process_text_for_commands.TestProcessTextForCommands" name="test_malformed_set_command" time="0.001" /><testcase classname="tests.unit.loop_detection.test_analyzer_comprehensive.TestPatternAnalyzer" name="test_analyze_chunk_timestamp_in_event" time="0.003" /><testcase classname="tests.unit.core.repositories.test_in_memory_usage_repository.TestInMemoryUsageRepository" name="test_get_all_with_usage_data" time="0.001" /><testcase classname="tests.unit.core.services.test_dangerous_command_service" name="test_scan_tool_call_detects_dangerous_commands[git push --force-with-lease-git-push-force-with-lease]" time="0.000" /><testcase classname="tests.unit.proxy_logic_tests.test_process_text_for_commands.TestProcessTextForCommands" name="test_malformed_unset_command" time="0.002" /><testcase classname="tests.unit.test_response_parser_service.TestResponseParser" name="test_extract_metadata_tool_calls_empty" time="0.000" /><testcase classname="tests.unit.test_response_parser_service.TestResponseParser" name="test_extract_metadata_tool_calls_none" time="0.000" /><testcase classname="tests.unit.loop_detection.test_detector_comprehensive.TestLoopDetector" name="test_process_chunk_error_in_callback" time="0.000" /><testcase classname="tests.unit.loop_detection.test_config.TestLoopDetectionConfig" name="test_default_thresholds_initialization" time="0.000" /><testcase classname="tests.unit.loop_detection.test_config.TestLoopDetectionConfig" name="test_custom_thresholds" time="0.001" /><testcase classname="tests.unit.loop_detection.test_config.TestLoopDetectionConfig" name="test_whitelist_initialization" time="0.000" /><testcase classname="tests.unit.connectors.test_gemini_oauth_personal.TestGeminiOAuthPersonalConnector" name="test_load_oauth_credentials_file_not_found" time="0.003" /><testcase classname="tests.unit.loop_detection.test_detector_comprehensive.TestLoopDetector" name="test_reset_detector" time="0.001" /><testcase classname="tests.unit.loop_detection.test_hasher_comprehensive.TestContentHasher" name="test_hash_basic_string" time="0.000" /><testcase classname="tests.unit.loop_detection.test_hasher_comprehensive.TestContentHasher" name="test_hash_empty_string" time="0.000" /><testcase classname="tests.unit.core.app.controllers.test_usage_controller_comprehensive.TestUsageController" name="test_get_usage_stats_with_project" time="0.002" /><testcase classname="tests.unit.proxy_logic_tests.test_process_text_for_commands.TestProcessTextForCommands" name="test_set_and_unset_project" time="0.001" /><testcase classname="tests.unit.loop_detection.test_analyzer_comprehensive.TestPatternAnalyzer" name="test_analyze_chunk_confidence_in_event" time="0.002" /><testcase classname="tests.unit.loop_detection.test_config.TestLoopDetectionConfig" name="test_custom_whitelist" time="0.000" /><testcase classname="tests.unit.loop_detection.test_config.TestLoopDetectionConfig" name="test_config_validation_success" time="0.000" /><testcase classname="tests.unit.core.services.test_dangerous_command_service" name="test_scan_tool_call_detects_dangerous_commands[git push --delete origin branch-git-push-delete-branch]" time="0.000" /><testcase classname="tests.unit.core.services.test_dangerous_command_service" name="test_scan_tool_call_detects_dangerous_commands[git push origin :branch-git-push-delete-ref-legacy]" time="0.000" /><testcase classname="tests.unit.core.repositories.test_in_memory_usage_repository.TestInMemoryUsageRepository" name="test_update_existing_usage_data" time="0.001" /><testcase classname="tests.unit.loop_detection.test_analyzer_comprehensive.TestPatternAnalyzer" name="test_analyze_chunk_multiple_different_patterns" time="0.000" /><testcase classname="tests.unit.loop_detection.test_config.TestLoopDetectionConfig" name="test_config_validation_buffer_size_too_small" time="0.000" /><testcase classname="tests.unit.core.repositories.test_in_memory_usage_repository.TestInMemoryUsageRepository" name="test_update_nonexistent_usage_data" time="0.001" /><testcase classname="tests.unit.test_response_parser_service.TestResponseParser" name="test_extract_metadata_dict_tool_calls" time="0.000" /><testcase classname="tests.unit.test_response_parser_service.TestResponseParser" name="test_extract_content_json_string_from_dict" time="0.000" /><testcase classname="tests.unit.core.services.test_usage_tracking_service_comprehensive.TestUsageTrackingService" name="test_track_request_with_kwargs" time="0.006" /><testcase classname="tests.unit.loop_detection.test_hasher_comprehensive.TestContentHasher" name="test_hash_unicode_content" time="0.000" /><testcase classname="tests.unit.proxy_logic_tests.test_process_text_for_commands.TestProcessTextForCommands" name="test_unset_model_and_project_together" time="0.001" /><testcase classname="tests.unit.loop_detection.test_config.TestLoopDetectionConfig" name="test_config_validation_max_pattern_length_too_large" time="0.000" /><testcase classname="tests.unit.loop_detection.test_analyzer_comprehensive.TestPatternAnalyzer" name="test_analyze_chunk_incremental_buildup" time="0.001" /><testcase classname="tests.unit.connectors.test_gemini_oauth_personal.TestGeminiOAuthPersonalConnector" name="test_load_oauth_credentials_invalid_json" time="0.007" /><testcase classname="tests.unit.loop_detection.test_analyzer_comprehensive.TestPatternAnalyzer" name="test_analyze_chunk_reset_behavior" time="0.001" /><testcase classname="tests.unit.core.app.controllers.test_usage_controller_comprehensive.TestUsageController" name="test_get_usage_stats_empty_project" time="0.002" /><testcase classname="tests.unit.core.repositories.test_in_memory_usage_repository.TestInMemoryUsageRepository" name="test_delete_existing_usage_data" time="0.001" /><testcase classname="tests.unit.proxy_logic_tests.test_process_text_for_commands.TestProcessTextForCommands" name="test_set_interactive_mode" time="0.001" /><testcase classname="tests.unit.core.services.test_dangerous_command_service" name="test_scan_tool_call_detects_dangerous_commands[git push --mirror-git-push-mirror]" time="0.000" /><testcase classname="tests.unit.core.services.test_dangerous_command_service" name="test_scan_tool_call_detects_dangerous_commands[git gc --prune=now-git-gc-prune-now]" time="0.001" /><testcase classname="tests.unit.loop_detection.test_detector_comprehensive.TestLoopDetector" name="test_get_stats" time="0.000" /><testcase classname="tests.unit.loop_detection.test_detector_comprehensive.TestLoopDetector" name="test_update_config" time="0.000" /><testcase classname="tests.unit.loop_detection.test_config.TestLoopDetectionConfig" name="test_config_validation_content_chunk_size_valid" time="0.001" /><testcase classname="tests.unit.loop_detection.test_config.TestLoopDetectionConfig" name="test_config_validation_negative_values" time="0.000" /><testcase classname="tests.unit.core.repositories.test_in_memory_usage_repository.TestInMemoryUsageRepository" name="test_delete_nonexistent_usage_data" time="0.001" /><testcase classname="tests.unit.core.services.test_dangerous_command_service" name="test_scan_tool_call_detects_dangerous_commands[git prune-git-prune]" time="0.000" /><testcase classname="tests.unit.loop_detection.test_analyzer_comprehensive.TestPatternAnalyzer" name="test_analyze_chunk_empty_buffer_content" time="0.000" /><testcase classname="tests.unit.core.app.controllers.test_usage_controller_comprehensive.TestUsageController" name="test_get_usage_stats_large_days" time="0.002" /><testcase classname="tests.unit.loop_detection.test_hasher_comprehensive.TestContentHasher" name="test_hash_consistency" time="0.000" /><testcase classname="tests.unit.loop_detection.test_hasher_comprehensive.TestContentHasher" name="test_hash_deterministic" time="0.001" /><testcase classname="tests.unit.loop_detection.test_hasher_comprehensive.TestContentHasher" name="test_hash_different_content_different_results" time="0.000" /><testcase classname="tests.unit.core.services.test_in_memory_rate_limiter.TestInMemoryRateLimiter" name="test_initialization" time="0.000" /><testcase classname="tests.unit.core.services.test_in_memory_rate_limiter.TestInMemoryRateLimiter" name="test_initialization_defaults" time="0.001" /><testcase classname="tests.unit.core.services.test_in_memory_rate_limiter.TestInMemoryRateLimiter" name="test_check_limit_empty_key" time="0.001" /><testcase classname="tests.unit.core.repositories.test_in_memory_usage_repository.TestInMemoryUsageRepository" name="test_get_by_session_id_existing_session" time="0.001" /><testcase classname="tests.unit.core.repositories.test_in_memory_usage_repository.TestInMemoryUsageRepository" name="test_get_by_session_id_nonexistent_session" time="0.001" /><testcase classname="tests.unit.loop_detection.test_hasher_comprehensive.TestContentHasher" name="test_hash_case_sensitivity" time="0.000" /><testcase classname="tests.unit.loop_detection.test_hasher_comprehensive.TestContentHasher" name="test_hash_whitespace_sensitivity" time="0.000" /><testcase classname="tests.unit.core.services.test_usage_tracking_service_comprehensive.TestUsageTrackingService" name="test_get_usage_stats" time="0.002" /><testcase classname="tests.unit.connectors.test_gemini_oauth_personal.TestGeminiOAuthPersonalConnector" name="test_load_oauth_credentials_missing_access_token" time="0.004" /><testcase classname="tests.unit.connectors.test_gemini_oauth_personal.TestGeminiOAuthPersonalConnector" name="test_save_oauth_credentials" time="0.006" /><testcase classname="tests.unit.loop_detection.test_analyzer_comprehensive.TestPatternAnalyzer" name="test_analyze_chunk_none_buffer_content" time="0.000" /><testcase classname="tests.unit.loop_detection.test_analyzer_comprehensive.TestPatternAnalyzer" name="test_analyze_chunk_special_characters_in_pattern" time="0.001" /><testcase classname="tests.unit.core.app.controllers.test_usage_controller_comprehensive.TestUsageController" name="test_get_recent_usage_with_service" time="0.003" /><testcase classname="tests.unit.core.app.controllers.test_usage_controller_comprehensive.TestUsageController" name="test_get_recent_usage_without_service" time="0.001" /><testcase classname="tests.unit.proxy_logic_tests.test_process_text_for_commands.TestProcessTextForCommands" name="test_unset_interactive_mode" time="0.001" /><testcase classname="tests.unit.loop_detection.test_hasher_comprehensive.TestContentHasher" name="test_hash_newline_sensitivity" time="0.000" /><testcase classname="tests.unit.core.services.test_usage_tracking_service_comprehensive.TestUsageTrackingService" name="test_get_usage_stats_defaults" time="0.002" /><testcase classname="tests.unit.core.services.test_in_memory_rate_limiter.TestInMemoryRateLimiter" name="test_check_limit_with_usage" time="0.001" /><testcase classname="tests.unit.proxy_logic_tests.test_process_text_for_commands.TestProcessTextForCommands" name="test_hello_command" time="0.001" /><testcase classname="tests.unit.core.services.test_in_memory_rate_limiter.TestInMemoryRateLimiter" name="test_check_limit_at_limit" time="0.001" /><testcase classname="tests.unit.loop_detection.test_detector_comprehensive.TestLoopDetector" name="test_update_config_invalid" time="0.001" /><testcase classname="tests.unit.loop_detection.test_detector_comprehensive.TestLoopDetector" name="test_update_config_buffer_resize" time="0.001" /><testcase classname="tests.unit.loop_detection.test_hasher_comprehensive.TestContentHasher" name="test_hash_special_characters" time="0.000" /><testcase classname="tests.unit.proxy_logic_tests.test_process_text_for_commands.TestProcessTextForCommands" name="test_hello_command_with_text" time="0.001" /><testcase classname="tests.unit.connectors.test_gemini_oauth_personal.TestGeminiOAuthPersonalConnector" name="test_initialize_success" time="0.004" /><testcase classname="tests.unit.loop_detection.test_hasher_comprehensive.TestContentHasher" name="test_hash_numeric_content" time="0.000" /><testcase classname="tests.unit.loop_detection.test_hasher_comprehensive.TestContentHasher" name="test_hash_json_like_content" time="0.000" /><testcase classname="tests.unit.loop_detection.test_hasher_comprehensive.TestContentHasher" name="test_hash_binary_like_content" time="0.000" /><testcase classname="tests.unit.loop_detection.test_hasher_comprehensive.TestContentHasher" name="test_hash_very_long_content" time="0.000" /><testcase classname="tests.unit.loop_detection.test_hasher_comprehensive.TestContentHasher" name="test_hash_very_short_content" time="0.000" /><testcase classname="tests.unit.loop_detection.test_config.TestLoopDetectionConfig" name="test_config_validation_zero_values" time="0.000" /><testcase classname="tests.unit.loop_detection.test_config.TestLoopDetectionConfig" name="test_config_validation_thresholds" time="0.001" /><testcase classname="tests.unit.loop_detection.test_config.TestLoopDetectionConfig" name="test_config_as_dict_conversion" time="0.001" /><testcase classname="tests.unit.core.services.test_dangerous_command_service" name="test_scan_tool_call_detects_dangerous_commands[git repack -d-git-repack-delete]" time="0.000" /><testcase classname="tests.unit.core.services.test_dangerous_command_service" name="test_scan_tool_call_detects_dangerous_commands[git lfs prune-git-lfs-prune]" time="0.000" /><testcase classname="tests.unit.loop_detection.test_detector_comprehensive.TestLoopDetector" name="test_process_chunk_accumulates_total" time="0.001" /><testcase classname="tests.unit.loop_detection.test_hasher_comprehensive.TestContentHasher" name="test_hash_chunks_of_various_sizes" time="0.000" /><testcase classname="tests.unit.core.services.test_usage_tracking_service_comprehensive.TestUsageTrackingService" name="test_get_recent_usage" time="0.023" /><testcase classname="tests.unit.core.services.test_in_memory_rate_limiter.TestInMemoryRateLimiter" name="test_check_limit_over_limit" time="0.001" /><testcase classname="tests.unit.loop_detection.test_analyzer_comprehensive.TestPatternAnalyzer" name="test_analyze_chunk_performance_with_large_content" time="0.002" /><testcase classname="tests.unit.proxy_logic_tests.test_process_text_for_commands.TestProcessTextForCommands" name="test_unknown_command_removed_interactive" time="0.001" /><testcase classname="tests.unit.loop_detection.test_hasher_comprehensive.TestContentHasher" name="test_hash_algorithm_correctness" time="0.000" /><testcase classname="tests.unit.loop_detection.test_detector_comprehensive.TestLoopDetector" name="test_process_chunk_updates_detection_position" time="0.000" /><testcase classname="tests.unit.loop_detection.test_hasher_comprehensive.TestContentHasher" name="test_hash_encoding_consistency" time="0.000" /><testcase classname="tests.unit.loop_detection.test_detector_comprehensive.TestLoopDetector" name="test_process_chunk_very_small_chunks" time="0.001" /><testcase classname="tests.unit.core.services.test_in_memory_rate_limiter.TestInMemoryRateLimiter" name="test_record_usage_single" time="0.001" /><testcase classname="tests.unit.loop_detection.test_config.TestLoopDetectionConfig" name="test_config_mutability" time="0.000" /><testcase classname="tests.unit.loop_detection.test_config.TestLoopDetectionConfig" name="test_config_equality" time="0.000" /><testcase classname="tests.unit.core.services.test_dangerous_command_service" name="test_scan_tool_call_detects_dangerous_commands[git worktree remove --force ../wt1-git-worktree-remove-force]" time="0.001" /><testcase classname="tests.unit.core.repositories.test_in_memory_usage_repository.TestInMemoryUsageRepository" name="test_get_stats_no_data" time="0.001" /><testcase classname="tests.unit.core.repositories.test_in_memory_usage_repository.TestInMemoryUsageRepository" name="test_get_stats_with_data" time="0.001" /><testcase classname="tests.unit.loop_detection.test_hasher_comprehensive.TestContentHasher" name="test_hash_performance_with_large_content" time="0.001" /><testcase classname="tests.unit.core.services.test_usage_tracking_service_comprehensive.TestUsageTrackingService" name="test_get_recent_usage_defaults" time="0.002" /><testcase classname="tests.unit.core.services.test_usage_tracking_service_comprehensive.TestUsageTrackingService" name="test_get_recent_usage_with_session_id" time="0.002" /><testcase classname="tests.unit.proxy_logic_tests.test_process_text_for_commands.TestProcessTextForCommands" name="test_set_invalid_model_interactive" time="0.001" /><testcase classname="tests.unit.core.services.test_dangerous_command_service" name="test_scan_tool_call_detects_dangerous_commands[git worktree prune-git-worktree-prune]" time="0.000" /><testcase classname="tests.unit.loop_detection.test_hasher_comprehensive.TestContentHasher" name="test_hash_empty_vs_whitespace_vs_null" time="0.000" /><testcase classname="tests.unit.loop_detection.test_hasher_comprehensive.TestContentHasher" name="test_hash_object_instantiation" time="0.000" /><testcase classname="tests.unit.test_cli_di" name="test_main_log_file" time="0.089" /><testcase classname="tests.unit.loop_detection.test_config.TestLoopDetectionConfig" name="test_config_not_hashable" time="0.000" /><testcase classname="tests.unit.core.app.controllers.test_usage_controller_comprehensive.TestUsageController" name="test_get_recent_usage_defaults" time="0.001" /><testcase classname="tests.unit.core.services.test_dangerous_command_service" name="test_scan_tool_call_detects_dangerous_commands[git submodule deinit -f-git-submodule-deinit-force]" time="0.001" /><testcase classname="tests.unit.core.repositories.test_in_memory_usage_repository.TestInMemoryUsageRepository" name="test_get_stats_filtered_by_project" time="0.001" /><testcase classname="tests.unit.loop_detection.test_config.TestLoopDetectionConfig" name="test_config_string_representation" time="0.001" /><testcase classname="tests.unit.core.services.test_dangerous_command_service" name="test_scan_tool_call_detects_dangerous_commands[git submodule foreach 'git clean -fdx'-git-submodule-foreach-clean-force]" time="0.000" /><testcase classname="tests.unit.loop_detection.test_analyzer_comprehensive.TestPatternAnalyzer" name="test_analyze_chunk_minimal_chunk_size" time="0.001" /><testcase classname="tests.unit.core.services.test_in_memory_rate_limiter.TestInMemoryRateLimiter" name="test_record_usage_multiple" time="0.001" /><testcase classname="tests.unit.core.services.test_in_memory_rate_limiter.TestInMemoryRateLimiter" name="test_record_usage_zero_cost" time="0.001" /><testcase classname="tests.unit.loop_detection.test_config.TestLoopDetectionConfig" name="test_config_repr" time="0.000" /><testcase classname="tests.unit.core.app.controllers.test_usage_controller_comprehensive.TestUsageController" name="test_get_recent_usage_with_session_id" time="0.003" /><testcase classname="tests.unit.core.services.test_dangerous_command_service" name="test_scan_tool_call_detects_dangerous_commands[git switch -f main-git-switch-checkout-force]" time="0.001" /><testcase classname="tests.unit.core.repositories.test_in_memory_usage_repository.TestInMemoryUsageRepository" name="test_get_stats_multiple_models" time="0.001" /><testcase classname="tests.unit.core.services.test_usage_tracking_service_comprehensive.TestUsageTrackingService" name="test_track_usage_repository_error" time="0.003" /><testcase classname="tests.unit.test_cli" name="test_main_log_file" time="0.114" /><testcase classname="tests.unit.loop_detection.test_detector_comprehensive.TestLoopDetector" name="test_process_chunk_whitespace_chunks" time="0.010" /><testcase classname="tests.unit.core.services.test_in_memory_rate_limiter.TestInMemoryRateLimiter" name="test_reset_key" time="0.001" /><testcase classname="tests.unit.connectors.test_gemini_oauth_personal.TestGeminiOAuthPersonalConnector" name="test_initialize_load_failure" time="0.003" /><testcase classname="tests.unit.loop_detection.test_config.TestLoopDetectionConfig" name="test_config_field_access" time="0.000" /><testcase classname="tests.unit.loop_detection.test_detector_comprehensive.TestLoopDetector" name="test_process_chunk_special_characters" time="0.001" /><testcase classname="tests.unit.connectors.test_gemini_oauth_personal.TestGeminiOAuthPersonalConnector" name="test_initialize_refresh_failure" time="0.003" /><testcase classname="tests.unit.core.app.controllers.test_usage_controller_comprehensive.TestUsageController" name="test_get_recent_usage_empty_session_id" time="0.002" /><testcase classname="tests.unit.loop_detection.test_analyzer_comprehensive.TestPatternAnalyzer" name="test_analyze_chunk_maximal_chunk_size" time="0.017" /><testcase classname="tests.unit.core.services.test_usage_tracking_service_comprehensive.TestUsageTrackingService" name="test_get_usage_stats_repository_error" time="0.002" /><testcase classname="tests.unit.core.services.test_usage_tracking_service_comprehensive.TestUsageTrackingService" name="test_get_recent_usage_repository_error" time="0.002" /><testcase classname="tests.unit.core.repositories.test_in_memory_usage_repository.TestInMemoryUsageRepository" name="test_get_stats_aggregated_data" time="0.001" /><testcase classname="tests.unit.core.services.test_in_memory_rate_limiter.TestInMemoryRateLimiter" name="test_reset_nonexistent_key" time="0.001" /><testcase classname="tests.unit.core.services.test_in_memory_rate_limiter.TestInMemoryRateLimiter" name="test_set_limit_custom" time="0.001" /><testcase classname="tests.unit.loop_detection.test_detector_comprehensive.TestLoopDetector" name="test_process_chunk_json_like_content" time="0.002" /><testcase classname="tests.unit.loop_detection.test_detector_comprehensive.TestLoopDetector" name="test_process_chunk_code_like_content" time="0.001" /><testcase classname="tests.unit.connectors.test_gemini_oauth_personal.TestGeminiOAuthPersonalConnector" name="test_resolve_gemini_api_config_no_credentials" time="0.001" /><testcase classname="tests.unit.proxy_logic_tests.test_process_text_for_commands.TestProcessTextForCommands" name="test_set_invalid_model_noninteractive" time="0.001" /><testcase classname="tests.unit.proxy_logic_tests.test_process_text_for_commands.TestProcessTextForCommands" name="test_set_backend" time="0.001" /><testcase classname="tests.unit.loop_detection.test_detector_comprehensive.TestLoopDetector" name="test_process_chunk_mixed_content_types" time="0.001" /><testcase classname="tests.unit.core.services.test_usage_tracking_service_comprehensive.TestUsageTrackingService" name="test_track_request_exception_handling" time="0.002" /><testcase classname="tests.unit.core.services.test_dangerous_command_service" name="test_scan_tool_call_detects_dangerous_commands[git checkout -f main-git-switch-checkout-force]" time="0.001" /><testcase classname="tests.unit.loop_detection.test_config.TestLoopDetectionConfig" name="test_config_with_extreme_values" time="0.000" /><testcase classname="tests.unit.core.repositories.test_in_memory_usage_repository.TestInMemoryUsageRepository" name="test_usage_data_without_session_not_tracked" time="0.001" /><testcase classname="tests.unit.core.repositories.test_in_memory_usage_repository.TestInMemoryUsageRepository" name="test_session_tracking_cleanup_on_delete" time="0.001" /><testcase classname="tests.unit.core.services.test_in_memory_rate_limiter.TestInMemoryRateLimiter" name="test_set_limit_overwrites" time="0.001" /><testcase classname="tests.unit.core.services.test_usage_tracking_service_comprehensive.TestUsageTrackingService" name="test_multiple_concurrent_usage_tracking" time="0.002" /><testcase classname="tests.unit.core.services.test_in_memory_rate_limiter.TestInMemoryRateLimiter" name="test_custom_limits_applied" time="0.001" /><testcase classname="tests.unit.proxy_logic_tests.test_process_text_for_commands.TestProcessTextForCommands" name="test_unset_backend" time="0.001" /><testcase classname="tests.unit.proxy_logic_tests.test_process_text_for_commands.TestProcessTextForCommands" name="test_set_redact_api_keys_flag" time="0.003" /><testcase classname="tests.unit.connectors.test_gemini_oauth_personal.TestGeminiOAuthPersonalConnector" name="test_resolve_gemini_api_config_with_credentials" time="0.002" /><testcase classname="tests.unit.connectors.test_gemini_oauth_personal.TestGeminiOAuthPersonalConnector" name="test_resolve_gemini_api_config_with_api_key_falls_back_to_oauth" time="0.000" /><testcase classname="tests.integration.test_anthropic_frontend_integration.TestAnthropicFrontendIntegration" name="test_anthropic_sdk_client_creation" time="0.015" /><testcase classname="tests.unit.loop_detection.test_config.TestLoopDetectionConfig" name="test_config_edge_case_empty_whitelist" time="0.000" /><testcase classname="tests.unit.core.services.test_usage_tracking_service_comprehensive.TestUsageTrackingService" name="test_track_request_with_complex_messages" time="0.002" /><testcase classname="tests.unit.loop_detection.test_detector_comprehensive.TestLoopDetector" name="test_detector_state_consistency" time="0.000" /><testcase classname="tests.unit.core.app.controllers.test_usage_controller_comprehensive.TestUsageController" name="test_get_recent_usage_large_limit" time="0.006" /><testcase classname="tests.unit.core.app.controllers.test_usage_controller_comprehensive.TestUsageController" name="test_get_recent_usage_zero_limit" time="0.004" /><testcase classname="tests.unit.core.services.test_dangerous_command_service" name="test_scan_tool_call_detects_dangerous_commands[git checkout --orphan new-branch-git-checkout-orphan]" time="0.001" /><testcase classname="tests.unit.core.services.test_dangerous_command_service" name="test_scan_tool_call_detects_dangerous_commands[git filter-repo --path README.md --invert-paths-git-filter-repo]" time="0.001" /><testcase classname="tests.unit.core.repositories.test_in_memory_usage_repository.TestInMemoryUsageRepository" name="test_get_all_returns_copy" time="0.001" /><testcase classname="tests.unit.core.services.test_in_memory_rate_limiter.TestInMemoryRateLimiter" name="test_time_window_expiration" time="0.001" /><testcase classname="tests.unit.loop_detection.test_detector_comprehensive.TestLoopDetector" name="test_detector_multiple_instances_isolation" time="0.001" /><testcase classname="tests.unit.core.services.test_dangerous_command_service" name="test_scan_tool_call_detects_dangerous_commands[git replace abcdef ghijkl-git-replace]" time="0.001" /><testcase classname="tests.unit.core.repositories.test_in_memory_usage_repository.TestInMemoryUsageRepository" name="test_empty_repository_operations" time="0.001" /><testcase classname="tests.unit.core.services.test_usage_tracking_service_comprehensive.TestUsageTrackingService" name="test_track_usage_large_values" time="0.003" /><testcase classname="tests.unit.core.services.test_dangerous_command_service" name="test_scan_tool_call_detects_dangerous_commands[git rm -r --force src/-git-rm-force]" time="0.001" /><testcase classname="tests.unit.core.app.controllers.test_usage_controller_comprehensive.TestUsageController" name="test_service_error_handling_stats" time="0.003" /><testcase classname="tests.unit.loop_detection.test_detector_comprehensive.TestLoopDetector" name="test_process_chunk_performance_with_large_content" time="0.009" /><testcase classname="tests.unit.core.services.test_in_memory_rate_limiter.TestInMemoryRateLimiter" name="test_reset_at_calculation" time="0.001" /><testcase classname="tests.unit.core.services.test_dangerous_command_service" name="test_scan_tool_call_ignores_safe_commands" time="0.000" /><testcase classname="tests.unit.loop_detection.test_detector_comprehensive.TestLoopDetector" name="test_process_chunk_edge_case_empty_after_content" time="0.000" /><testcase classname="tests.unit.core.services.test_usage_tracking_service_comprehensive.TestUsageTrackingService" name="test_track_usage_zero_values" time="0.005" /><testcase classname="tests.unit.connectors.test_gemini_oauth_personal.TestGeminiOAuthPersonalConnector" name="test_perform_health_check_success" time="0.007" /><testcase classname="tests.unit.core.services.test_in_memory_rate_limiter.TestInMemoryRateLimiter" name="test_multiple_keys_isolation" time="0.002" /><testcase classname="tests.unit.core.services.test_dangerous_command_service" name="test_scan_tool_call_ignores_commands_with_safe_tool_names" time="0.000" /><testcase classname="tests.unit.core.services.test_dangerous_command_service" name="test_scan_tool_call_extracts_command_from_json_arguments" time="0.000" /><testcase classname="tests.unit.loop_detection.test_detector_comprehensive.TestLoopDetector" name="test_process_chunk_edge_case_none_after_content" time="0.000" /><testcase classname="tests.unit.test_cli" name="test_build_app_uses_env" time="0.071" /><testcase classname="tests.unit.connectors.test_gemini_oauth_personal.TestGeminiOAuthPersonalConnector" name="test_perform_health_check_no_models" time="0.005" /><testcase classname="tests.unit.core.services.test_usage_tracking_service_comprehensive.TestUsageTrackingService" name="test_track_usage_negative_values" time="0.003" /><testcase classname="tests.unit.core.services.test_dangerous_command_service" name="test_clean_with_dry_run_is_ignored" time="0.000" /><testcase classname="tests.unit.core.services.test_in_memory_rate_limiter.TestInMemoryRateLimiter" name="test_concurrent_access" time="0.002" /><testcase classname="tests.unit.loop_detection.test_detector_comprehensive.TestLoopDetector" name="test_get_stats_comprehensive" time="0.000" /><testcase classname="tests.unit.core.services.test_dangerous_command_service" name="test_git_rm_cached_force_is_ignored" time="0.001" /><testcase classname="tests.unit.loop_detection.test_detector_comprehensive.TestLoopDetector" name="test_detector_with_minimal_config" time="0.002" /><testcase classname="tests.unit.core.services.test_dangerous_command_service" name="test_extracts_command_from_cmd_field" time="0.000" /><testcase classname="tests.unit.core.services.test_in_memory_rate_limiter.TestInMemoryRateLimiter" name="test_edge_case_zero_limits" time="0.001" /><testcase classname="tests.unit.core.services.test_usage_tracking_service_comprehensive.TestUsageTrackingService" name="test_track_request_empty_messages" time="0.002" /><testcase classname="tests.unit.core.services.test_dangerous_command_service" name="test_extracts_command_from_nested_input" time="0.000" /><testcase classname="tests.unit.core.app.controllers.test_usage_controller_comprehensive.TestUsageController" name="test_service_error_handling_recent" time="0.002" /><testcase classname="tests.unit.connectors.test_gemini_oauth_personal.TestGeminiOAuthPersonalConnector" name="test_perform_health_check_authentication_error" time="0.006" /><testcase classname="tests.unit.core.services.test_dangerous_command_service" name="test_extracts_command_from_args_array" time="0.000" /><testcase classname="tests.unit.core.services.test_in_memory_rate_limiter.TestInMemoryRateLimiter" name="test_edge_case_large_cost" time="0.001" /><testcase classname="tests.unit.core.services.test_dangerous_command_service" name="test_detects_git_in_mixed_command_string" time="0.000" /><testcase classname="tests.unit.core.services.test_usage_tracking_service_comprehensive.TestUsageTrackingService" name="test_get_usage_stats_edge_cases" time="0.002" /><testcase classname="tests.unit.core.services.test_dangerous_command_service" name="test_whitespace_and_quotes_variants[  git   push   --mirror  -git-push-mirror]" time="0.000" /><testcase classname="tests.unit.test_cli_di" name="test_build_app_uses_interactive_env" time="0.116" /><testcase classname="tests.unit.core.app.controllers.test_usage_controller_comprehensive.TestUsageController" name="test_multiple_calls_with_service" time="0.003" /><testcase classname="tests.unit.core.services.test_dangerous_command_service" name="test_whitespace_and_quotes_variants[git\tpush --mirror-git-push-mirror]" time="0.001" /><testcase classname="tests.unit.core.services.test_dangerous_command_service" name="test_whitespace_and_quotes_variants[git\n push --mirror-git-push-mirror]" time="0.001" /><testcase classname="tests.unit.core.app.controllers.test_usage_controller_comprehensive.TestUsageController" name="test_multiple_calls_without_service" time="0.001" /><testcase classname="tests.unit.core.services.test_usage_tracking_service_comprehensive.TestUsageTrackingService" name="test_get_recent_usage_edge_cases" time="0.002" /><testcase classname="tests.unit.connectors.test_gemini_oauth_personal.TestGeminiOAuthPersonalConnector" name="test_perform_health_check_backend_error" time="0.006" /><testcase classname="tests.unit.test_cli_di" name="test_default_command_prefix_from_env" time="0.004" /><testcase classname="tests.unit.core.app.controllers.test_usage_controller_comprehensive.TestUsageController" name="test_get_usage_stats_unicode_project" time="0.002" /><testcase classname="tests.unit.core.services.test_usage_tracking_service_comprehensive.TestUsageTrackingService" name="test_track_usage_special_model_names" time="0.003" /><testcase classname="tests.unit.test_cli_di" name="test_invalid_command_prefix_cli[!]" time="0.007" /><testcase classname="tests.unit.core.app.controllers.test_usage_controller_comprehensive.TestUsageController" name="test_get_recent_usage_unicode_session_id" time="0.003" /><testcase classname="tests.unit.core.services.test_usage_tracking_service_comprehensive.TestUsageTrackingService" name="test_track_usage_unicode_metadata" time="0.002" /><testcase classname="tests.unit.connectors.test_gemini_oauth_personal.TestGeminiOAuthPersonalConnector" name="test_perform_health_check_unexpected_error" time="0.006" /><testcase classname="tests.unit.test_cli_di" name="test_invalid_command_prefix_cli[!!]" time="0.008" /><testcase classname="tests.unit.test_cli_di" name="test_invalid_command_prefix_cli[prefix with space]" time="0.003" /><testcase classname="tests.unit.core.app.controllers.test_usage_controller_comprehensive.TestUsageController" name="test_get_usage_stats_special_characters" time="0.008" /><testcase classname="tests.unit.test_cli_di" name="test_invalid_command_prefix_cli[12345678901]" time="0.003" /><testcase classname="tests.unit.test_cli_di" name="test_check_privileges_root" time="0.001" /><testcase classname="tests.unit.test_cli_di" name="test_check_privileges_non_root" time="0.000" /><testcase classname="tests.unit.test_cli" name="test_build_app_uses_interactive_env" time="0.078" /><testcase classname="tests.unit.connectors.test_gemini_oauth_personal.TestGeminiOAuthPersonalConnector" name="test_ensure_healthy_first_time" time="0.002" /><testcase classname="tests.unit.test_cli_di" name="test_check_privileges_admin_windows" time="0.001" /><testcase classname="tests.unit.test_cli_di" name="test_check_privileges_non_admin_windows" time="0.001" /><testcase classname="tests.unit.core.app.controllers.test_usage_controller_comprehensive.TestUsageController" name="test_get_recent_usage_special_characters" time="0.002" /><testcase classname="tests.unit.test_cli" name="test_default_command_prefix_from_env" time="0.002" /><testcase classname="tests.unit.test_cli" name="test_invalid_command_prefix_cli[!]" time="0.003" /><testcase classname="tests.integration.test_anthropic_frontend_integration.TestAnthropicFrontendIntegration" name="test_async_anthropic_sdk_client_creation" time="0.029" /><testcase classname="tests.unit.test_cli_di" name="test_parse_cli_args_basic" time="0.002" /><testcase classname="tests.unit.test_cli_di" name="test_parse_cli_args_disable_auth" time="0.002" /><testcase classname="tests.unit.core.app.controllers.test_usage_controller_comprehensive.TestUsageController" name="test_get_usage_stats_negative_days" time="0.001" /><testcase classname="tests.unit.connectors.test_gemini_oauth_personal.TestGeminiOAuthPersonalConnector" name="test_ensure_healthy_subsequent_calls" time="0.005" /><testcase classname="tests.unit.test_cli" name="test_invalid_command_prefix_cli[!!]" time="0.004" /><testcase classname="tests.unit.connectors.test_gemini_oauth_personal.TestGeminiOAuthPersonalConnector" name="test_ensure_healthy_token_refresh_failure" time="0.003" /><testcase classname="tests.unit.core.app.controllers.test_usage_controller_comprehensive.TestUsageController" name="test_get_recent_usage_negative_limit" time="0.002" /><testcase classname="tests.unit.test_cli_di" name="test_apply_cli_args_basic" time="0.005" /><testcase classname="tests.unit.test_cli" name="test_invalid_command_prefix_cli[prefix with space]" time="0.003" /><testcase classname="tests.unit.test_cli_di" name="test_apply_cli_args_disable_auth_forces_localhost" time="0.004" /><testcase classname="tests.unit.core.app.controllers.test_usage_controller_comprehensive.TestUsageController" name="test_get_usage_stats_zero_days" time="0.002" /><testcase classname="tests.unit.core.app.controllers.test_usage_controller_comprehensive.TestUsageController" name="test_controller_service_assignment" time="0.003" /><testcase classname="tests.unit.test_cli_di" name="test_apply_cli_args_disable_auth_with_localhost_no_warning" time="0.006" /><testcase classname="tests.unit.test_cli" name="test_invalid_command_prefix_cli[12345678901]" time="0.005" /><testcase classname="tests.unit.test_cli" name="test_check_privileges_root" time="0.000" /><testcase classname="tests.unit.test_cli" name="test_check_privileges_non_root" time="0.001" /><testcase classname="tests.unit.test_cli" name="test_check_privileges_admin_windows" time="0.003" /><testcase classname="tests.unit.test_cli" name="test_check_privileges_non_admin_windows" time="0.008" /><testcase classname="tests.unit.test_cli" name="test_parse_cli_args_basic" time="0.002" /><testcase classname="tests.unit.test_cli" name="test_parse_cli_args_disable_auth" time="0.002" /><testcase classname="tests.unit.test_cli" name="test_apply_cli_args_basic" time="0.004" /><testcase classname="tests.unit.test_cli" name="test_apply_cli_args_disable_auth_forces_localhost" time="0.005" /><testcase classname="tests.unit.test_cli" name="test_apply_cli_args_disable_auth_with_localhost_no_warning" time="0.006" /><testcase classname="tests.unit.test_cli_di" name="test_main_disable_auth_forces_localhost" time="0.085" /><testcase classname="tests.integration.test_anthropic_frontend_integration.TestAnthropicFrontendIntegration" name="test_models_endpoint_via_http" time="0.031" /><testcase classname="tests.unit.test_cli" name="test_main_disable_auth_forces_localhost" time="0.069" /><testcase classname="tests.unit.loop_detection.test_buffer_comprehensive.TestResponseBuffer" name="test_empty_and_whitespace_chunks" time="0.000" /><testcase classname="tests.unit.commands.test_unit_loop_detection_handlers" name="test_loop_detection_handler_enable" time="0.000" /><testcase classname="tests.unit.commands.test_unit_loop_detection_handlers" name="test_loop_detection_handler_disable" time="0.000" /><testcase classname="tests.unit.commands.test_unit_loop_detection_handlers" name="test_loop_detection_handler_no_value" time="0.000" /><testcase classname="tests.unit.commands.test_unit_loop_detection_handlers" name="test_loop_detection_handler_invalid_value" time="0.000" /><testcase classname="tests.unit.test_cli_di" name="test_main_disable_auth_with_localhost_no_force" time="0.085" /><testcase classname="tests.unit.commands.test_unit_loop_detection_handlers" name="test_tool_loop_detection_handler_enable" time="0.000" /><testcase classname="tests.unit.commands.test_unit_loop_detection_handlers" name="test_tool_loop_detection_handler_disable" time="0.000" /><testcase classname="tests.unit.commands.test_unit_loop_detection_handlers" name="test_tool_loop_detection_handler_no_value" time="0.000" /><testcase classname="tests.unit.commands.test_unit_loop_detection_handlers" name="test_tool_loop_detection_handler_invalid_value" time="0.001" /><testcase classname="tests.unit.commands.test_unit_loop_detection_handlers" name="test_tool_loop_max_repeats_handler_success" time="0.000" /><testcase classname="tests.unit.commands.test_unit_loop_detection_handlers" name="test_tool_loop_max_repeats_handler_no_value" time="0.000" /><testcase classname="tests.unit.commands.test_unit_loop_detection_handlers" name="test_tool_loop_max_repeats_handler_invalid_value" time="0.000" /><testcase classname="tests.unit.commands.test_unit_loop_detection_handlers" name="test_tool_loop_max_repeats_handler_too_low" time="0.000" /><testcase classname="tests.unit.commands.test_unit_loop_detection_handlers" name="test_tool_loop_ttl_handler_success" time="0.001" /><testcase classname="tests.unit.commands.test_unit_loop_detection_handlers" name="test_tool_loop_ttl_handler_no_value" time="0.000" /><testcase classname="tests.unit.test_cli" name="test_main_disable_auth_with_localhost_no_force" time="0.064" /><testcase classname="tests.unit.commands.test_unit_loop_detection_handlers" name="test_tool_loop_ttl_handler_invalid_value" time="0.000" /><testcase classname="tests.unit.commands.test_unit_loop_detection_handlers" name="test_tool_loop_ttl_handler_too_low" time="0.000" /><testcase classname="tests.unit.commands.test_unit_loop_detection_handlers" name="test_tool_loop_mode_handler_success_break" time="0.001" /><testcase classname="tests.unit.commands.test_unit_loop_detection_handlers" name="test_tool_loop_mode_handler_success_chance_then_break" time="0.002" /><testcase classname="tests.unit.commands.test_unit_loop_detection_handlers" name="test_tool_loop_mode_handler_no_value" time="0.000" /><testcase classname="tests.unit.test_response_parser_service.TestResponseParser" name="test_extract_content_json_string_from_list" time="0.000" /><testcase classname="tests.integration.test_anthropic_frontend_integration.TestAnthropicFrontendIntegration" name="test_messages_endpoint_validation_via_http" time="0.045" /><testcase classname="tests.unit.core.repositories.test_in_memory_session_repository.TestInMemorySessionRepository" name="test_initialization" time="0.000" /><testcase classname="tests.unit.core.repositories.test_in_memory_session_repository.TestInMemorySessionRepository" name="test_get_by_id_empty_repository" time="0.001" /><testcase classname="tests.unit.core.repositories.test_in_memory_session_repository.TestInMemorySessionRepository" name="test_get_all_empty_repository" time="0.001" /><testcase classname="tests.unit.core.repositories.test_in_memory_session_repository.TestInMemorySessionRepository" name="test_add_session" time="0.001" /><testcase classname="tests.unit.core.repositories.test_in_memory_session_repository.TestInMemorySessionRepository" name="test_add_session_without_user_id" time="0.001" /><testcase classname="tests.unit.core.repositories.test_in_memory_session_repository.TestInMemorySessionRepository" name="test_get_by_id_existing_session" time="0.000" /><testcase classname="tests.unit.core.repositories.test_in_memory_session_repository.TestInMemorySessionRepository" name="test_get_all_with_sessions" time="0.001" /><testcase classname="tests.unit.core.repositories.test_in_memory_session_repository.TestInMemorySessionRepository" name="test_update_existing_session" time="0.000" /><testcase classname="tests.unit.core.repositories.test_in_memory_session_repository.TestInMemorySessionRepository" name="test_update_nonexistent_session" time="0.000" /><testcase classname="tests.unit.core.repositories.test_in_memory_session_repository.TestInMemorySessionRepository" name="test_delete_existing_session" time="0.001" /><testcase classname="tests.unit.core.repositories.test_in_memory_session_repository.TestInMemorySessionRepository" name="test_delete_nonexistent_session" time="0.001" /><testcase classname="tests.unit.core.repositories.test_in_memory_session_repository.TestInMemorySessionRepository" name="test_get_by_user_id_existing_user" time="0.001" /><testcase classname="tests.unit.core.repositories.test_in_memory_session_repository.TestInMemorySessionRepository" name="test_get_by_user_id_nonexistent_user" time="0.001" /><testcase classname="tests.unit.core.repositories.test_in_memory_session_repository.TestInMemorySessionRepository" name="test_cleanup_expired_sessions" time="0.001" /><testcase classname="tests.unit.core.repositories.test_in_memory_session_repository.TestInMemorySessionRepository" name="test_cleanup_no_expired_sessions" time="0.000" /><testcase classname="tests.unit.core.repositories.test_in_memory_session_repository.TestInMemorySessionRepository" name="test_multiple_sessions_same_user" time="0.001" /><testcase classname="tests.unit.core.repositories.test_in_memory_session_repository.TestInMemorySessionRepository" name="test_session_without_user_id_not_tracked" time="0.001" /><testcase classname="tests.unit.core.repositories.test_in_memory_session_repository.TestInMemorySessionRepository" name="test_user_tracking_cleanup_on_delete" time="0.000" /><testcase classname="tests.unit.core.repositories.test_in_memory_session_repository.TestInMemorySessionRepository" name="test_get_all_returns_copy" time="0.000" /><testcase classname="tests.integration.test_anthropic_frontend_integration.TestAnthropicFrontendIntegration" name="test_messages_endpoint_with_system_message" time="0.038" /><testcase classname="tests.unit.loop_detection.test_hasher_comprehensive.TestContentHasher" name="test_hash_reproducibility_across_instances" time="0.000" /><testcase classname="tests.unit.loop_detection.test_analyzer_comprehensive.TestPatternAnalyzer" name="test_analyze_chunk_state_preservation" time="0.000" /><testcase classname="tests.unit.proxy_logic_tests.test_process_commands_in_messages.TestProcessCommandsInMessages" name="test_string_content_with_set_command" time="0.001" /><testcase classname="tests.unit.anthropic_frontend_tests.test_anthropic_router.TestAnthropicRouter" name="test_router_prefix" time="0.000" /><testcase classname="tests.unit.proxy_logic_tests.test_process_commands_in_messages.TestProcessCommandsInMessages" name="test_multimodal_content_with_command" time="0.001" /><testcase classname="tests.unit.proxy_logic_tests.test_process_commands_in_messages.TestProcessCommandsInMessages" name="test_command_strips_text_part_empty_in_multimodal" time="0.001" /><testcase classname="tests.unit.proxy_logic_tests.test_process_commands_in_messages.TestProcessCommandsInMessages" name="test_command_strips_message_to_empty_multimodal" time="0.001" /><testcase classname="tests.unit.proxy_logic_tests.test_process_commands_in_messages.TestProcessCommandsInMessages" name="test_command_in_earlier_message_not_processed_if_later_has_command" time="0.001" /><testcase classname="tests.unit.anthropic_frontend_tests.test_anthropic_router.TestAnthropicRouter" name="test_health_endpoint" time="0.021" /><testcase classname="tests.unit.proxy_logic_tests.test_process_commands_in_messages.TestProcessCommandsInMessages" name="test_command_in_earlier_message_processed_if_later_has_no_command" time="0.001" /><testcase classname="tests.unit.proxy_logic_tests.test_process_commands_in_messages.TestProcessCommandsInMessages" name="test_no_commands_in_any_message" time="0.001" /><testcase classname="tests.unit.anthropic_frontend_tests.test_anthropic_router.TestAnthropicRouter" name="test_info_endpoint" time="0.006" /><testcase classname="tests.unit.proxy_logic_tests.test_process_commands_in_messages.TestProcessCommandsInMessages" name="test_process_empty_messages_list" time="0.000" /><testcase classname="tests.unit.loop_detection.test_config.TestLoopDetectionConfig" name="test_config_edge_case_none_whitelist" time="0.000" /><testcase classname="tests.unit.proxy_logic_tests.test_process_commands_in_messages.TestProcessCommandsInMessages" name="test_message_with_only_command_string_content" time="0.001" /><testcase classname="tests.unit.core.domain.configuration.test_backend_config.TestBackendConfiguration" name="test_default_initialization" time="0.000" /><testcase classname="tests.unit.core.domain.configuration.test_backend_config.TestBackendConfiguration" name="test_initialization_with_values" time="0.000" /><testcase classname="tests.unit.proxy_logic_tests.test_process_commands_in_messages.TestProcessCommandsInMessages" name="test_multimodal_text_part_preserved_if_empty_but_no_command_found" time="0.001" /><testcase classname="tests.unit.core.domain.configuration.test_backend_config.TestBackendConfiguration" name="test_openai_url_validation" time="0.000" /><testcase classname="tests.unit.core.domain.configuration.test_backend_config.TestBackendConfiguration" name="test_with_backend_method" time="0.001" /><testcase classname="tests.unit.anthropic_frontend_tests.test_anthropic_router.TestAnthropicRouter" name="test_models_endpoint" time="0.017" /><testcase classname="tests.unit.core.domain.configuration.test_backend_config.TestBackendConfiguration" name="test_with_model_method" time="0.001" /><testcase classname="tests.unit.core.domain.configuration.test_backend_config.TestBackendConfiguration" name="test_with_api_url_method" time="0.000" /><testcase classname="tests.unit.core.domain.configuration.test_backend_config.TestBackendConfiguration" name="test_with_openai_url_method" time="0.000" /><testcase classname="tests.unit.proxy_logic_tests.test_process_commands_in_messages.TestProcessCommandsInMessages" name="test_unknown_command_in_last_message" time="0.001" /><testcase classname="tests.unit.core.domain.configuration.test_backend_config.TestBackendConfiguration" name="test_with_interactive_mode_method" time="0.000" /><testcase classname="tests.unit.proxy_logic_tests.test_process_text_for_commands.TestProcessTextForCommands" name="test_unset_redact_api_keys_flag" time="0.003" /><testcase classname="tests.unit.anthropic_frontend_tests.test_anthropic_router.TestAnthropicRouter" name="test_anthropic_models_function" time="0.001" /><testcase classname="tests.unit.core.repositories.test_persistent_session_repository.TestPersistentSessionRepository" name="test_initialization" time="0.000" /><testcase classname="tests.unit.proxy_logic_tests.test_process_commands_in_messages.TestProcessCommandsInMessages" name="test_multiline_command_detection" time="0.002" /><testcase classname="tests.unit.core.repositories.test_persistent_session_repository.TestPersistentSessionRepository" name="test_initialization_with_storage_path" time="0.000" /><testcase classname="tests.unit.core.domain.configuration.test_backend_config.TestBackendConfiguration" name="test_with_backend_and_model_method" time="0.000" /><testcase classname="tests.unit.core.domain.configuration.test_backend_config.TestBackendConfiguration" name="test_with_backend_and_model_invalid_override" time="0.000" /><testcase classname="tests.unit.core.domain.configuration.test_backend_config.TestBackendConfiguration" name="test_with_oneoff_route_method" time="0.000" /><testcase classname="tests.unit.core.repositories.test_persistent_session_repository.TestPersistentSessionRepository" name="test_get_by_id_delegates_to_memory_repo" time="0.001" /><testcase classname="tests.unit.core.domain.configuration.test_backend_config.TestBackendConfiguration" name="test_without_oneoff_route_method" time="0.000" /><testcase classname="tests.unit.proxy_logic_tests.test_process_commands_in_messages.TestProcessCommandsInMessages" name="test_set_project_in_messages" time="0.001" /><testcase classname="tests.unit.core.domain.configuration.test_backend_config.TestBackendConfiguration" name="test_without_override_method" time="0.000" /><testcase classname="tests.unit.core.domain.configuration.test_backend_config.TestBackendConfiguration" name="test_failover_route_management" time="0.000" /><testcase classname="tests.unit.core.domain.configuration.test_backend_config.TestBackendConfiguration" name="test_get_route_elements_method" time="0.000" /><testcase classname="tests.unit.core.repositories.test_persistent_session_repository.TestPersistentSessionRepository" name="test_get_by_id_nonexistent" time="0.001" /><testcase classname="tests.unit.anthropic_frontend_tests.test_anthropic_router.TestAnthropicRouter" name="test_messages_endpoint_not_implemented" time="0.017" /><testcase classname="tests.unit.core.repositories.test_persistent_session_repository.TestPersistentSessionRepository" name="test_get_all_delegates_to_memory_repo" time="0.002" /><testcase classname="tests.unit.proxy_logic_tests.test_process_commands_in_messages.TestProcessCommandsInMessages" name="test_unset_model_and_project_in_message" time="0.001" /><testcase classname="tests.unit.proxy_logic_tests.test_process_commands_in_messages.TestProcessCommandsInMessages" name="test_set_command_prefix_variants[$/]" time="0.001" /><testcase classname="tests.unit.core.repositories.test_in_memory_usage_repository.TestInMemoryUsageRepository" name="test_usage_data_with_none_cost" time="0.001" /><testcase classname="tests.unit.proxy_logic_tests.test_process_commands_in_messages.TestProcessCommandsInMessages" name="test_set_command_prefix_variants['$/']" time="0.001" /><testcase classname="tests.unit.core.domain.configuration.test_backend_config.TestBackendConfiguration" name="test_get_routes_method" time="0.000" /><testcase classname="tests.unit.anthropic_frontend_tests.test_anthropic_router.TestAnthropicRouter" name="test_anthropic_messages_function_validation" time="0.002" /><testcase classname="tests.unit.core.domain.configuration.test_backend_config.TestBackendConfiguration" name="test_model_dump_with_properties" time="0.000" /><testcase classname="tests.unit.test_empty_response_middleware.TestEmptyResponseMiddleware" name="test_init_default_values" time="0.000" /><testcase classname="tests.unit.proxy_logic_tests.test_process_commands_in_messages.TestProcessCommandsInMessages" name="test_set_command_prefix_variants[&quot;$/&quot;]" time="0.001" /><testcase classname="tests.unit.core.domain.configuration.test_backend_config.TestBackendConfiguration" name="test_immutability" time="0.000" /><testcase classname="tests.unit.test_empty_response_middleware.TestEmptyResponseMiddleware" name="test_init_custom_values" time="0.000" /><testcase classname="tests.unit.core.repositories.test_persistent_session_repository.TestPersistentSessionRepository" name="test_add_delegates_to_memory_repo" time="0.001" /><testcase classname="tests.unit.test_empty_response_middleware.TestEmptyResponseMiddleware" name="test_load_recovery_prompt_from_file" time="0.002" /><testcase classname="tests.unit.proxy_logic_tests.test_process_commands_in_messages.TestProcessCommandsInMessages" name="test_unset_command_prefix" time="0.001" /><testcase classname="tests.unit.test_empty_response_middleware.TestEmptyResponseMiddleware" name="test_load_recovery_prompt_fallback" time="0.001" /><testcase classname="tests.unit.test_empty_response_middleware.TestEmptyResponseMiddleware" name="test_is_empty_response_with_content" time="0.000" /><testcase classname="tests.unit.proxy_logic_tests.test_process_commands_in_messages.TestProcessCommandsInMessages" name="test_command_with_agent_environment_details" time="0.001" /><testcase classname="tests.unit.test_empty_response_middleware.TestEmptyResponseMiddleware" name="test_is_empty_response_empty_content" time="0.001" /><testcase classname="tests.unit.test_empty_response_middleware.TestEmptyResponseMiddleware" name="test_is_empty_response_whitespace_only" time="0.001" /><testcase classname="tests.unit.test_empty_response_middleware.TestEmptyResponseMiddleware" name="test_is_empty_response_with_tool_calls_in_metadata" time="0.000" /><testcase classname="tests.unit.test_empty_response_middleware.TestEmptyResponseMiddleware" name="test_is_empty_response_with_tool_calls_in_context" time="0.000" /><testcase classname="tests.unit.test_empty_response_middleware.TestEmptyResponseMiddleware" name="test_is_empty_response_with_original_response_tool_calls" time="0.001" /><testcase classname="tests.unit.test_empty_response_middleware.TestEmptyResponseMiddleware" name="test_is_empty_response_with_original_response_dict_tool_calls" time="0.000" /><testcase classname="tests.unit.test_empty_response_middleware.TestEmptyResponseMiddleware" name="test_process_disabled_middleware" time="0.001" /><testcase classname="tests.unit.core.repositories.test_persistent_session_repository.TestPersistentSessionRepository" name="test_update_delegates_to_memory_repo" time="0.001" /><testcase classname="tests.unit.test_empty_response_middleware.TestEmptyResponseMiddleware" name="test_process_non_empty_response" time="0.001" /><testcase classname="tests.unit.test_empty_response_middleware.TestEmptyResponseMiddleware" name="test_process_empty_response_first_retry" time="0.002" /><testcase classname="tests.integration.test_anthropic_frontend_integration.TestAnthropicFrontendIntegration" name="test_messages_endpoint_streaming_request" time="0.038" /><testcase classname="tests.unit.core.repositories.test_persistent_session_repository.TestPersistentSessionRepository" name="test_delete_delegates_to_memory_repo" time="0.001" /><testcase classname="tests.unit.test_empty_response_middleware.TestEmptyResponseMiddleware" name="test_process_empty_response_max_retries_exceeded" time="0.001" /><testcase classname="tests.unit.anthropic_frontend_tests.test_anthropic_router.TestAnthropicRouter" name="test_messages_endpoint_validation_errors" time="0.035" /><testcase classname="tests.unit.test_empty_response_middleware.TestEmptyResponseMiddleware" name="test_process_successful_after_retry" time="0.000" /><testcase classname="tests.unit.test_empty_response_middleware.TestEmptyResponseMiddleware" name="test_reset_session" time="0.000" /><testcase classname="tests.unit.loop_detection.test_detector_comprehensive.TestLoopDetector" name="test_detector_with_maximal_config" time="0.001" /><testcase classname="tests.unit.core.repositories.test_persistent_session_repository.TestPersistentSessionRepository" name="test_get_by_user_id_delegates_to_memory_repo" time="0.001" /><testcase classname="tests.unit.test_qwen_oauth_authentication.TestQwenOAuthAuthentication" name="test_token_refresh_exact_expiry" time="0.002" /><testcase classname="tests.unit.anthropic_frontend_tests.test_anthropic_router.TestAnthropicRouter" name="test_messages_endpoint_optional_parameters" time="0.005" /><testcase classname="tests.unit.core.services.test_in_memory_rate_limiter.TestInMemoryRateLimiter" name="test_get_limits_helper" time="0.001" /><testcase classname="tests.unit.core.domain.configuration.test_reasoning_config.TestReasoningConfiguration" name="test_default_initialization" time="0.000" /><testcase classname="tests.unit.core.domain.configuration.test_reasoning_config.TestReasoningConfiguration" name="test_custom_initialization" time="0.000" /><testcase classname="tests.unit.test_qwen_oauth_authentication.TestQwenOAuthAuthentication" name="test_token_refresh_before_expiry" time="0.001" /><testcase classname="tests.unit.core.domain.configuration.test_reasoning_config.TestReasoningConfiguration" name="test_initialization_with_values" time="0.000" /><testcase classname="tests.unit.core.domain.configuration.test_reasoning_config.TestReasoningConfiguration" name="test_thinking_budget_validation" time="0.000" /><testcase classname="tests.unit.core.domain.configuration.test_reasoning_config.TestReasoningConfiguration" name="test_temperature_validation" time="0.000" /><testcase classname="tests.unit.test_qwen_oauth_authentication.TestQwenOAuthAuthentication" name="test_token_refresh_flow_success" time="0.005" /><testcase classname="tests.unit.core.domain.configuration.test_reasoning_config.TestReasoningConfiguration" name="test_with_reasoning_effort_method" time="0.001" /><testcase classname="tests.unit.core.repositories.test_persistent_session_repository.TestPersistentSessionRepository" name="test_cleanup_expired_delegates_to_memory_repo" time="0.009" /><testcase classname="tests.unit.test_qwen_oauth_authentication.TestQwenOAuthAuthentication" name="test_token_refresh_no_refresh_token" time="0.001" /><testcase classname="tests.unit.core.domain.configuration.test_reasoning_config.TestReasoningConfiguration" name="test_with_thinking_budget_method" time="0.001" /><testcase classname="tests.unit.core.domain.configuration.test_reasoning_config.TestReasoningConfiguration" name="test_with_temperature_method" time="0.000" /><testcase classname="tests.unit.core.domain.configuration.test_reasoning_config.TestReasoningConfiguration" name="test_with_reasoning_config_method" time="0.001" /><testcase classname="tests.unit.anthropic_frontend_tests.test_anthropic_router.TestAnthropicRouter" name="test_messages_endpoint_streaming_request" time="0.015" /><testcase classname="tests.unit.core.domain.configuration.test_reasoning_config.TestReasoningConfiguration" name="test_with_gemini_generation_config_method" time="0.000" /><testcase classname="tests.unit.core.repositories.test_persistent_session_repository.TestPersistentSessionRepository" name="test_persistent_repo_caches_in_memory" time="0.000" /><testcase classname="tests.unit.core.services.test_dangerous_command_service" name="test_whitespace_and_quotes_variants['git reset --hard'-git-reset-hard]" time="0.000" /><testcase classname="tests.unit.core.domain.configuration.test_reasoning_config.TestReasoningConfiguration" name="test_immutability" time="0.000" /><testcase classname="tests.unit.core.domain.configuration.test_reasoning_config.TestReasoningConfiguration" name="test_comprehensive_configuration" time="0.001" /><testcase classname="tests.unit.core.services.test_tool_call_reactor_middleware.TestToolCallReactorMiddleware" name="test_middleware_properties" time="0.001" /><testcase classname="tests.unit.core.domain.configuration.test_reasoning_config.TestReasoningConfiguration" name="test_edge_case_validations" time="0.000" /><testcase classname="tests.unit.core.domain.configuration.test_reasoning_config.TestReasoningConfiguration" name="test_string_reasoning_effort_values" time="0.000" /><testcase classname="tests.unit.core.domain.configuration.test_reasoning_config.TestReasoningConfiguration" name="test_temperature_precision" time="0.000" /><testcase classname="tests.unit.core.repositories.test_persistent_session_repository.TestPersistentSessionRepository" name="test_multiple_operations_work_consistently" time="0.004" /><testcase classname="tests.unit.core.services.test_tool_call_reactor_middleware.TestToolCallReactorMiddleware" name="test_process_no_content" time="0.001" /><testcase classname="tests.unit.test_qwen_oauth_authentication.TestQwenOAuthAuthentication" name="test_token_refresh_http_error" time="0.005" /><testcase classname="tests.unit.core.domain.configuration.test_reasoning_config.TestReasoningConfiguration" name="test_complex_config_dictionaries" time="0.000" /><testcase classname="tests.unit.core.services.test_tool_call_reactor_middleware.TestToolCallReactorMiddleware" name="test_process_disabled_middleware" time="0.001" /><testcase classname="tests.unit.core.services.test_tool_call_reactor_middleware.TestToolCallReactorMiddleware" name="test_process_no_tool_calls" time="0.001" /><testcase classname="tests.unit.core.services.test_usage_tracking_service_comprehensive.TestUsageTrackingService" name="test_service_with_none_repository" time="0.000" /><testcase classname="tests.unit.core.repositories.test_persistent_session_repository.TestPersistentSessionRepository" name="test_empty_repository_operations" time="0.001" /><testcase classname="tests.unit.anthropic_frontend_tests.test_anthropic_converters.TestAnthropicConverters" name="test_anthropic_message_model" time="0.001" /><testcase classname="tests.unit.test_qwen_oauth_authentication.TestQwenOAuthAuthentication" name="test_token_refresh_network_error" time="0.002" /><testcase classname="tests.unit.core.services.test_tool_call_reactor_middleware.TestToolCallReactorMiddleware" name="test_process_with_tool_calls_no_swallow" time="0.001" /><testcase classname="tests.unit.anthropic_frontend_tests.test_anthropic_converters.TestAnthropicConverters" name="test_anthropic_messages_request_model" time="0.000" /><testcase classname="tests.unit.anthropic_frontend_tests.test_anthropic_router.TestAnthropicRouter" name="test_invalid_endpoints" time="0.030" /><testcase classname="tests.unit.anthropic_frontend_tests.test_anthropic_converters.TestAnthropicConverters" name="test_anthropic_to_openai_request_basic" time="0.000" /><testcase classname="tests.unit.anthropic_frontend_tests.test_anthropic_converters.TestAnthropicConverters" name="test_anthropic_to_openai_request_with_system" time="0.000" /><testcase classname="tests.unit.test_qwen_oauth_authentication.TestQwenOAuthAuthentication" name="test_token_refresh_malformed_response" time="0.003" /><testcase classname="tests.unit.core.repositories.test_persistent_session_repository.TestPersistentSessionRepository" name="test_storage_path_is_stored" time="0.001" /><testcase classname="tests.unit.anthropic_frontend_tests.test_anthropic_converters.TestAnthropicConverters" name="test_anthropic_to_openai_request_with_parameters" time="0.000" /><testcase classname="tests.unit.anthropic_frontend_tests.test_anthropic_converters.TestAnthropicConverters" name="test_openai_to_anthropic_response_basic" time="0.000" /><testcase classname="tests.unit.core.services.test_tool_call_reactor_middleware.TestToolCallReactorMiddleware" name="test_process_with_tool_calls_swallowed" time="0.006" /><testcase classname="tests.unit.test_qwen_oauth_authentication.TestQwenOAuthAuthentication" name="test_chat_completion_token_refresh_check" time="0.004" /><testcase classname="tests.unit.anthropic_frontend_tests.test_anthropic_converters.TestAnthropicConverters" name="test_openai_stream_to_anthropic_stream_start" time="0.001" /><testcase classname="tests.unit.anthropic_frontend_tests.test_anthropic_converters.TestAnthropicConverters" name="test_openai_stream_to_anthropic_stream_content" time="0.000" /><testcase classname="tests.unit.core.services.test_tool_call_reactor_middleware.TestToolCallReactorMiddleware" name="test_process_with_tool_calls_swallowed_no_replacement" time="0.001" /><testcase classname="tests.unit.core.repositories.test_persistent_session_repository.TestPersistentSessionRepository" name="test_none_storage_path_works" time="0.001" /><testcase classname="tests.unit.test_qwen_oauth_authentication.TestQwenOAuthAuthentication" name="test_chat_completion_token_refresh_failure" time="0.003" /><testcase classname="tests.unit.anthropic_frontend_tests.test_anthropic_converters.TestAnthropicConverters" name="test_openai_stream_to_anthropic_stream_finish" time="0.001" /><testcase classname="tests.unit.core.services.test_tool_call_reactor_middleware.TestToolCallReactorMiddleware" name="test_process_multiple_tool_calls" time="0.001" /><testcase classname="tests.unit.core.repositories.test_persistent_session_repository.TestPersistentSessionRepository" name="test_user_sessions_are_tracked_properly" time="0.001" /><testcase classname="tests.unit.anthropic_frontend_tests.test_anthropic_converters.TestAnthropicConverters" name="test_openai_stream_to_anthropic_stream_invalid" time="0.001" /><testcase classname="tests.unit.anthropic_frontend_tests.test_anthropic_converters.TestAnthropicConverters" name="test_map_finish_reason" time="0.000" /><testcase classname="tests.unit.test_qwen_oauth_authentication.TestQwenOAuthAuthentication" name="test_credential_persistence" time="0.006" /><testcase classname="tests.unit.anthropic_frontend_tests.test_anthropic_converters.TestAnthropicConverters" name="test_get_anthropic_models" time="0.000" /><testcase classname="tests.unit.anthropic_frontend_tests.test_anthropic_converters.TestAnthropicConverters" name="test_extract_anthropic_usage_dict" time="0.000" /><testcase classname="tests.unit.test_qwen_oauth_authentication.TestQwenOAuthAuthentication" name="test_credential_persistence_error" time="0.001" /><testcase classname="tests.unit.anthropic_frontend_tests.test_anthropic_converters.TestAnthropicConverters" name="test_extract_anthropic_usage_object" time="0.001" /><testcase classname="tests.unit.core.services.test_tool_call_reactor_middleware.TestToolCallReactorMiddleware" name="test_process_openai_format_tool_calls" time="0.001" /><testcase classname="tests.unit.anthropic_frontend_tests.test_anthropic_converters.TestAnthropicConverters" name="test_extract_anthropic_usage_empty" time="0.000" /><testcase classname="tests.unit.test_qwen_oauth_authentication.TestQwenOAuthAuthentication" name="test_credential_loading_success" time="0.005" /><testcase classname="tests.unit.core.services.test_tool_call_reactor_middleware.TestToolCallReactorMiddleware" name="test_process_direct_tool_calls_array" time="0.001" /><testcase classname="tests.unit.anthropic_frontend_tests.test_anthropic_router.TestAnthropicRouter" name="test_wrong_http_methods" time="0.035" /><testcase classname="tests.unit.core.repositories.test_persistent_session_repository.TestPersistentSessionRepository" name="test_session_without_user_id_not_tracked" time="0.001" /><testcase classname="tests.unit.test_qwen_oauth_authentication.TestQwenOAuthAuthentication" name="test_credential_loading_file_not_found" time="0.001" /><testcase classname="tests.integration.test_anthropic_frontend_integration.TestAnthropicFrontendIntegration" name="test_messages_endpoint_with_stop_sequences" time="0.049" /><testcase classname="tests.unit.core.services.test_tool_call_reactor_middleware.TestToolCallReactorMiddleware" name="test_process_invalid_json_content" time="0.001" /><testcase classname="tests.unit.test_qwen_oauth_authentication.TestQwenOAuthAuthentication" name="test_credential_loading_permission_error" time="0.003" /><testcase classname="tests.unit.core.services.test_tool_call_reactor_middleware.TestToolCallReactorMiddleware" name="test_process_dict_content" time="0.001" /><testcase classname="tests.unit.connectors.test_gemini_oauth_personal.TestGeminiOAuthPersonalConnector" name="test_ensure_healthy_health_check_failure" time="0.005" /><testcase classname="tests.unit.core.services.test_tool_call_reactor_middleware.TestToolCallReactorMiddleware" name="test_get_registered_handlers" time="0.000" /><testcase classname="tests.unit.core.domain.configuration.test_session_state_builder.TestSessionStateBuilder" name="test_default_initialization" time="0.000" /><testcase classname="tests.unit.test_qwen_oauth_authentication.TestQwenOAuthAuthentication" name="test_credential_loading_malformed_json" time="0.004" /><testcase classname="tests.unit.core.services.test_tool_call_reactor_middleware.TestToolCallReactorMiddleware" name="test_register_handler" time="0.001" /><testcase classname="tests.unit.core.services.test_tool_call_reactor_middleware.TestToolCallReactorMiddleware" name="test_unregister_handler" time="0.000" /><testcase classname="tests.unit.core.domain.configuration.test_session_state_builder.TestSessionStateBuilder" name="test_initialization_with_existing_state" time="0.001" /><testcase classname="tests.unit.core.domain.configuration.test_session_state_builder.TestSessionStateBuilder" name="test_with_backend_config_method" time="0.000" /><testcase classname="tests.unit.core.services.test_tool_call_reactor_middleware.TestToolCallReactorMiddleware" name="test_set_enabled" time="0.001" /><testcase classname="tests.unit.test_qwen_oauth_authentication.TestQwenOAuthAuthentication" name="test_credential_loading_missing_access_token" time="0.004" /><testcase classname="tests.unit.core.domain.configuration.test_session_state_builder.TestSessionStateBuilder" name="test_with_reasoning_config_method" time="0.001" /><testcase classname="tests.unit.test_qwen_oauth_authentication.TestQwenOAuthAuthentication" name="test_get_headers_valid_token" time="0.001" /><testcase classname="tests.unit.anthropic_frontend_tests.test_anthropic_router.TestAnthropicRouter" name="test_large_request_handling" time="0.015" /><testcase classname="tests.unit.core.domain.configuration.test_session_state_builder.TestSessionStateBuilder" name="test_with_loop_config_method" time="0.000" /><testcase classname="tests.unit.core.domain.configuration.test_session_state_builder.TestSessionStateBuilder" name="test_with_project_config_method" time="0.000" /><testcase classname="tests.unit.core.domain.configuration.test_session_state_builder.TestSessionStateBuilder" name="test_flag_setting_methods" time="0.000" /><testcase classname="tests.unit.core.app.controllers.test_usage_controller_comprehensive.TestUsageController" name="test_controller_with_none_service_assignment" time="0.003" /><testcase classname="tests.unit.core.domain.configuration.test_session_state_builder.TestSessionStateBuilder" name="test_backend_shortcut_methods" time="0.000" /><testcase classname="tests.unit.core.domain.configuration.test_session_state_builder.TestSessionStateBuilder" name="test_reasoning_shortcut_methods" time="0.000" /><testcase classname="tests.unit.core.test_error_constants" name="test_authentication_error_constants" time="0.000" /><testcase classname="tests.unit.core.test_error_constants" name="test_backend_error_constants" time="0.000" /><testcase classname="tests.unit.core.domain.configuration.test_session_state_builder.TestSessionStateBuilder" name="test_project_shortcut_methods" time="0.000" /><testcase classname="tests.unit.core.test_error_constants" name="test_command_error_constants" time="0.000" /><testcase classname="tests.unit.core.domain.configuration.test_session_state_builder.TestSessionStateBuilder" name="test_loop_shortcut_methods" time="0.000" /><testcase classname="tests.unit.core.test_error_constants" name="test_configuration_error_constants" time="0.000" /><testcase classname="tests.unit.core.domain.configuration.test_session_state_builder.TestSessionStateBuilder" name="test_build_method" time="0.000" /><testcase classname="tests.unit.core.test_error_constants" name="test_session_error_constants" time="0.000" /><testcase classname="tests.unit.core.test_error_constants" name="test_model_error_constants" time="0.000" /><testcase classname="tests.unit.core.domain.configuration.test_session_state_builder.TestSessionStateBuilder" name="test_method_chaining" time="0.000" /><testcase classname="tests.unit.core.test_error_constants" name="test_loop_detection_error_constants" time="0.000" /><testcase classname="tests.unit.core.domain.configuration.test_session_state_builder.TestSessionStateBuilder" name="test_complex_configuration_setup" time="0.000" /><testcase classname="tests.unit.core.test_error_constants" name="test_tool_call_error_constants" time="0.000" /><testcase classname="tests.unit.core.domain.configuration.test_session_state_builder.TestSessionStateBuilder" name="test_immutability_of_configurations" time="0.000" /><testcase classname="tests.unit.core.test_error_constants" name="test_streaming_error_constants" time="0.000" /><testcase classname="tests.unit.core.test_error_constants" name="test_network_error_constants" time="0.000" /><testcase classname="tests.unit.core.test_error_constants" name="test_file_system_error_constants" time="0.000" /><testcase classname="tests.unit.core.test_error_constants" name="test_json_error_constants" time="0.000" /><testcase classname="tests.unit.anthropic_frontend_tests.test_anthropic_router.TestAnthropicRouter" name="test_unicode_content_handling" time="0.014" /><testcase classname="tests.unit.core.test_error_constants" name="test_validation_error_constants" time="0.000" /><testcase classname="tests.unit.core.test_error_constants" name="test_rate_limiting_error_constants" time="0.000" /><testcase classname="tests.unit.core.test_error_constants" name="test_security_error_constants" time="0.000" /><testcase classname="tests.unit.anthropic_frontend_tests.test_anthropic_router.TestAnthropicRouter" name="test_edge_case_parameters" time="0.015" /><testcase classname="tests.unit.commands.test_unit_loop_detection_handlers" name="test_tool_loop_mode_handler_invalid_value" time="0.000" /><testcase classname="tests.unit.core.testing.test_base_stage.TestValidatedTestStage" name="test_initialization" time="0.000" /><testcase classname="tests.unit.core.testing.test_base_stage.TestValidatedTestStage" name="test_name_property_implemented" time="0.001" /><testcase classname="tests.integration.test_anthropic_frontend_integration.TestAnthropicFrontendIntegration" name="test_conversation_flow_via_http" time="0.047" /><testcase classname="tests.unit.test_cli_di" name="test_main_auth_enabled_allows_custom_host" time="0.083" /><testcase classname="tests.unit.core.testing.test_base_stage.TestValidatedTestStage" name="test_get_dependencies_default" time="0.000" /><testcase classname="tests.unit.core.testing.test_base_stage.TestValidatedTestStage" name="test_get_description_implemented" time="0.000" /><testcase classname="tests.unit.core.domain.configuration.test_loop_detection_config.TestLoopDetectionConfiguration" name="test_default_initialization" time="0.000" /><testcase classname="tests.unit.core.domain.configuration.test_loop_detection_config.TestLoopDetectionConfiguration" name="test_initialization_with_values" time="0.000" /><testcase classname="tests.unit.core.domain.configuration.test_loop_detection_config.TestLoopDetectionConfiguration" name="test_tool_loop_max_repeats_validation" time="0.000" /><testcase classname="tests.unit.test_cli" name="test_main_auth_enabled_allows_custom_host" time="0.088" /><testcase classname="tests.unit.core.domain.configuration.test_loop_detection_config.TestLoopDetectionConfiguration" name="test_tool_loop_ttl_seconds_validation" time="0.000" /><testcase classname="tests.unit.core.testing.test_base_stage.TestValidatedTestStage" name="test_execute_with_implemented_register_services" time="0.001" /><testcase classname="tests.unit.core.domain.configuration.test_loop_detection_config.TestLoopDetectionConfiguration" name="test_with_loop_detection_enabled_method" time="0.001" /><testcase classname="tests.unit.core.repositories.test_in_memory_config_repository.TestInMemoryConfigRepository" name="test_initialization" time="0.000" /><testcase classname="tests.unit.core.repositories.test_in_memory_config_repository.TestInMemoryConfigRepository" name="test_get_config_empty_repository" time="0.001" /><testcase classname="tests.unit.core.repositories.test_in_memory_config_repository.TestInMemoryConfigRepository" name="test_set_and_get_config" time="0.000" /><testcase classname="tests.unit.core.repositories.test_in_memory_config_repository.TestInMemoryConfigRepository" name="test_set_config_overwrites_existing" time="0.001" /><testcase classname="tests.unit.core.repositories.test_in_memory_config_repository.TestInMemoryConfigRepository" name="test_delete_config_existing" time="0.001" /><testcase classname="tests.unit.core.testing.test_base_stage.TestValidatedTestStage" name="test_safe_register_instance_basic" time="0.006" /><testcase classname="tests.unit.core.domain.configuration.test_loop_detection_config.TestLoopDetectionConfiguration" name="test_with_tool_loop_detection_enabled_method" time="0.000" /><testcase classname="tests.unit.core.domain.configuration.test_loop_detection_config.TestLoopDetectionConfiguration" name="test_with_pattern_length_range_method" time="0.000" /><testcase classname="tests.unit.core.testing.test_base_stage.TestValidatedTestStage" name="test_safe_register_instance_with_validation_disabled" time="0.001" /><testcase classname="tests.unit.core.repositories.test_in_memory_config_repository.TestInMemoryConfigRepository" name="test_delete_config_nonexistent" time="0.001" /><testcase classname="tests.unit.core.repositories.test_in_memory_config_repository.TestInMemoryConfigRepository" name="test_multiple_configs" time="0.001" /><testcase classname="tests.unit.core.repositories.test_in_memory_config_repository.TestInMemoryConfigRepository" name="test_config_data_types" time="0.002" /><testcase classname="tests.unit.core.testing.test_base_stage.TestValidatedTestStage" name="test_safe_register_singleton_with_factory" time="0.001" /><testcase classname="tests.unit.core.testing.test_base_stage.TestValidatedTestStage" name="test_safe_register_singleton_with_type" time="0.000" /><testcase classname="tests.unit.core.domain.configuration.test_loop_detection_config.TestLoopDetectionConfiguration" name="test_with_tool_loop_max_repeats_method" time="0.000" /><testcase classname="tests.unit.core.domain.configuration.test_loop_detection_config.TestLoopDetectionConfiguration" name="test_with_tool_loop_ttl_seconds_method" time="0.000" /><testcase classname="tests.unit.core.testing.test_base_stage.TestValidatedTestStage" name="test_safe_register_singleton_no_args" time="0.001" /><testcase classname="tests.unit.core.repositories.test_in_memory_config_repository.TestInMemoryConfigRepository" name="test_empty_config_values" time="0.001" /><testcase classname="tests.unit.core.domain.configuration.test_loop_detection_config.TestLoopDetectionConfiguration" name="test_with_tool_loop_mode_method" time="0.000" /><testcase classname="tests.unit.core.testing.test_base_stage.TestValidatedTestStage" name="test_create_safe_session_service_mock" time="0.003" /><testcase classname="tests.unit.core.repositories.test_in_memory_config_repository.TestInMemoryConfigRepository" name="test_large_config_data" time="0.001" /><testcase classname="tests.unit.core.repositories.test_in_memory_config_repository.TestInMemoryConfigRepository" name="test_config_key_types" time="0.001" /><testcase classname="tests.unit.core.repositories.test_in_memory_config_repository.TestInMemoryConfigRepository" name="test_config_isolation" time="0.001" /><testcase classname="tests.unit.core.repositories.test_in_memory_config_repository.TestInMemoryConfigRepository" name="test_delete_all_configs" time="0.001" /><testcase classname="tests.unit.core.repositories.test_in_memory_config_repository.TestInMemoryConfigRepository" name="test_repository_state_after_operations" time="0.000" /><testcase classname="tests.unit.core.testing.test_base_stage.TestValidatedTestStage" name="test_create_safe_backend_service_mock" time="0.019" /><testcase classname="tests.unit.core.domain.configuration.test_loop_detection_config.TestLoopDetectionConfiguration" name="test_immutability" time="0.001" /><testcase classname="tests.unit.core.domain.configuration.test_loop_detection_config.TestLoopDetectionConfiguration" name="test_tool_call_tracker_assignment" time="0.001" /><testcase classname="tests.unit.core.testing.test_base_stage.TestValidatedTestStage" name="test_validate_service_instance_with_session_service" time="0.007" /><testcase classname="tests.unit.core.domain.configuration.test_loop_detection_config.TestLoopDetectionConfiguration" name="test_comprehensive_configuration" time="0.001" /><testcase classname="tests.unit.core.domain.configuration.test_loop_detection_config.TestLoopDetectionConfiguration" name="test_edge_case_validations" time="0.000" /><testcase classname="tests.unit.core.testing.test_base_stage.TestValidatedTestStage" name="test_validate_service_instance_with_async_mock_session_service" time="0.004" /><testcase classname="tests.unit.anthropic_frontend_tests.test_anthropic_router.TestAnthropicRouter" name="test_models_endpoint_error_handling" time="0.005" /><testcase classname="tests.unit.core.repositories.test_in_memory_session_repository.TestInMemorySessionRepository" name="test_empty_repository_operations" time="0.001" /><testcase classname="tests.integration.test_anthropic_frontend_integration.TestAnthropicFrontendIntegration" name="test_error_handling_invalid_model" time="0.048" /><testcase classname="tests.unit.anthropic_frontend_tests.test_anthropic_accounting.TestAnthropicFrontendAccounting" name="test_extract_billing_info_from_headers_anthropic" time="0.000" /><testcase classname="tests.unit.anthropic_frontend_tests.test_anthropic_accounting.TestAnthropicFrontendAccounting" name="test_extract_billing_info_from_response_anthropic_dict" time="0.000" /><testcase classname="tests.unit.anthropic_frontend_tests.test_anthropic_accounting.TestAnthropicFrontendAccounting" name="test_extract_billing_info_from_response_anthropic_object" time="0.000" /><testcase classname="tests.unit.anthropic_frontend_tests.test_anthropic_router.TestAnthropicRouter" name="test_cors_headers" time="0.008" /><testcase classname="tests.unit.anthropic_frontend_tests.test_anthropic_accounting.TestAnthropicFrontendAccounting" name="test_extract_billing_info_from_response_anthropic_no_usage" time="0.001" /><testcase classname="tests.unit.anthropic_frontend_tests.test_anthropic_accounting.TestAnthropicFrontendAccounting" name="test_extract_anthropic_usage_from_dict" time="0.000" /><testcase classname="tests.unit.anthropic_frontend_tests.test_anthropic_accounting.TestAnthropicFrontendAccounting" name="test_extract_anthropic_usage_from_object" time="0.000" /><testcase classname="tests.unit.anthropic_frontend_tests.test_anthropic_accounting.TestAnthropicFrontendAccounting" name="test_extract_anthropic_usage_empty_response" time="0.000" /><testcase classname="tests.unit.anthropic_frontend_tests.test_anthropic_accounting.TestAnthropicFrontendAccounting" name="test_extract_anthropic_usage_invalid_response" time="0.000" /><testcase classname="tests.unit.anthropic_frontend_tests.test_anthropic_accounting.TestAnthropicFrontendAccounting" name="test_extract_anthropic_usage_partial_data" time="0.000" /><testcase classname="tests.unit.anthropic_frontend_tests.test_anthropic_accounting.TestAnthropicFrontendAccounting" name="test_billing_info_calls_extract_usage" time="0.001" /><testcase classname="tests.unit.anthropic_frontend_tests.test_anthropic_accounting.TestAnthropicFrontendAccounting" name="test_billing_info_structure_anthropic" time="0.000" /><testcase classname="tests.unit.anthropic_frontend_tests.test_anthropic_accounting.TestAnthropicFrontendAccounting" name="test_anthropic_vs_other_backends" time="0.000" /><testcase classname="tests.unit.anthropic_frontend_tests.test_anthropic_accounting.TestAnthropicFrontendAccounting" name="test_streaming_response_billing" time="0.000" /><testcase classname="tests.unit.anthropic_frontend_tests.test_anthropic_router.TestAnthropicRouter" name="test_content_type_headers" time="0.005" /><testcase classname="tests.unit.core.domain.configuration.test_backend_config.TestBackendConfiguration" name="test_alias_support" time="0.000" /><testcase classname="tests.unit.test_rate_limit_registry.TestRateLimitRegistry" name="test_initialization" time="0.000" /><testcase classname="tests.unit.test_rate_limit_registry.TestRateLimitRegistry" name="test_set_and_get_single_entry" time="0.000" /><testcase classname="tests.unit.test_rate_limit_registry.TestRateLimitRegistry" name="test_set_with_none_model" time="0.000" /><testcase classname="tests.unit.test_rate_limit_registry.TestRateLimitRegistry" name="test_get_nonexistent_entry" time="0.000" /><testcase classname="tests.unit.proxy_logic_tests.test_process_commands_in_messages.TestProcessCommandsInMessages" name="test_set_command_with_multiple_parameters_and_prefix" time="0.001" /><testcase classname="tests.unit.core.commands.handlers.test_project_dir_handler.TestProjectDirCommandHandler" name="test_handler_properties" time="0.000" /><testcase classname="tests.unit.core.commands.handlers.test_project_dir_handler.TestProjectDirCommandHandler" name="test_can_handle_project_dir_variations" time="0.000" /><testcase classname="tests.unit.core.commands.handlers.test_project_dir_handler.TestProjectDirCommandHandler" name="test_handle_with_valid_directory" time="0.001" /><testcase classname="tests.unit.core.commands.handlers.test_project_dir_handler.TestProjectDirCommandHandler" name="test_handle_with_nonexistent_directory" time="0.001" /><testcase classname="tests.unit.test_empty_response_middleware.TestEmptyResponseMiddleware" name="test_reset_session_nonexistent" time="0.000" /><testcase classname="tests.unit.core.commands.handlers.test_project_dir_handler.TestProjectDirCommandHandler" name="test_handle_with_file_path" time="0.001" /><testcase classname="tests.unit.core.services.tool_call_handlers.test_apply_diff_handler.TestApplyDiffHandler" name="test_handler_properties" time="0.001" /><testcase classname="tests.integration.test_anthropic_frontend_integration.TestAnthropicFrontendIntegration" name="test_error_handling_missing_required_fields" time="0.041" /><testcase classname="tests.unit.core.commands.handlers.test_project_dir_handler.TestProjectDirCommandHandler" name="test_handle_with_none_value" time="0.001" /><testcase classname="tests.unit.core.services.tool_call_handlers.test_apply_diff_handler.TestApplyDiffHandler" name="test_can_handle_apply_diff_tool" time="0.001" /><testcase classname="tests.unit.core.commands.handlers.test_project_dir_handler.TestProjectDirCommandHandler" name="test_handle_with_empty_string" time="0.001" /><testcase classname="tests.unit.core.services.tool_call_handlers.test_apply_diff_handler.TestApplyDiffHandler" name="test_can_handle_different_tool" time="0.001" /><testcase classname="tests.unit.core.commands.handlers.test_project_dir_handler.TestProjectDirCommandHandler" name="test_handle_with_relative_path" time="0.001" /><testcase classname="tests.unit.core.services.tool_call_handlers.test_apply_diff_handler.TestApplyDiffHandler" name="test_handle_first_call_provides_steering" time="0.002" /><testcase classname="tests.unit.core.commands.handlers.test_project_dir_handler.TestProjectDirCommandHandler" name="test_handle_with_current_directory" time="0.001" /><testcase classname="tests.unit.core.services.tool_call_handlers.test_apply_diff_handler.TestApplyDiffHandler" name="test_rate_limiting_within_window" time="0.001" /><testcase classname="tests.unit.core.services.tool_call_handlers.test_apply_diff_handler.TestApplyDiffHandler" name="test_rate_limiting_after_window" time="0.001" /><testcase classname="tests.unit.core.commands.handlers.test_project_dir_handler.TestProjectDirCommandHandler" name="test_handle_with_parent_directory" time="0.001" /><testcase classname="tests.unit.core.services.tool_call_handlers.test_apply_diff_handler.TestApplyDiffHandler" name="test_rate_limiting_different_sessions" time="0.001" /><testcase classname="tests.unit.core.services.tool_call_handlers.test_apply_diff_handler.TestApplyDiffHandler" name="test_placeholder_config_model_removed" time="0.000" /><testcase classname="tests.unit.core.commands.handlers.test_project_dir_handler.TestProjectDirCommandHandler" name="test_handle_with_none_context" time="0.001" /><testcase classname="tests.unit.core.services.tool_call_handlers.test_apply_diff_handler.TestApplyDiffHandler" name="test_get_steering_first_call_allowed" time="0.001" /><testcase classname="tests.unit.core.services.tool_call_handlers.test_apply_diff_handler.TestApplyDiffHandler" name="test_get_steering_stats_with_calls" time="0.001" /><testcase classname="tests.unit.core.commands.handlers.test_project_dir_handler.TestProjectDirCommandHandler" name="test_handle_with_nested_directory_path" time="0.001" /><testcase classname="tests.unit.core.services.tool_call_handlers.test_apply_diff_handler.TestApplyDiffHandler" name="test_reset_rate_limit" time="0.000" /><testcase classname="tests.unit.core.services.tool_call_handlers.test_apply_diff_handler.TestApplyDiffHandler" name="test_custom_steering_message" time="0.003" /><testcase classname="tests.unit.core.domain.configuration.test_reasoning_config.TestReasoningConfiguration" name="test_validation_error_messages" time="0.000" /><testcase classname="tests.unit.loop_detection.test_tool_call_tracker.TestToolCallTracker" name="test_init" time="0.000" /><testcase classname="tests.unit.loop_detection.test_tool_call_tracker.TestToolCallTracker" name="test_prune_expired_no_signatures" time="0.000" /><testcase classname="tests.unit.loop_detection.test_tool_call_tracker.TestToolCallTracker" name="test_prune_expired_with_expired" time="0.001" /><testcase classname="tests.unit.loop_detection.test_tool_call_tracker.TestToolCallTracker" name="test_track_tool_call_disabled" time="0.000" /><testcase classname="tests.unit.loop_detection.test_tool_call_tracker.TestToolCallTracker" name="test_track_tool_call_first_call" time="0.000" /><testcase classname="tests.unit.loop_detection.test_tool_call_tracker.TestToolCallTracker" name="test_track_tool_call_different_calls" time="0.000" /><testcase classname="tests.unit.loop_detection.test_tool_call_tracker.TestToolCallTracker" name="test_track_tool_call_repeated_below_threshold" time="0.000" /><testcase classname="tests.unit.loop_detection.test_tool_call_tracker.TestToolCallTracker" name="test_track_tool_call_repeated_at_threshold_break_mode" time="0.001" /><testcase classname="tests.unit.loop_detection.test_tool_call_tracker.TestToolCallTracker" name="test_track_tool_call_repeated_at_threshold_chance_mode" time="0.001" /><testcase classname="tests.unit.loop_detection.test_tool_call_tracker.TestToolCallTracker" name="test_track_tool_call_after_chance_different_call" time="0.001" /><testcase classname="tests.unit.loop_detection.test_tool_call_tracker.TestToolCallTracker" name="test_track_tool_call_after_chance_same_call" time="0.001" /><testcase classname="tests.unit.loop_detection.test_tool_call_tracker.TestToolCallTracker" name="test_track_tool_call_reset_after_different" time="0.000" /><testcase classname="tests.unit.core.repositories.test_persistent_session_repository.TestPersistentSessionRepository" name="test_repository_state_consistency" time="0.001" /><testcase classname="tests.unit.anthropic_frontend_tests.test_anthropic_converters.TestAnthropicConverters" name="test_conversation_flow" time="0.000" /><testcase classname="tests.unit.test_qwen_oauth_connector.TestQwenOAuthConnectorUnit" name="test_connector_initialization" time="0.001" /><testcase classname="tests.unit.test_qwen_oauth_connector.TestQwenOAuthConnectorUnit" name="test_initialize_with_valid_credentials_file" time="0.006" /><testcase classname="tests.integration.test_custom_model_parameters.TestCustomModelParameters" name="test_openrouter_top_k_parameter" time="0.001" /><testcase classname="tests.unit.test_qwen_oauth_connector.TestQwenOAuthConnectorUnit" name="test_initialize_without_credentials_file" time="0.002" /><testcase classname="tests.unit.core.services.test_tool_call_reactor_middleware.TestToolCallReactorMiddleware" name="test_process_with_calling_agent" time="0.001" /><testcase classname="tests.unit.test_qwen_oauth_authentication.TestQwenOAuthAuthentication" name="test_get_headers_no_token" time="0.001" /><testcase classname="tests.unit.test_qwen_oauth_connector.TestQwenOAuthConnectorUnit" name="test_initialize_with_invalid_credentials_file" time="0.007" /><testcase classname="tests.unit.core.services.test_json_repair_processor" name="test_stream_with_valid_json_passes_through" time="0.001" /><testcase classname="tests.unit.core.domain.configuration.test_project_config.TestProjectConfiguration" name="test_default_initialization" time="0.001" /><testcase classname="tests.unit.core.domain.configuration.test_project_config.TestProjectConfiguration" name="test_initialization_with_values" time="0.000" /><testcase classname="tests.unit.core.domain.configuration.test_project_config.TestProjectConfiguration" name="test_with_project_method" time="0.001" /><testcase classname="tests.unit.core.domain.configuration.test_project_config.TestProjectConfiguration" name="test_with_project_dir_method" time="0.000" /><testcase classname="tests.integration.test_anthropic_frontend_integration.TestAnthropicFrontendIntegration" name="test_parameter_validation_ranges" time="0.069" /><testcase classname="tests.unit.core.domain.configuration.test_project_config.TestProjectConfiguration" name="test_immutability" time="0.000" /><testcase classname="tests.unit.core.services.test_json_repair_processor" name="test_stream_with_reparable_json_is_repaired" time="0.001" /><testcase classname="tests.integration.test_custom_model_parameters.TestCustomModelParameters" name="test_gemini_top_k_parameter" time="0.002" /><testcase classname="tests.unit.core.domain.configuration.test_project_config.TestProjectConfiguration" name="test_comprehensive_configuration" time="0.001" /><testcase classname="tests.unit.core.services.test_json_repair_processor" name="test_stream_with_text_before_json" time="0.001" /><testcase classname="tests.unit.core.domain.configuration.test_project_config.TestProjectConfiguration" name="test_none_values" time="0.000" /><testcase classname="tests.unit.core.domain.configuration.test_project_config.TestProjectConfiguration" name="test_empty_strings" time="0.001" /><testcase classname="tests.unit.test_qwen_oauth_connector.TestQwenOAuthConnectorUnit" name="test_initialize_with_missing_refresh_token" time="0.008" /><testcase classname="tests.unit.core.services.test_json_repair_processor" name="test_stream_with_text_after_json" time="0.001" /><testcase classname="tests.unit.core.domain.configuration.test_project_config.TestProjectConfiguration" name="test_special_characters" time="0.001" /><testcase classname="tests.unit.core.domain.configuration.test_project_config.TestProjectConfiguration" name="test_relative_paths" time="0.000" /><testcase classname="tests.unit.core.services.test_json_repair_processor" name="test_stream_with_fragmented_json" time="0.001" /><testcase classname="tests.unit.core.domain.configuration.test_project_config.TestProjectConfiguration" name="test_windows_paths" time="0.000" /><testcase classname="tests.unit.test_qwen_oauth_connector.TestQwenOAuthConnectorUnit" name="test_get_headers_with_access_token" time="0.000" /><testcase classname="tests.unit.core.services.test_json_repair_processor" name="test_non_json_stream_passes_through" time="0.001" /><testcase classname="tests.unit.test_qwen_oauth_connector.TestQwenOAuthConnectorUnit" name="test_get_headers_no_access_token_raises_exception" time="0.001" /><testcase classname="tests.unit.core.services.test_json_repair_processor" name="test_multiple_json_objects_in_stream" time="0.001" /><testcase classname="tests.unit.core.services.test_json_repair_processor" name="test_json_with_escaped_quotes_is_repaired" time="0.001" /><testcase classname="tests.unit.test_rate_limit_registry.TestRateLimitRegistry" name="test_entry_expiration" time="0.222" /><testcase classname="tests.unit.core.services.test_json_repair_processor" name="test_large_json_exceeding_buffer_is_repaired" time="0.003" /><testcase classname="tests.integration.test_custom_model_parameters.TestCustomModelParameters" name="test_anthropic_top_k_parameter_ignored" time="0.002" /><testcase classname="tests.unit.test_qwen_oauth_connector.TestQwenOAuthConnectorUnit" name="test_chat_completions_success" time="0.005" /><testcase classname="tests.unit.test_rate_limit_registry.TestRateLimitRegistry" name="test_earliest_with_no_entries" time="0.000" /><testcase classname="tests.unit.test_rate_limit_registry.TestRateLimitRegistry" name="test_earliest_with_single_entry" time="0.000" /><testcase classname="tests.unit.core.services.test_json_repair_processor" name="test_stream_with_non_json_then_json_then_non_json" time="0.001" /><testcase classname="tests.unit.core.domain.configuration.test_session_state_builder.TestSessionStateBuilder" name="test_interactive_mode_state_changes" time="0.001" /><testcase classname="tests.unit.test_rate_limit_registry.TestRateLimitRegistry" name="test_earliest_with_multiple_entries" time="0.000" /><testcase classname="tests.unit.core.services.test_json_repair_processor" name="test_stream_ending_with_incomplete_json_is_flushed_and_repaired" time="0.001" /><testcase classname="tests.unit.core.services.test_translation_service" name="test_translation_service_initialization" time="0.000" /><testcase classname="tests.unit.core.services.test_translation_service" name="test_to_domain_request_gemini" time="0.000" /><testcase classname="tests.unit.test_qwen_oauth_connector.TestQwenOAuthConnectorUnit" name="test_chat_completions_with_prefix" time="0.004" /><testcase classname="tests.unit.core.services.test_translation_service" name="test_to_domain_response_gemini" time="0.000" /><testcase classname="tests.unit.core.services.test_translation_service" name="test_to_domain_request_openai" time="0.000" /><testcase classname="tests.unit.test_rate_limit_registry.TestRateLimitRegistry" name="test_earliest_with_filtered_combinations" time="0.000" /><testcase classname="tests.unit.core.services.test_translation_service" name="test_to_domain_response_openai" time="0.000" /><testcase classname="tests.unit.test_rate_limit_registry.TestRateLimitRegistry" name="test_earliest_with_empty_combinations" time="0.000" /><testcase classname="tests.unit.core.services.test_translation_service" name="test_to_domain_request_code_assist" time="0.000" /><testcase classname="tests.unit.test_rate_limit_registry.TestRateLimitRegistry" name="test_earliest_with_nonexistent_combinations" time="0.000" /><testcase classname="tests.unit.core.services.test_translation_service" name="test_to_domain_response_code_assist" time="0.000" /><testcase classname="tests.unit.test_qwen_oauth_connector.TestQwenOAuthConnectorUnit" name="test_chat_completions_streaming" time="0.010" /><testcase classname="tests.unit.test_rate_limit_registry.TestRateLimitRegistry" name="test_multiple_keys_same_backend_model" time="0.000" /><testcase classname="tests.unit.core.services.test_translation_service" name="test_to_domain_stream_chunk_code_assist" time="0.000" /><testcase classname="tests.unit.test_rate_limit_registry.TestRateLimitRegistry" name="test_key_formatting_consistency" time="0.000" /><testcase classname="tests.unit.core.services.test_translation_service" name="test_to_domain_request_raw_text" time="0.000" /><testcase classname="tests.unit.core.services.test_translation_service" name="test_to_domain_response_raw_text" time="0.000" /><testcase classname="tests.unit.core.services.test_translation_service" name="test_to_domain_stream_chunk_raw_text" time="0.000" /><testcase classname="tests.unit.test_qwen_oauth_connector.TestQwenOAuthConnectorUnit" name="test_chat_completions_exception_handling" time="0.003" /><testcase classname="tests.unit.core.test_error_constants" name="test_generic_error_constants" time="0.000" /><testcase classname="tests.unit.core.test_multimodal.TestContentPart" name="test_text_content_part" time="0.000" /><testcase classname="tests.unit.core.test_multimodal.TestContentPart" name="test_image_url_content_part" time="0.000" /><testcase classname="tests.unit.core.test_multimodal.TestContentPart" name="test_image_base64_content_part" time="0.000" /><testcase classname="tests.integration.test_custom_model_parameters.TestCustomModelParameters" name="test_openrouter_reasoning_effort_parameter" time="0.003" /><testcase classname="tests.unit.core.test_multimodal.TestContentPart" name="test_to_dict" time="0.000" /><testcase classname="tests.unit.test_qwen_oauth_connector.TestQwenOAuthConnectorUnit" name="test_file_modification_reloads_token" time="0.014" /><testcase classname="tests.unit.core.test_multimodal.TestContentPart" name="test_to_openai_format_text" time="0.000" /><testcase classname="tests.unit.core.test_multimodal.TestContentPart" name="test_to_openai_format_image_url" time="0.000" /><testcase classname="tests.unit.core.test_multimodal.TestContentPart" name="test_to_openai_format_image_base64" time="0.000" /><testcase classname="tests.unit.core.test_multimodal.TestContentPart" name="test_to_anthropic_format_text" time="0.000" /><testcase classname="tests.unit.core.test_multimodal.TestContentPart" name="test_to_anthropic_format_image_url" time="0.000" /><testcase classname="tests.unit.core.test_multimodal.TestContentPart" name="test_to_anthropic_format_image_base64" time="0.000" /><testcase classname="tests.unit.core.test_multimodal.TestContentPart" name="test_to_gemini_format_text" time="0.000" /><testcase classname="tests.integration.test_anthropic_frontend_integration.TestAnthropicFrontendIntegration" name="test_health_and_info_endpoints" time="0.017" /><testcase classname="tests.integration.test_custom_model_parameters.TestCustomModelParameters" name="test_gemini_reasoning_effort_parameter" time="0.001" /><testcase classname="tests.unit.core.repositories.test_in_memory_config_repository.TestInMemoryConfigRepository" name="test_none_config_handling" time="0.001" /><testcase classname="tests.unit.proxy_logic_tests.test_parse_arguments.TestParseArguments" name="test_parse_valid_arguments" time="0.000" /><testcase classname="tests.unit.core.domain.configuration.test_loop_detection_config.TestLoopDetectionConfiguration" name="test_large_values" time="0.000" /><testcase classname="tests.unit.proxy_logic_tests.test_parse_arguments.TestParseArguments" name="test_parse_empty_arguments" time="0.000" /><testcase classname="tests.unit.core.testing.test_base_stage.TestValidatedTestStage" name="test_validate_service_instance_with_async_mock_sync_method" time="0.003" /><testcase classname="tests.unit.proxy_logic_tests.test_parse_arguments.TestParseArguments" name="test_parse_arguments_with_slashes_in_model_name" time="0.000" /><testcase classname="tests.unit.proxy_logic_tests.test_parse_arguments.TestParseArguments" name="test_parse_arguments_single_argument" time="0.001" /><testcase classname="tests.unit.proxy_logic_tests.test_parse_arguments.TestParseArguments" name="test_parse_arguments_with_spaces" time="0.000" /><testcase classname="tests.integration.test_custom_model_parameters.TestCustomModelParameters" name="test_anthropic_reasoning_effort_parameter" time="0.002" /><testcase classname="tests.unit.proxy_logic_tests.test_parse_arguments.TestParseArguments" name="test_parse_flag_argument" time="0.001" /><testcase classname="tests.unit.proxy_logic_tests.test_parse_arguments.TestParseArguments" name="test_parse_mixed_arguments" time="0.000" /><testcase classname="tests.unit.proxy_logic_tests.test_parse_arguments.TestParseArguments" name="test_parse_project_with_spaces_and_quotes" time="0.000" /><testcase classname="tests.unit.proxy_logic_tests.test_parse_arguments.TestParseArguments" name="test_parse_project_with_double_quotes" time="0.000" /><testcase classname="tests.unit.anthropic_frontend_tests.test_anthropic_router.TestAnthropicRouter" name="test_router_tags_and_metadata" time="0.000" /><testcase classname="tests.unit.proxy_logic_tests.test_parse_arguments.TestParseArguments" name="test_parse_project_without_quotes" time="0.001" /><testcase classname="tests.unit.core.test_request_processor" name="test_process_request_basic" time="0.029" /><testcase classname="tests.unit.core.services.test_buffered_wire_capture" name="test_enabled" time="0.001" /><testcase classname="tests.unit.proxy_logic_tests.test_parse_arguments.TestParseArguments" name="test_parse_project_name_alias_quotes" time="0.000" /><testcase classname="tests.unit.core.services.test_buffered_wire_capture" name="test_disabled_when_no_file" time="0.002" /><testcase classname="tests.unit.anthropic_frontend_tests.test_anthropic_accounting.TestAnthropicFrontendAccounting" name="test_cost_calculation_placeholder" time="0.000" /><testcase classname="tests.unit.core.services.test_buffered_wire_capture" name="test_wire_capture_entry_structure" time="0.000" /><testcase classname="tests.unit.test_qwen_oauth_credentials.TestQwenOAuthCredentials" name="test_load_oauth_credentials" time="0.008" /><testcase classname="tests.unit.core.test_request_processor" name="test_request_processor_applies_edit_precision_overrides_for_failed_edit_prompt" time="0.035" /><testcase classname="tests.unit.test_rate_limit_registry.TestParseRetryDelay" name="test_parse_retry_delay_with_valid_retry_info" time="0.019" /><testcase classname="tests.unit.core.services.test_buffered_wire_capture" name="test_capture_outbound_request" time="0.033" /><testcase classname="tests.integration.test_anthropic_frontend_integration.TestAnthropicFrontendIntegration" name="test_anthropic_sdk_models_call_mock" time="0.015" /><testcase classname="tests.integration.test_custom_model_parameters.TestCustomModelParameters" name="test_openrouter_seed_parameter" time="0.001" /><testcase classname="tests.unit.test_rate_limit_registry.TestParseRetryDelay" name="test_parse_retry_delay_with_invalid_type" time="0.000" /><testcase classname="tests.unit.test_rate_limit_registry.TestParseRetryDelay" name="test_parse_retry_delay_with_invalid_delay_format" time="0.000" /><testcase classname="tests.unit.test_rate_limit_registry.TestParseRetryDelay" name="test_parse_retry_delay_with_non_numeric_delay" time="0.000" /><testcase classname="tests.integration.test_custom_model_parameters.TestCustomModelParameters" name="test_openrouter_top_p_parameter" time="0.002" /><testcase classname="tests.unit.test_rate_limit_registry.TestParseRetryDelay" name="test_parse_retry_delay_with_missing_details" time="0.000" /><testcase classname="tests.unit.test_qwen_oauth_credentials.TestQwenOAuthCredentials" name="test_load_oauth_credentials_file_not_found" time="0.001" /><testcase classname="tests.unit.test_rate_limit_registry.TestParseRetryDelay" name="test_parse_retry_delay_with_empty_details" time="0.000" /><testcase classname="tests.unit.test_qwen_oauth_credentials.TestQwenOAuthCredentials" name="test_load_oauth_credentials_invalid_json" time="0.005" /><testcase classname="tests.unit.test_rate_limit_registry.TestParseRetryDelay" name="test_parse_retry_delay_with_non_dict_detail" time="0.000" /><testcase classname="tests.unit.test_rate_limit_registry.TestParseRetryDelay" name="test_parse_retry_delay_with_missing_error" time="0.000" /><testcase classname="tests.unit.test_rate_limit_registry.TestParseRetryDelay" name="test_parse_retry_delay_with_multiple_details" time="0.000" /><testcase classname="tests.unit.test_rate_limit_registry.TestParseRetryDelay" name="test_parse_retry_delay_with_json_string" time="0.000" /><testcase classname="tests.unit.test_qwen_oauth_credentials.TestQwenOAuthCredentials" name="test_load_oauth_credentials_missing_fields" time="0.005" /><testcase classname="tests.unit.core.services.test_buffered_wire_capture" name="test_capture_inbound_response" time="0.020" /><testcase classname="tests.unit.test_qwen_oauth_credentials.TestQwenOAuthCredentials" name="test_is_token_expired" time="0.000" /><testcase classname="tests.integration.test_custom_model_parameters.TestCustomModelParameters" name="test_gemini_top_p_parameter" time="0.002" /><testcase classname="tests.unit.core.test_request_processor" name="test_request_processor_respects_exclude_agents_regex" time="0.016" /><testcase classname="tests.unit.test_qwen_oauth_credentials.TestQwenOAuthCredentials" name="test_refresh_token_if_needed_not_expired" time="0.001" /><testcase classname="tests.unit.test_qwen_oauth_credentials.TestQwenOAuthCredentials" name="test_refresh_token_if_needed_success" time="0.004" /><testcase classname="tests.unit.core.services.test_buffered_wire_capture" name="test_wrap_inbound_stream" time="0.016" /><testcase classname="tests.unit.core.commands.handlers.test_project_dir_handler.TestProjectDirCommandHandler" name="test_handle_preserves_state_on_failure" time="0.001" /><testcase classname="tests.unit.core.services.tool_call_handlers.test_apply_diff_handler.TestApplyDiffHandler" name="test_different_rate_limit_windows" time="0.003" /><testcase classname="tests.integration.test_custom_model_parameters.TestCustomModelParameters" name="test_gemini_stop_sequences_parameter" time="0.001" /><testcase classname="tests.unit.core.adapters.test_exception_adapters.TestCreateExceptionHandler" name="test_handle_llm_proxy_error" time="0.001" /><testcase classname="tests.unit.test_qwen_oauth_credentials.TestQwenOAuthCredentials" name="test_refresh_token_if_needed_http_error" time="0.003" /><testcase classname="tests.unit.core.adapters.test_exception_adapters.TestCreateExceptionHandler" name="test_handle_rate_limit_error_with_reset" time="0.000" /><testcase classname="tests.unit.core.test_request_processor" name="test_request_processor_applies_overrides_when_pending_flag_set" time="0.025" /><testcase classname="tests.unit.test_qwen_oauth_credentials.TestQwenOAuthCredentials" name="test_refresh_token_if_needed_network_error" time="0.003" /><testcase classname="tests.unit.core.domain.test_translation_responses.TestTranslationResponses" name="test_anthropic_to_domain_response_success" time="0.010" /><testcase classname="tests.unit.core.domain.test_translation_responses.TestTranslationResponses" name="test_anthropic_to_domain_stream_chunk_invalid_input" time="0.000" /><testcase classname="tests.unit.test_qwen_oauth_credentials.TestQwenOAuthCredentials" name="test_get_headers" time="0.001" /><testcase classname="tests.unit.core.adapters.test_exception_adapters.TestCreateExceptionHandler" name="test_handle_rate_limit_error_without_reset" time="0.001" /><testcase classname="tests.unit.core.domain.test_translation_responses.TestTranslationResponses" name="test_anthropic_to_domain_stream_chunk_success" time="0.001" /><testcase classname="tests.integration.test_custom_model_parameters.TestCustomModelParameters" name="test_anthropic_user_parameter" time="0.002" /><testcase classname="tests.unit.core.domain.test_translation_responses.TestTranslationResponses" name="test_from_domain_to_anthropic_request_multimodal" time="0.001" /><testcase classname="tests.unit.core.adapters.test_exception_adapters.TestCreateExceptionHandler" name="test_handle_authentication_error" time="0.001" /><testcase classname="tests.unit.core.domain.test_translation_responses.TestTranslationResponses" name="test_from_domain_to_anthropic_request_with_system_message" time="0.000" /><testcase classname="tests.unit.core.domain.test_translation_responses.TestTranslationResponses" name="test_from_domain_to_anthropic_request_with_tools" time="0.000" /><testcase classname="tests.unit.core.domain.test_translation_responses.TestTranslationResponses" name="test_gemini_to_domain_response_success" time="0.001" /><testcase classname="tests.unit.core.domain.test_translation_responses.TestTranslationResponses" name="test_gemini_to_domain_stream_chunk_success" time="0.000" /><testcase classname="tests.unit.core.domain.test_translation_responses.TestTranslationResponses" name="test_openai_to_domain_response_success" time="0.000" /><testcase classname="tests.unit.core.test_request_processor" name="test_request_processor_applies_redaction_before_backend_call" time="0.027" /><testcase classname="tests.unit.core.adapters.test_exception_adapters.TestCreateExceptionHandler" name="test_handle_backend_error" time="0.002" /><testcase classname="tests.unit.loop_detection.test_tool_call_tracker.TestToolCallTracker" name="test_track_tool_call_with_ttl_expiry" time="0.001" /><testcase classname="tests.unit.core.services.test_buffered_wire_capture" name="test_buffering_behavior" time="0.033" /><testcase classname="tests.unit.core.adapters.test_exception_adapters.TestCreateExceptionHandler" name="test_handle_configuration_error" time="0.001" /><testcase classname="tests.unit.core.adapters.test_exception_adapters.TestCreateExceptionHandler" name="test_handle_service_unavailable_error" time="0.001" /><testcase classname="tests.unit.core.services.test_response_processor_service.TestResponseProcessor" name="test_process_response_success" time="0.001" /><testcase classname="tests.unit.core.adapters.test_exception_adapters.TestCreateExceptionHandler" name="test_handle_loop_detection_error" time="0.001" /><testcase classname="tests.unit.core.services.test_buffered_wire_capture" name="test_content_type_detection" time="0.003" /><testcase classname="tests.unit.core.adapters.test_exception_adapters.TestCreateExceptionHandler" name="test_handle_fastapi_http_exception" time="0.001" /><testcase classname="tests.unit.core.services.test_response_processor_service.TestResponseProcessor" name="test_process_response_loop_detection" time="0.002" /><testcase classname="tests.unit.core.services.test_response_processor_service.TestResponseProcessor" name="test_process_response_parsing_error" time="0.001" /><testcase classname="tests.unit.core.services.test_buffered_wire_capture" name="test_format_version_in_system_init" time="0.022" /><testcase classname="tests.unit.core.services.test_response_processor_service.TestResponseProcessor" name="test_process_response_middleware_application" time="0.002" /><testcase classname="tests.unit.core.domain.configuration.test_project_config.TestProjectConfiguration" name="test_unix_paths" time="0.002" /><testcase classname="tests.unit.core.services.test_tool_call_reactor_service.TestToolCallReactorService" name="test_register_handler_success" time="0.001" /><testcase classname="tests.unit.core.services.test_response_processor_service.TestResponseProcessor" name="test_process_streaming_response_success" time="0.001" /><testcase classname="tests.unit.core.services.test_tool_call_reactor_service.TestToolCallReactorService" name="test_register_handler_duplicate_name" time="0.001" /><testcase classname="tests.unit.core.services.test_tool_call_reactor_service.TestToolCallReactorService" name="test_unregister_handler_success" time="0.001" /><testcase classname="tests.integration.test_anthropic_frontend_integration.TestAnthropicFrontendIntegration" name="test_concurrent_requests" time="0.057" /><testcase classname="tests.unit.core.services.test_buffered_wire_capture" name="test_shutdown_flushes_buffer" time="0.021" /><testcase classname="tests.unit.core.services.test_tool_call_reactor_service.TestToolCallReactorService" name="test_unregister_handler_not_found" time="0.001" /><testcase classname="tests.unit.core.services.test_json_repair_processor" name="test_stream_with_multiple_reparable_json_objects" time="0.001" /><testcase classname="tests.unit.core.services.test_response_processor_service.TestResponseProcessor" name="test_process_streaming_response_error_handling" time="0.003" /><testcase classname="tests.unit.core.services.test_tool_call_reactor_service.TestToolCallReactorService" name="test_process_tool_call_no_handlers" time="0.001" /><testcase classname="tests.unit.test_rate_limit_registry.TestRateLimitRegistry" name="test_overwrite_existing_entry" time="0.001" /><testcase classname="tests.unit.core.services.test_tool_call_reactor_service.TestToolCallReactorService" name="test_process_tool_call_handler_can_handle_false" time="0.001" /><testcase classname="tests.unit.core.testing.test_type_checker.TestAsyncSyncPatternChecker" name="test_initialization" time="0.000" /><testcase classname="tests.unit.core.testing.test_type_checker.TestAsyncSyncPatternChecker" name="test_check_file_nonexistent_file" time="0.000" /><testcase classname="tests.unit.core.services.test_response_processor_service.TestResponseProcessor" name="test_process_streaming_response_raw_iterator" time="0.001" /><testcase classname="tests.unit.core.services.test_tool_call_reactor_service.TestToolCallReactorService" name="test_process_tool_call_handler_swallows_call" time="0.001" /><testcase classname="tests.unit.core.testing.test_type_checker.TestAsyncSyncPatternChecker" name="test_check_file_empty_file" time="0.002" /><testcase classname="tests.unit.core.services.test_response_processor_service.TestResponseProcessor" name="test_process_streaming_response_raw_dict_chunks" time="0.001" /><testcase classname="tests.unit.core.testing.test_type_checker.TestAsyncSyncPatternChecker" name="test_check_file_with_async_mock_usage" time="0.004" /><testcase classname="tests.unit.core.services.test_tool_call_reactor_service.TestToolCallReactorService" name="test_process_tool_call_multiple_handlers_priority" time="0.002" /><testcase classname="tests.unit.core.services.test_tool_call_reactor_service.TestToolCallReactorService" name="test_process_tool_call_handler_error_handling" time="0.002" /><testcase classname="tests.unit.core.services.test_translation_service" name="test_to_domain_stream_chunk_raw_text_wrapped" time="0.000" /><testcase classname="tests.unit.core.services.test_response_processor_service.TestResponseProcessor" name="test_process_streaming_response_raw_bytes_sse_chunks" time="0.001" /><testcase classname="tests.unit.core.test_request_processor" name="test_request_processor_redacts_command_modified_messages" time="0.197" /><testcase classname="tests.unit.core.testing.test_type_checker.TestAsyncSyncPatternChecker" name="test_check_file_with_problematic_stage_inheritance" time="0.018" /><testcase classname="tests.unit.core.testing.test_type_checker.TestAsyncSyncPatternChecker" name="test_check_file_with_safe_stage_inheritance" time="0.018" /><testcase classname="tests.unit.core.test_authentication_di.TestIntegratedAuthentication" name="test_api_key_auth_valid" time="0.099" /><testcase classname="tests.unit.core.testing.test_type_checker.TestAsyncSyncPatternChecker" name="test_check_file_with_async_mock_assignment" time="0.004" /><testcase classname="tests.unit.core.test_request_processor" name="test_request_processor_respects_redaction_feature_flag_disabled" time="0.032" /><testcase classname="tests.unit.core.test_multimodal.TestContentPart" name="test_to_gemini_format_image_base64" time="0.001" /><testcase classname="tests.unit.core.test_authentication_di.TestIntegratedAuthentication" name="test_api_key_auth_invalid" time="0.006" /><testcase classname="tests.unit.core.testing.test_type_checker.TestAsyncSyncPatternChecker" name="test_check_file_with_async_mock_add_instance" time="0.004" /><testcase classname="tests.unit.test_qwen_oauth_connector.TestQwenOAuthConnectorUnit" name="test_file_not_modified_uses_cached_token" time="0.031" /><testcase classname="tests.unit.core.testing.test_type_checker.TestAsyncSyncPatternChecker" name="test_check_directory_with_test_files" time="0.011" /><testcase classname="tests.unit.openrouter_connector_tests.test_temperature_handling.TestOpenRouterTemperatureHandling" name="test_temperature_added_to_payload" time="0.003" /><testcase classname="tests.unit.core.test_authentication_di.TestIntegratedAuthentication" name="test_api_key_auth_missing" time="0.012" /><testcase classname="tests.unit.test_qwen_oauth_enhanced_error_handling.TestQwenOAuthEnhancedErrorHandling" name="test_initialize_success" time="0.013" /><testcase classname="tests.unit.openrouter_connector_tests.test_temperature_handling.TestOpenRouterTemperatureHandling" name="test_temperature_zero_value" time="0.003" /><testcase classname="tests.unit.core.test_authentication_di.TestIntegratedAuthentication" name="test_api_key_auth_query_param" time="0.008" /><testcase classname="tests.unit.openrouter_connector_tests.test_temperature_handling.TestOpenRouterTemperatureHandling" name="test_temperature_max_value" time="0.004" /><testcase classname="tests.unit.test_qwen_oauth_enhanced_error_handling.TestQwenOAuthEnhancedErrorHandling" name="test_initialize_failure" time="0.004" /><testcase classname="tests.unit.core.test_authentication_di.TestIntegratedAuthentication" name="test_api_key_auth_bypass_path" time="0.011" /><testcase classname="tests.unit.core.test_request_processor" name="test_process_request_with_commands" time="0.047" /><testcase classname="tests.unit.openrouter_connector_tests.test_temperature_handling.TestOpenRouterTemperatureHandling" name="test_temperature_with_extra_params" time="0.001" /><testcase classname="tests.unit.loop_detection.test_streaming_comprehensive.TestLoopDetectionStreaming" name="test_normal_streaming_flow" time="0.107" /><testcase classname="tests.unit.proxy_logic_tests.test_parse_arguments.TestParseArguments" name="test_parse_project_name_alias_no_quotes" time="0.001" /><testcase classname="tests.unit.openrouter_connector_tests.test_temperature_handling.TestOpenRouterTemperatureHandling" name="test_temperature_with_reasoning_effort" time="0.002" /><testcase classname="tests.unit.core.test_authentication_di.TestIntegratedAuthentication" name="test_token_auth_valid" time="0.019" /><testcase classname="tests.unit.test_qwen_oauth_enhanced_error_handling.TestQwenOAuthEnhancedErrorHandling" name="test_get_endpoint_url_no_credentials" time="0.001" /><testcase classname="tests.unit.core.commands.handlers.test_base_handler.TestBaseCommandHandler" name="test_initialization" time="0.001" /><testcase classname="tests.unit.core.commands.handlers.test_base_handler.TestBaseCommandHandler" name="test_initialization_without_aliases" time="0.000" /><testcase classname="tests.unit.core.commands.handlers.test_base_handler.TestBaseCommandHandler" name="test_can_handle_exact_match" time="0.000" /><testcase classname="tests.unit.openrouter_connector_tests.test_temperature_handling.TestOpenRouterTemperatureHandling" name="test_temperature_with_reasoning_config" time="0.003" /><testcase classname="tests.unit.test_qwen_oauth_enhanced_error_handling.TestQwenOAuthEnhancedErrorHandling" name="test_is_token_expired_no_credentials" time="0.000" /><testcase classname="tests.unit.core.test_request_processor" name="test_process_command_only_request" time="0.013" /><testcase classname="tests.unit.core.commands.handlers.test_base_handler.TestBaseCommandHandler" name="test_can_handle_alias_match" time="0.000" /><testcase classname="tests.unit.openrouter_connector_tests.test_temperature_handling.TestOpenRouterTemperatureHandling" name="test_no_temperature_not_in_payload" time="0.002" /><testcase classname="tests.unit.core.commands.handlers.test_base_handler.TestBaseCommandHandler" name="test_can_handle_case_insensitive" time="0.001" /><testcase classname="tests.unit.core.commands.handlers.test_base_handler.TestBaseCommandHandler" name="test_can_handle_no_match" time="0.001" /><testcase classname="tests.unit.openrouter_connector_tests.test_temperature_handling.TestOpenRouterTemperatureHandling" name="test_temperature_with_extra_params_override" time="0.003" /><testcase classname="tests.unit.test_qwen_oauth_enhanced_error_handling.TestQwenOAuthEnhancedErrorHandling" name="test_is_token_expired_no_expiry_date" time="0.001" /><testcase classname="tests.unit.core.commands.handlers.test_base_handler.TestBaseCommandHandler" name="test_convert_to_legacy_result_success" time="0.001" /><testcase classname="tests.unit.core.test_authentication_di.TestIntegratedAuthentication" name="test_token_auth_invalid" time="0.026" /><testcase classname="tests.unit.core.commands.handlers.test_base_handler.TestBaseCommandHandler" name="test_convert_to_legacy_result_failure" time="0.000" /><testcase classname="tests.unit.openrouter_connector_tests.test_temperature_handling.TestOpenRouterTemperatureHandling" name="test_temperature_streaming_request" time="0.003" /><testcase classname="tests.unit.test_qwen_oauth_enhanced_error_handling.TestQwenOAuthEnhancedErrorHandling" name="test_token_refresh_check_not_expired" time="0.002" /><testcase classname="tests.unit.core.test_authentication_di.TestIntegratedAuthentication" name="test_token_auth_missing" time="0.005" /><testcase classname="tests.unit.core.test_request_processor" name="test_process_streaming_request" time="0.020" /><testcase classname="tests.unit.test_qwen_oauth_enhanced_error_handling.TestQwenOAuthEnhancedErrorHandling" name="test_chat_completions_generic_error_handling" time="0.003" /><testcase classname="tests.unit.core.test_authentication_di.TestIntegratedAuthentication" name="test_token_auth_bypass_path" time="0.004" /><testcase classname="tests.integration.test_anthropic_frontend_integration.TestAnthropicFrontendIntegration" name="test_large_payload_handling" time="0.138" /><testcase classname="tests.unit.test_qwen_oauth_enhanced_error_handling.TestQwenOAuthEnhancedErrorHandling" name="test_model_prefix_stripping" time="0.003" /><testcase classname="tests.unit.test_rate_limit_registry.TestParseRetryDelay" name="test_parse_retry_delay_with_embedded_json" time="0.000" /><testcase classname="tests.unit.core.commands.handlers.test_reasoning_handlers.TestThinkingBudgetHandler" name="test_handler_properties" time="0.000" /><testcase classname="tests.unit.test_qwen_oauth_enhanced_error_handling.TestQwenOAuthEnhancedErrorHandling" name="test_http_exception_passthrough" time="0.005" /><testcase classname="tests.unit.core.commands.handlers.test_reasoning_handlers.TestThinkingBudgetHandler" name="test_can_handle_thinking_budget_variations" time="0.000" /><testcase classname="tests.unit.core.commands.handlers.test_reasoning_handlers.TestThinkingBudgetHandler" name="test_handle_with_valid_budget" time="0.001" /><testcase classname="tests.unit.core.commands.handlers.test_reasoning_handlers.TestThinkingBudgetHandler" name="test_handle_with_boundary_values" time="0.001" /><testcase classname="tests.unit.loop_detection.test_streaming_comprehensive.TestLoopDetectionStreaming" name="test_streaming_with_bytes" time="0.079" /><testcase classname="tests.unit.test_qwen_oauth_credentials.TestQwenOAuthCredentials" name="test_chat_completions_with_token_refresh" time="0.005" /><testcase classname="tests.unit.core.commands.handlers.test_reasoning_handlers.TestThinkingBudgetHandler" name="test_handle_with_invalid_budget_too_low" time="0.000" /><testcase classname="tests.unit.core.commands.handlers.test_reasoning_handlers.TestThinkingBudgetHandler" name="test_handle_with_invalid_budget_too_high" time="0.001" /><testcase classname="tests.integration.test_custom_model_parameters.TestCustomModelParameters" name="test_unsupported_parameter_does_not_cause_error" time="0.003" /><testcase classname="tests.unit.core.test_backend_config_provider.TestBackendConfigProvider" name="test_get_backend_config_with_attribute_access" time="0.002" /><testcase classname="tests.unit.core.commands.handlers.test_reasoning_handlers.TestThinkingBudgetHandler" name="test_handle_with_invalid_number_format" time="0.001" /><testcase classname="tests.unit.core.test_backend_config_provider.TestBackendConfigProvider" name="test_get_backend_config_with_dict_access" time="0.001" /><testcase classname="tests.unit.core.commands.handlers.test_reasoning_handlers.TestGeminiGenerationConfigHandler" name="test_handler_properties" time="0.000" /><testcase classname="tests.unit.core.test_backend_config_provider.TestBackendConfigProvider" name="test_get_backend_config_with_nonexistent_backend" time="0.001" /><testcase classname="tests.unit.core.commands.handlers.test_reasoning_handlers.TestThinkingBudgetHandler" name="test_handle_with_none_value" time="0.000" /><testcase classname="tests.unit.core.commands.handlers.test_reasoning_handlers.TestGeminiGenerationConfigHandler" name="test_can_handle_gemini_config_variations" time="0.000" /><testcase classname="tests.unit.core.test_backend_config_provider.TestBackendConfigProvider" name="test_get_backend_config_with_empty_backend" time="0.001" /><testcase classname="tests.unit.core.test_backend_config_provider.TestBackendConfigProvider" name="test_iter_backend_names" time="0.000" /><testcase classname="tests.unit.core.test_backend_config_provider.TestBackendConfigProvider" name="test_get_default_backend" time="0.000" /><testcase classname="tests.unit.core.domain.test_translation_responses.TestTranslationResponses" name="test_openai_to_domain_stream_chunk_success" time="0.000" /><testcase classname="tests.unit.core.test_backend_config_provider.TestBackendConfigProvider" name="test_get_default_backend_fallback" time="0.000" /><testcase classname="tests.unit.core.commands.handlers.test_reasoning_handlers.TestGeminiGenerationConfigHandler" name="test_handle_with_valid_json_string" time="0.001" /><testcase classname="tests.unit.core.test_multimodal.TestMultimodalMessage" name="test_text_message" time="0.000" /><testcase classname="tests.unit.core.test_backend_config_provider.TestBackendConfigProvider" name="test_functional_backends" time="0.002" /><testcase classname="tests.unit.core.test_multimodal.TestMultimodalMessage" name="test_with_image_message" time="0.001" /><testcase classname="tests.unit.core.commands.handlers.test_reasoning_handlers.TestGeminiGenerationConfigHandler" name="test_handle_with_valid_dict" time="0.001" /><testcase classname="tests.unit.core.test_multimodal.TestMultimodalMessage" name="test_is_multimodal" time="0.003" /><testcase classname="tests.unit.core.commands.handlers.test_reasoning_handlers.TestGeminiGenerationConfigHandler" name="test_handle_with_invalid_json_string" time="0.001" /><testcase classname="tests.unit.core.adapters.test_exception_adapters.TestCreateExceptionHandler" name="test_handle_generic_exception" time="0.001" /><testcase classname="tests.unit.loop_detection.test_detector.TestLoopDetector" name="test_detector_initialization" time="0.001" /><testcase classname="tests.unit.core.test_multimodal.TestMultimodalMessage" name="test_get_text_content" time="0.001" /><testcase classname="tests.unit.loop_detection.test_detector.TestLoopDetector" name="test_detector_disabled" time="0.001" /><testcase classname="tests.unit.core.test_multimodal.TestMultimodalMessage" name="test_to_dict" time="0.000" /><testcase classname="tests.unit.loop_detection.test_detector.TestLoopDetector" name="test_simple_loop_detection_with_chunking" time="0.002" /><testcase classname="tests.unit.core.test_multimodal.TestMultimodalMessage" name="test_to_openai_format" time="0.000" /><testcase classname="tests.unit.core.commands.handlers.test_reasoning_handlers.TestGeminiGenerationConfigHandler" name="test_handle_with_non_dict_json" time="0.004" /><testcase classname="tests.unit.loop_detection.test_detector.TestLoopDetector" name="test_no_false_positive_normal_text" time="0.001" /><testcase classname="tests.unit.core.test_multimodal.TestMultimodalMessage" name="test_to_anthropic_format" time="0.000" /><testcase classname="tests.unit.loop_detection.test_detector.TestLoopDetector" name="test_detector_reset" time="0.001" /><testcase classname="tests.unit.core.test_multimodal.TestMultimodalMessage" name="test_to_gemini_format" time="0.000" /><testcase classname="tests.unit.loop_detection.test_detector.TestLoopDetector" name="test_detector_enable_disable" time="0.001" /><testcase classname="tests.unit.core.services.test_buffered_wire_capture" name="test_get_client_info" time="0.003" /><testcase classname="tests.unit.core.commands.handlers.test_reasoning_handlers.TestGeminiGenerationConfigHandler" name="test_handle_with_none_value" time="0.001" /><testcase classname="tests.unit.loop_detection.test_detector.TestLoopDetector" name="test_detector_stats" time="0.001" /><testcase classname="tests.unit.loop_detection.test_detector.TestLoopDetector" name="test_minimum_content_threshold" time="0.001" /><testcase classname="tests.unit.core.commands.handlers.test_reasoning_handlers.TestGeminiGenerationConfigHandler" name="test_handle_with_empty_string" time="0.000" /><testcase classname="tests.unit.loop_detection.test_streaming_comprehensive.TestLoopDetectionStreaming" name="test_streaming_with_mixed_types" time="0.074" /><testcase classname="tests.unit.openrouter_connector_tests.test_payload_construction_and_headers" name="test_openrouter_headers_are_correct" time="0.000" /><testcase classname="tests.unit.core.services.test_tool_call_reactor_service.TestToolCallReactorService" name="test_get_registered_handlers" time="0.001" /><testcase classname="tests.unit.core.services.test_response_processor_service.TestResponseProcessor" name="test_process_streaming_response_raw_unrecognized_chunks" time="0.001" /><testcase classname="tests.unit.test_config" name="test_collect_api_keys_single" time="0.002" /><testcase classname="tests.integration.test_anthropic_frontend_integration.TestAnthropicFrontendIntegration" name="test_unicode_and_special_characters" time="0.038" /><testcase classname="tests.unit.test_config" name="test_collect_api_keys_numbered" time="0.002" /><testcase classname="tests.unit.core.testing.test_type_checker.TestAsyncSyncPatternChecker" name="test_check_directory_no_pattern_match" time="0.003" /><testcase classname="tests.unit.test_config" name="test_collect_api_keys_prioritizes_numbered" time="0.004" /><testcase classname="tests.unit.test_config" name="test_load_config_basic" time="0.003" /><testcase classname="tests.unit.loop_detection.test_streaming_comprehensive.TestLoopDetectionStreaming" name="test_streaming_error_handling" time="0.034" /><testcase classname="tests.unit.openrouter_connector_tests.test_payload_construction_and_headers" name="test_openrouter_payload_basic_fields_and_model" time="0.001" /><testcase classname="tests.unit.test_config" name="test_load_config_custom_values" time="0.003" /><testcase classname="tests.unit.test_config" name="test_load_config_disable_auth_forces_localhost" time="0.006" /><testcase classname="tests.unit.test_config" name="test_load_config_disable_auth_with_localhost_no_warning" time="0.007" /><testcase classname="tests.unit.openrouter_connector_tests.test_payload_construction_and_headers" name="test_openrouter_payload_message_count" time="0.000" /><testcase classname="tests.unit.test_config" name="test_load_config_auth_enabled_allows_custom_host" time="0.003" /><testcase classname="tests.unit.core.commands.handlers.test_base_handler.TestBaseCommandHandler" name="test_convert_to_legacy_result_with_command_name" time="0.001" /><testcase classname="tests.unit.openrouter_connector_tests.test_temperature_handling.TestOpenRouterTemperatureHandling" name="test_temperature_with_all_standard_params" time="0.002" /><testcase classname="tests.unit.core.commands.handlers.test_reasoning_handlers.TestReasoningEffortHandler" name="test_handler_properties" time="0.001" /><testcase classname="tests.unit.core.test_request_processor" name="test_backend_error_handling" time="0.014" /><testcase classname="tests.unit.core.commands.handlers.test_reasoning_handlers.TestReasoningEffortHandler" name="test_can_handle_reasoning_effort_variations" time="0.001" /><testcase classname="tests.unit.commands.test_unit_set_command" name="test_handle_temperature_success" time="0.001" /><testcase classname="tests.unit.chat_completions_tests.test_cline_response_active" name="test_debug_skip_check" time="0.001" /><testcase classname="tests.unit.core.commands.handlers.test_reasoning_handlers.TestReasoningEffortHandler" name="test_handle_with_valid_effort_level" time="0.002" /><testcase classname="tests.unit.commands.test_unit_set_command" name="test_handle_temperature_invalid_value" time="0.001" /><testcase classname="tests.unit.openrouter_connector_tests.test_payload_construction_and_headers" name="test_openrouter_payload_first_message_structure" time="0.001" /><testcase classname="tests.unit.core.commands.handlers.test_reasoning_handlers.TestReasoningEffortHandler" name="test_handle_with_invalid_effort_level" time="0.001" /><testcase classname="tests.unit.commands.test_unit_set_command" name="test_handle_temperature_out_of_range" time="0.001" /><testcase classname="tests.unit.loop_detection.test_streaming_comprehensive.TestLoopDetectionStreaming" name="test_streaming_cancellation_on_loop" time="0.065" /><testcase classname="tests.unit.core.test_authentication_di.TestIntegratedAuthentication" name="test_no_auth" time="0.019" /><testcase classname="tests.unit.commands.test_unit_set_command" name="test_handle_backend_and_model_set_backend" time="0.001" /><testcase classname="tests.unit.core.testing.test_base_stage.TestGuardedMockCreationMixin" name="test_create_mock_basic" time="0.001" /><testcase classname="tests.unit.core.commands.handlers.test_reasoning_handlers.TestReasoningEffortHandler" name="test_handle_with_none_value" time="0.001" /><testcase classname="tests.unit.commands.test_unit_set_command" name="test_handle_backend_and_model_set_model" time="0.001" /><testcase classname="tests.unit.core.testing.test_base_stage.TestGuardedMockCreationMixin" name="test_create_mock_with_spec" time="0.001" /><testcase classname="tests.unit.core.testing.test_base_stage.TestGuardedMockCreationMixin" name="test_create_mock_with_kwargs" time="0.000" /><testcase classname="tests.unit.core.commands.handlers.test_reasoning_handlers.TestReasoningEffortHandler" name="test_handle_with_empty_string" time="0.000" /><testcase classname="tests.unit.commands.test_unit_set_command" name="test_handle_backend_and_model_set_both" time="0.001" /><testcase classname="tests.unit.openrouter_connector_tests.test_payload_construction_and_headers" name="test_openrouter_payload_second_message_structure" time="0.001" /><testcase classname="tests.unit.core.commands.handlers.test_reasoning_handlers.TestReasoningEffortHandler" name="test_handle_with_all_valid_effort_levels" time="0.001" /><testcase classname="tests.unit.commands.test_unit_set_command" name="test_handle_project_success" time="0.001" /><testcase classname="tests.unit.test_qwen_oauth_enhanced_error_handling.TestQwenOAuthEnhancedErrorHandling" name="test_chat_completions_refresh_token_failure" time="0.023" /><testcase classname="tests.unit.core.testing.test_base_stage.TestGuardedMockCreationMixin" name="test_create_async_mock_basic" time="0.001" /><testcase classname="tests.unit.core.testing.test_base_stage.TestGuardedMockCreationMixin" name="test_create_async_mock_with_spec" time="0.002" /><testcase classname="tests.integration.test_anthropic_frontend_integration.TestAnthropicFrontendIntegration" name="test_content_type_headers" time="0.013" /><testcase classname="tests.unit.core.testing.test_base_stage.TestGuardedMockCreationMixin" name="test_create_async_mock_with_kwargs" time="0.003" /><testcase classname="tests.unit.openrouter_connector_tests.test_payload_construction_and_headers" name="test_openrouter_payload_third_message_multipart_structure" time="0.001" /><testcase classname="tests.unit.core.testing.test_base_stage.TestGuardedMockCreationMixin" name="test_create_mock_with_session_spec_warning" time="0.002" /><testcase classname="tests.unit.core.testing.test_example_usage.TestExampleUsageIntegration" name="test_complete_problematic_vs_safe_comparison" time="0.013" /><testcase classname="tests.unit.core.testing.test_example_usage.TestExampleUsageIntegration" name="test_safe_mock_creation_patterns" time="0.007" /><testcase classname="tests.unit.core.testing.test_example_usage.TestExampleUsageIntegration" name="test_mixed_async_sync_service_pattern" time="0.002" /><testcase classname="tests.unit.core.testing.test_example_usage.TestExampleUsageIntegration" name="test_stage_inheritance_patterns" time="0.000" /><testcase classname="tests.unit.core.commands.handlers.test_reasoning_handlers.TestThinkingBudgetHandler" name="test_handle_with_empty_string" time="0.001" /><testcase classname="tests.unit.gemini_connector_tests.test_temperature_handling.TestGeminiTemperatureHandling" name="test_temperature_added_to_generation_config" time="0.002" /><testcase classname="tests.unit.openrouter_connector_tests.test_payload_construction_and_headers" name="test_openrouter_payload_unset_fields_are_excluded" time="0.001" /><testcase classname="tests.unit.openrouter_connector_tests.test_payload_construction_and_headers" name="test_openrouter_original_request_data_unmodified" time="0.001" /><testcase classname="tests.unit.core.testing.test_example_usage.TestExampleUsageIntegration" name="test_app_creation_and_validation_workflow" time="0.037" /><testcase classname="tests.unit.core.test_backend_config_provider.TestBackendConfigProvider" name="test_implements_interface" time="0.005" /><testcase classname="tests.unit.loop_detection.test_analyzer" name="test_pattern_analyzer_init" time="0.000" /><testcase classname="tests.unit.core.testing.test_example_usage.TestExampleUsageIntegration" name="test_migration_workflow" time="0.001" /><testcase classname="tests.unit.loop_detection.test_analyzer" name="test_pattern_analyzer_code_block_detection" time="0.001" /><testcase classname="tests.unit.core.testing.test_example_usage.TestExampleUsageIntegration" name="test_file_based_example_patterns" time="0.004" /><testcase classname="tests.integration.test_models_endpoints.TestModelsEndpoints" name="test_models_endpoint_no_auth" time="0.063" /><testcase classname="tests.unit.loop_detection.test_analyzer" name="test_pattern_analyzer_truncation" time="0.001" /><testcase classname="tests.unit.gemini_connector_tests.test_temperature_handling.TestGeminiTemperatureHandling" name="test_temperature_clamping_above_one" time="0.003" /><testcase classname="tests.unit.loop_detection.test_analyzer" name="test_pattern_analyzer_loop_detection_basic" time="0.001" /><testcase classname="tests.unit.loop_detection.test_analyzer" name="test_pattern_analyzer_loop_detection_with_noise" time="0.001" /><testcase classname="tests.unit.loop_detection.test_analyzer" name="test_pattern_analyzer_reset" time="0.001" /><testcase classname="tests.unit.loop_detection.test_analyzer" name="test_pattern_analyzer_no_loop_detection" time="0.001" /><testcase classname="tests.unit.chat_completions_tests.test_cline_response_active" name="test_real_cline_hello_response" time="0.071" /><testcase classname="tests.unit.gemini_connector_tests.test_temperature_handling.TestGeminiTemperatureHandling" name="test_temperature_zero_value" time="0.021" /><testcase classname="tests.unit.test_test_quality" name="test_ruff_linting_on_tests" time="0.270" /><testcase classname="tests.unit.gemini_connector_tests.test_temperature_handling.TestGeminiTemperatureHandling" name="test_temperature_with_existing_generation_config" time="0.003" /><testcase classname="tests.unit.core.test_multimodal.TestMultimodalMessage" name="test_backend_format_selection" time="0.000" /><testcase classname="tests.unit.test_command_utils" name="test_is_content_effectively_empty_with_strings" time="0.000" /><testcase classname="tests.unit.test_command_utils" name="test_is_content_effectively_empty_with_list_text_parts" time="0.000" /><testcase classname="tests.unit.loop_detection.test_detector.TestLoopDetector" name="test_config_validation" time="0.000" /><testcase classname="tests.unit.gemini_connector_tests.test_temperature_handling.TestGeminiTemperatureHandling" name="test_temperature_with_thinking_budget" time="0.003" /><testcase classname="tests.unit.core.commands.handlers.test_reasoning_handlers.TestGeminiGenerationConfigHandler" name="test_handle_with_complex_config" time="0.001" /><testcase classname="tests.unit.test_command_utils" name="test_is_content_effectively_empty_with_non_text_part" time="0.000" /><testcase classname="tests.unit.test_pyproject_validation" name="test_pyproject_toml_syntax_validation" time="0.002" /><testcase classname="tests.unit.test_emergency_command_filter.TestProxyCommandFilter" name="test_filter_initialization" time="0.001" /><testcase classname="tests.unit.test_command_utils" name="test_is_tool_call_result_detection" time="0.001" /><testcase classname="tests.unit.test_pyproject_validation" name="test_pyproject_toml_structure_validation" time="0.002" /><testcase classname="tests.unit.gemini_connector_tests.test_temperature_handling.TestGeminiTemperatureHandling" name="test_no_temperature_no_generation_config" time="0.004" /><testcase classname="tests.unit.test_command_utils" name="test_extract_feedback_from_tool_result" time="0.001" /><testcase classname="tests.unit.test_pyproject_validation" name="test_pyproject_toml_complete_validation" time="0.002" /><testcase classname="tests.unit.test_emergency_command_filter.TestProxyCommandFilter" name="test_basic_command_detection_and_removal" time="0.007" /><testcase classname="tests.unit.gemini_connector_tests.test_temperature_handling.TestGeminiTemperatureHandling" name="test_temperature_with_extra_params_override" time="0.002" /><testcase classname="tests.unit.test_pyproject_validation" name="test_dependency_installation_status" time="0.008" /><testcase classname="tests.unit.test_emergency_command_filter.TestProxyCommandFilter" name="test_command_only_text" time="0.001" /><testcase classname="tests.unit.loop_detection.test_streaming_comprehensive.TestLoopDetectionStreaming" name="test_streaming_empty_chunks" time="0.209" /><testcase classname="tests.unit.test_command_utils" name="test_get_text_for_command_check_basic_and_comments" time="0.000" /><testcase classname="tests.unit.test_emergency_command_filter.TestProxyCommandFilter" name="test_no_commands_present" time="0.000" /><testcase classname="tests.unit.test_command_utils" name="test_get_text_for_command_check_with_tool_result_feedback" time="0.001" /><testcase classname="tests.unit.test_emergency_command_filter.TestProxyCommandFilter" name="test_different_command_prefixes" time="0.001" /><testcase classname="tests.unit.test_emergency_command_filter.TestProxyCommandFilter" name="test_prefix_update" time="0.001" /><testcase classname="tests.unit.test_emergency_command_filter.TestProxyCommandFilter" name="test_edge_cases" time="0.001" /><testcase classname="tests.integration.test_anthropic_frontend_integration.TestAnthropicFrontendIntegration" name="test_anthropic_specific_model_names" time="0.059" /><testcase classname="tests.unit.test_config" name="test_load_config_str_to_bool_variations" time="0.059" /><testcase classname="tests.integration.test_reasoning_aliases_end_to_end.TestReasoningAliasesEndToEnd" name="test_max_command_end_to_end" time="0.002" /><testcase classname="tests.unit.loop_detection.test_streaming_comprehensive.TestLoopDetectionStreaming" name="test_streaming_large_chunks" time="0.072" /><testcase classname="tests.integration.test_models_endpoints.TestModelsEndpoints" name="test_v1_models_endpoint_no_auth" time="0.047" /><testcase classname="tests.unit.core.commands.handlers.test_reasoning_handlers.TestReasoningEffortHandler" name="test_handle_with_case_insensitive_effort_levels" time="0.001" /><testcase classname="tests.unit.commands.test_unit_set_command" name="test_handle_temperature_with_safe_session" time="0.000" /><testcase classname="tests.integration.test_tool_call_reactor_integration.TestToolCallReactorIntegration" name="test_apply_diff_steering_integration" time="0.002" /><testcase classname="tests.integration.test_reasoning_aliases_end_to_end.TestReasoningAliasesEndToEnd" name="test_medium_command_end_to_end" time="0.002" /><testcase classname="tests.unit.core.testing.test_base_stage.TestGuardedMockCreationMixin" name="test_create_async_mock_logs_info" time="0.002" /><testcase classname="tests.unit.connectors.test_qwen_oauth_validation.TestStartupValidation" name="test_validate_credentials_file_exists_missing_file" time="0.003" /><testcase classname="tests.integration.test_tool_call_reactor_integration.TestToolCallReactorIntegration" name="test_rate_limiting_integration" time="0.003" /><testcase classname="tests.unit.chat_completions_tests.test_cline_response_active" name="test_cline_pure_hello_command" time="0.060" /><testcase classname="tests.unit.commands.test_set_command" name="test_handle_temperature_success" time="0.001" /><testcase classname="tests.unit.test_pyproject_validation" name="test_dependency_installation_status_forced" time="0.136" /><testcase classname="tests.unit.commands.test_set_command" name="test_handle_temperature_invalid_value" time="0.001" /><testcase classname="tests.unit.test_pyproject_validation" name="test_pyproject_toml_exists" time="0.001" /><testcase classname="tests.integration.test_tool_call_reactor_integration.TestToolCallReactorIntegration" name="test_non_apply_diff_tool_passthrough" time="0.001" /><testcase classname="tests.integration.test_reasoning_aliases_end_to_end.TestReasoningAliasesEndToEnd" name="test_low_command_end_to_end" time="0.003" /><testcase classname="tests.unit.connectors.test_qwen_oauth_validation.TestStartupValidation" name="test_validate_credentials_file_exists_invalid_json" time="0.014" /><testcase classname="tests.unit.test_pyproject_validation" name="test_pyproject_toml_is_readable" time="0.001" /><testcase classname="tests.unit.commands.test_set_command" name="test_handle_temperature_out_of_range" time="0.001" /><testcase classname="tests.unit.connectors.test_qwen_oauth_validation.TestStartupValidation" name="test_validate_credentials_structure_missing_fields" time="0.000" /><testcase classname="tests.unit.commands.test_set_command" name="test_handle_backend_and_model_set_backend" time="0.001" /><testcase classname="tests.integration.test_tool_call_reactor_integration.TestToolCallReactorIntegration" name="test_multiple_tool_calls_mixed" time="0.001" /><testcase classname="tests.unit.commands.test_set_command" name="test_handle_backend_and_model_set_model" time="0.001" /><testcase classname="tests.unit.connectors.test_qwen_oauth_validation.TestStartupValidation" name="test_validate_credentials_structure_empty_fields" time="0.000" /><testcase classname="tests.unit.commands.test_set_command" name="test_handle_backend_and_model_set_both" time="0.001" /><testcase classname="tests.integration.test_tool_call_reactor_integration.TestToolCallReactorIntegration" name="test_different_sessions_independent_rate_limiting" time="0.001" /><testcase classname="tests.unit.core.testing.test_example_usage.TestExampleUsageIntegration" name="test_safe_patterns_in_file" time="0.003" /><testcase classname="tests.unit.connectors.test_qwen_oauth_validation.TestStartupValidation" name="test_validate_credentials_structure_expired_token" time="0.000" /><testcase classname="tests.unit.connectors.test_qwen_oauth_validation.TestStartupValidation" name="test_validate_credentials_structure_valid_credentials" time="0.000" /><testcase classname="tests.unit.core.services.test_response_middleware.TestLoopDetectionMiddleware" name="test_process_no_loop_detected" time="0.003" /><testcase classname="tests.integration.test_tool_call_reactor_integration.TestToolCallReactorIntegration" name="test_malformed_tool_call_handling" time="0.001" /><testcase classname="tests.unit.openrouter_connector_tests.test_payload_construction_and_headers" name="test_openrouter_processed_messages_remain_pydantic" time="0.001" /><testcase classname="tests.integration.test_reasoning_aliases_end_to_end.TestReasoningAliasesEndToEnd" name="test_no_think_command_end_to_end" time="0.001" /><testcase classname="tests.unit.loop_detection.test_analyzer" name="test_pattern_analyzer_min_repetition_and_length_config" time="0.001" /><testcase classname="tests.integration.test_reasoning_aliases_end_to_end.TestReasoningAliasesEndToEnd" name="test_complete_flow_with_backend_integration" time="0.003" /><testcase classname="tests.unit.loop_detection.test_streaming_comprehensive.TestLoopDetectionStreaming" name="test_streaming_unicode_chunks" time="0.102" /><testcase classname="tests.unit.core.services.test_response_middleware.TestLoopDetectionMiddleware" name="test_process_loop_detected_raises_error" time="0.002" /><testcase classname="tests.unit.core.app.stages.test_backend_startup_validation.TestBackendFunctionalityValidation" name="test_validate_backend_functionality_no_configured_backends" time="0.001" /><testcase classname="tests.unit.core.services.test_response_middleware.TestLoopDetectionMiddleware" name="test_process_short_content_no_check" time="0.003" /><testcase classname="tests.unit.core.test_authentication_di.TestAPIKeyMiddleware" name="test_valid_bearer_key" time="0.006" /><testcase classname="tests.unit.loop_detection.test_streaming_comprehensive.TestLoopDetectionStreaming" name="test_streaming_asyncio_cancelled_error" time="0.036" /><testcase classname="tests.unit.core.app.stages.test_backend_startup_validation.TestBackendFunctionalityValidation" name="test_validate_backend_functionality_backend_not_registered" time="0.023" /><testcase classname="tests.unit.chat_completions_tests.test_cline_response_active" name="test_cline_no_session_id" time="0.008" /><testcase classname="tests.integration.test_reasoning_aliases_end_to_end.TestReasoningAliasesEndToEnd" name="test_model_not_found_error_handling" time="0.002" /><testcase classname="tests.unit.core.services.test_response_middleware.TestLoopDetectionMiddleware" name="test_process_accumulates_content" time="0.003" /><testcase classname="tests.unit.core.test_authentication_di.TestAPIKeyMiddleware" name="test_valid_query_key" time="0.008" /><testcase classname="tests.unit.core.services.test_response_middleware.TestLoopDetectionMiddleware" name="test_reset_session" time="0.000" /><testcase classname="tests.unit.gemini_connector_tests.test_temperature_handling.TestGeminiTemperatureHandling" name="test_temperature_streaming_request" time="0.008" /><testcase classname="tests.unit.core.services.test_response_middleware.TestLoopDetectionMiddleware" name="test_reset_nonexistent_session" time="0.000" /><testcase classname="tests.unit.core.test_authentication_di.TestAPIKeyMiddleware" name="test_invalid_key" time="0.006" /><testcase classname="tests.unit.core.test_backend_factory_ensure_backend" name="test_ensure_backend_with_none_config" time="0.008" /><testcase classname="tests.unit.test_command_utils" name="test_is_original_purely_command_for_strings_and_lists" time="0.001" /><testcase classname="tests.unit.test_emergency_command_filter.TestProxyCommandFilter" name="test_complex_command_patterns" time="0.002" /><testcase classname="tests.unit.core.test_authentication_di.TestAPIKeyMiddleware" name="test_missing_key" time="0.006" /><testcase classname="tests.unit.core.app.stages.test_backend_startup_validation.TestBackendFunctionalityValidation" name="test_validate_backend_functionality_functional_backend" time="0.049" /><testcase classname="tests.unit.core.test_backend_factory_ensure_backend" name="test_ensure_backend_with_backend_config" time="0.004" /><testcase classname="tests.unit.core.testing.test_interfaces.TestTestServiceValidator" name="test_validate_session_service_with_proper_mock" time="0.002" /><testcase classname="tests.unit.core.testing.test_interfaces.TestTestServiceValidator" name="test_validate_session_service_with_async_mock" time="0.005" /><testcase classname="tests.unit.core.test_authentication_di.TestAPIKeyMiddleware" name="test_bypass_path" time="0.002" /><testcase classname="tests.unit.core.testing.test_interfaces.TestTestServiceValidator" name="test_validate_session_service_with_coroutine" time="0.003" /><testcase classname="tests.unit.core.test_backend_factory_ensure_backend" name="test_ensure_backend_test_env_injection" time="0.009" /><testcase classname="tests.unit.core.testing.test_interfaces.TestTestServiceValidator" name="test_validate_sync_method_with_async_mock" time="0.001" /><testcase classname="tests.unit.core.testing.test_interfaces.TestTestServiceValidator" name="test_validate_sync_method_with_async_mock_return" time="0.003" /><testcase classname="tests.unit.core.test_authentication_di.TestAPIKeyMiddleware" name="test_trusted_ip_bypass" time="0.016" /><testcase classname="tests.unit.core.test_backend_factory_ensure_backend" name="test_ensure_backend_anthropic_specific" time="0.005" /><testcase classname="tests.unit.core.testing.test_interfaces.TestTestServiceValidator" name="test_validate_sync_method_success" time="0.001" /><testcase classname="tests.unit.core.test_backend_service_enhanced.TestBackendServiceCompletions" name="test_call_completion_basic" time="0.033" /><testcase classname="tests.unit.core.app.stages.test_backend_startup_validation.TestBackendFunctionalityValidation" name="test_validate_backend_functionality_non_functional_backend" time="0.051" /><testcase classname="tests.unit.test_pyproject_validation" name="test_build_system_requires_setuptools" time="0.002" /><testcase classname="tests.unit.core.test_backend_factory_ensure_backend" name="test_ensure_backend_openrouter_specific" time="0.004" /><testcase classname="tests.integration.test_anthropic_frontend_integration.TestAnthropicFrontendIntegration" name="test_endpoint_not_found" time="0.192" /><testcase classname="tests.unit.core.test_backend_factory_ensure_backend" name="test_ensure_backend_gemini_specific" time="0.003" /><testcase classname="tests.unit.core.test_backend_service_enhanced.TestBackendServiceCompletions" name="test_call_completion_streaming" time="0.019" /><testcase classname="tests.integration.test_models_endpoints.TestModelsEndpoints" name="test_models_endpoint_with_auth" time="0.053" /><testcase classname="tests.unit.commands.test_set_command" name="test_handle_project_success" time="0.000" /><testcase classname="tests.unit.loop_detection.test_buffer" name="test_response_buffer_init" time="0.000" /><testcase classname="tests.unit.chat_completions_tests.test_cline_response_active" name="test_cline_non_command_message" time="0.030" /><testcase classname="tests.unit.loop_detection.test_buffer" name="test_response_buffer_append_within_max_size" time="0.001" /><testcase classname="tests.unit.loop_detection.test_buffer" name="test_response_buffer_append_exceeds_max_size" time="0.000" /><testcase classname="tests.unit.core.app.stages.test_backend_startup_validation.TestBackendFunctionalityValidation" name="test_validate_backend_functionality_legacy_backend_without_enhanced_methods" time="0.046" /><testcase classname="tests.unit.loop_detection.test_buffer" name="test_response_buffer_clear" time="0.000" /><testcase classname="tests.unit.loop_detection.test_buffer" name="test_response_buffer_get_recent_content" time="0.000" /><testcase classname="tests.unit.loop_detection.test_buffer" name="test_response_buffer_empty_append" time="0.000" /><testcase classname="tests.integration.test_tool_call_reactor_integration.TestToolCallReactorIntegration" name="test_middleware_configuration" time="0.001" /><testcase classname="tests.unit.core.test_backend_service_enhanced.TestBackendServiceCompletions" name="test_call_completion_streaming_error" time="0.021" /><testcase classname="tests.unit.test_cache_monitor" name="test_cache_monitor_safety_checks" time="0.008" /><testcase classname="tests.integration.test_reasoning_aliases_end_to_end.TestReasoningAliasesEndToEnd" name="test_no_config_error_handling" time="0.001" /><testcase classname="tests.unit.test_cache_monitor" name="test_cache_monitor_execution_counter" time="0.001" /><testcase classname="tests.unit.test_middleware_application_manager" name="test_apply_middleware_non_streaming" time="0.001" /><testcase classname="tests.unit.test_cache_monitor" name="test_cache_monitor_project_bounds" time="0.001" /><testcase classname="tests.unit.test_middleware_application_manager" name="test_apply_middleware_multiple_non_streaming" time="0.001" /><testcase classname="tests.unit.connectors.test_qwen_oauth_validation.TestStartupValidation" name="test_validate_credentials_file_exists_valid_file" time="0.033" /><testcase classname="tests.unit.test_middleware_application_manager" name="test_apply_middleware_streaming" time="0.001" /><testcase classname="tests.unit.test_middleware_application_manager" name="test_apply_middleware_multiple_streaming" time="0.001" /><testcase classname="tests.unit.core.app.stages.test_backend_startup_validation.TestBackendFunctionalityValidation" name="test_validate_backend_functionality_initialization_exception" time="0.047" /><testcase classname="tests.unit.test_cache_monitor" name="test_cache_monitor_directory_size_and_count" time="0.010" /><testcase classname="tests.unit.test_command_parser_process_text" name="test_process_text_single_command" time="0.009" /><testcase classname="tests.unit.test_command_parser_process_text" name="test_process_text_command_with_prefix_text" time="0.002" /><testcase classname="tests.unit.test_command_parser_process_text" name="test_process_text_command_with_suffix_text" time="0.003" /><testcase classname="tests.unit.test_command_parser_process_text" name="test_process_text_command_with_prefix_and_suffix_text" time="0.001" /><testcase classname="tests.unit.fixtures.test_example_with_fixtures" name="test_process_command_with_fixtures" time="0.025" /><testcase classname="tests.unit.test_middleware_application_manager" name="test_apply_middleware_empty_list" time="0.001" /><testcase classname="tests.unit.test_command_parser_process_text" name="test_process_text_multiple_commands_only_first_processed" time="0.002" /><testcase classname="tests.unit.test_cache_monitor" name="test_cache_monitor_monitoring_function" time="0.021" /><testcase classname="tests.unit.fixtures.test_example_with_fixtures" name="test_session_with_model_fixture" time="0.001" /><testcase classname="tests.unit.test_cache_monitor" name="test_cache_monitor_integration" time="0.001" /><testcase classname="tests.unit.test_middleware_application_manager" name="test_apply_middleware_with_stop_event_non_streaming" time="0.003" /><testcase classname="tests.unit.test_command_parser_process_text" name="test_process_text_no_command" time="0.002" /><testcase classname="tests.unit.fixtures.test_example_with_fixtures" name="test_session_with_project_fixture" time="0.000" /><testcase classname="tests.unit.core.services.test_response_middleware.TestLoopDetectionMiddleware" name="test_priority_property" time="0.000" /><testcase classname="tests.unit.core.test_backend_service_enhanced.TestBackendServiceCompletions" name="test_call_completion_rate_limited" time="0.018" /><testcase classname="tests.unit.fixtures.test_example_with_fixtures" name="test_backend_service_fixture" time="0.000" /><testcase classname="tests.integration.test_models_endpoints.TestModelsEndpoints" name="test_models_endpoint_invalid_auth" time="0.010" /><testcase classname="tests.integration.test_anthropic_frontend_integration.TestAnthropicFrontendIntegration" name="test_method_not_allowed" time="0.026" /><testcase classname="tests.unit.test_qwen_oauth_tool_calling.TestQwenOAuthToolCallingUnit" name="test_chat_completions_with_tools" time="0.003" /><testcase classname="tests.unit.core.testing.test_interfaces.TestSafeAsyncMockWrapper" name="test_initialization" time="0.002" /><testcase classname="tests.unit.test_qwen_oauth_tool_calling.TestQwenOAuthToolCallingUnit" name="test_chat_completions_tool_choice_none" time="0.003" /><testcase classname="tests.unit.core.testing.test_interfaces.TestSafeAsyncMockWrapper" name="test_initialization_with_spec" time="0.002" /><testcase classname="tests.unit.core.testing.test_interfaces.TestSafeAsyncMockWrapper" name="test_mark_method_as_sync" time="0.001" /><testcase classname="tests.unit.core.testing.test_interfaces.TestSafeAsyncMockWrapper" name="test_getattr_delegates_to_mock" time="0.001" /><testcase classname="tests.unit.core.testing.test_interfaces.TestSafeAsyncMockWrapper" name="test_setattr_delegates_to_mock" time="0.001" /><testcase classname="tests.unit.core.test_authentication_di.TestAPIKeyMiddleware" name="test_non_trusted_ip_requires_auth" time="0.011" /><testcase classname="tests.unit.test_qwen_oauth_tool_calling.TestQwenOAuthToolCallingUnit" name="test_chat_completions_specific_tool_choice" time="0.003" /><testcase classname="tests.unit.core.testing.test_interfaces.TestSafeAsyncMockWrapper" name="test_setattr_handles_private_attributes" time="0.001" /><testcase classname="tests.unit.test_qwen_oauth_tool_calling.TestQwenOAuthToolCallingUnit" name="test_streaming_with_tool_calls" time="0.005" /><testcase classname="tests.unit.core.testing.test_interfaces.TestTestServiceValidator" name="test_validate_sync_method_nonexistent_method" time="0.001" /><testcase classname="tests.unit.test_qwen_oauth_tool_calling_enhanced.TestQwenOAuthToolCallingEnhanced" name="test_chat_completions_with_tools" time="0.003" /><testcase classname="tests.unit.test_qwen_oauth_tool_calling.TestQwenOAuthToolCallingUnit" name="test_multi_turn_tool_conversation" time="0.004" /><testcase classname="tests.unit.test_tool_call_loop_middleware" name="test_process_no_context" time="0.001" /><testcase classname="tests.unit.core.test_backend_service_enhanced.TestBackendServiceCompletions" name="test_call_completion_backend_error" time="0.018" /><testcase classname="tests.unit.test_tool_call_loop_middleware" name="test_process_no_config" time="0.000" /><testcase classname="tests.unit.test_qwen_oauth_tool_calling_enhanced.TestQwenOAuthToolCallingEnhanced" name="test_chat_completions_tool_choice_none" time="0.007" /><testcase classname="tests.unit.test_tool_call_loop_middleware" name="test_process_disabled" time="0.000" /><testcase classname="tests.unit.test_qwen_oauth_tool_calling.TestQwenOAuthToolCallingUnit" name="test_tool_calling_error_handling" time="0.004" /><testcase classname="tests.unit.core.test_backend_factory_ensure_backend" name="test_ensure_backend_custom_api_url_not_overridden" time="0.005" /><testcase classname="tests.unit.test_qwen_oauth_tool_calling_enhanced.TestQwenOAuthToolCallingEnhanced" name="test_chat_completions_specific_tool_choice" time="0.005" /><testcase classname="tests.unit.loop_detection.test_streaming_comprehensive.TestLoopDetectionStreaming" name="test_streaming_remaining_buffered_content" time="0.111" /><testcase classname="tests.unit.test_tool_call_loop_middleware" name="test_process_no_tool_calls" time="0.001" /><testcase classname="tests.unit.test_tool_call_loop_middleware" name="test_process_with_tool_calls" time="0.001" /><testcase classname="tests.unit.test_qwen_oauth_tool_calling_enhanced.TestQwenOAuthToolCallingEnhanced" name="test_streaming_with_tool_calls" time="0.003" /><testcase classname="tests.unit.test_proxy_logic.TestParseArguments" name="test_parse_valid_arguments" time="0.000" /><testcase classname="tests.unit.test_tool_call_loop_middleware" name="test_reset_session" time="0.001" /><testcase classname="tests.unit.test_proxy_logic.TestParseArguments" name="test_parse_empty_arguments" time="0.001" /><testcase classname="tests.unit.loop_detection.test_buffer" name="test_response_buffer_multiple_small_appends_exceeding_max_size" time="0.002" /><testcase classname="tests.unit.test_proxy_logic.TestParseArguments" name="test_parse_arguments_with_slashes_in_model_name" time="0.003" /><testcase classname="tests.unit.test_proxy_logic.TestParseArguments" name="test_parse_arguments_single_argument" time="0.000" /><testcase classname="tests.unit.test_qwen_oauth_tool_calling_enhanced.TestQwenOAuthToolCallingEnhanced" name="test_multi_turn_tool_conversation" time="0.005" /><testcase classname="tests.unit.core.test_backend_service_enhanced.TestBackendServiceCompletions" name="test_call_completion_invalid_response" time="0.017" /><testcase classname="tests.unit.test_qwen_oauth_tool_calling_enhanced.TestQwenOAuthToolCallingEnhanced" name="test_tool_calling_error_handling" time="0.002" /><testcase classname="tests.unit.test_proxy_logic.TestParseArguments" name="test_parse_arguments_with_spaces" time="0.000" /><testcase classname="tests.unit.test_proxy_logic.TestParseArguments" name="test_parse_flag_argument" time="0.000" /><testcase classname="tests.unit.core.app.stages.test_backend_startup_validation.TestBackendFunctionalityValidation" name="test_validate_backend_functionality_multiple_backends_mixed_results" time="0.046" /><testcase classname="tests.integration.test_real_world_loop_detection.TestRealWorldLoopDetection" name="test_example1_kiro_loop_detection" time="0.005" /><testcase classname="tests.unit.chat_completions_tests.test_cline_response_active" name="test_cline_first_message_hello" time="0.010" /><testcase classname="tests.integration.test_models_endpoints.TestModelsEndpoints" name="test_middleware_configuration_order" time="0.108" /><testcase classname="tests.integration.test_real_world_loop_detection.TestRealWorldLoopDetection" name="test_example2_platinum_futures_loop_detection" time="0.003" /><testcase classname="tests.integration.test_real_world_loop_detection.TestRealWorldLoopDetection" name="test_example3_no_loop_false_positive_check" time="0.004" /><testcase classname="tests.unit.test_cache_monitor" name="test_cache_monitor_cleanup_worker" time="0.001" /><testcase classname="tests.unit.test_middleware_application_manager" name="test_apply_middleware_with_stop_event_streaming" time="0.003" /><testcase classname="tests.unit.test_command_parser_process_text" name="test_process_text_unknown_command" time="0.002" /><testcase classname="tests.unit.fixtures.test_example_with_fixtures" name="test_command_parser_fixture" time="0.001" /><testcase classname="tests.unit.fixtures.test_example_with_fixtures" name="test_multimodal_message_fixture" time="0.000" /><testcase classname="tests.integration.test_reasoning_parameters.TestReasoningParameterApplication" name="test_temperature_application" time="0.004" /><testcase classname="tests.integration.test_reasoning_aliases_integration.TestReasoningAliasesIntegration" name="test_max_reasoning_command_integration" time="0.002" /><testcase classname="tests.integration.test_reasoning_parameters.TestReasoningParameterApplication" name="test_top_p_application" time="0.005" /><testcase classname="tests.unit.core.testing.test_interfaces.TestSafeAsyncMockWrapper" name="test_mark_multiple_methods_as_sync" time="0.013" /><testcase classname="tests.unit.test_qwen_oauth_tool_calling.TestQwenOAuthToolCallingUnit" name="test_tool_call_serialization" time="0.000" /><testcase classname="tests.integration.test_reasoning_parameters.TestReasoningParameterApplication" name="test_reasoning_effort_application" time="0.005" /><testcase classname="tests.integration.test_new_architecture" name="test_app_has_service_provider" time="0.001" /><testcase classname="tests.integration.test_reasoning_parameters.TestReasoningParameterApplication" name="test_thinking_budget_application" time="0.005" /><testcase classname="tests.unit.connectors.test_precision_payload_mapping" name="test_openai_payload_contains_temperature_and_top_p" time="0.015" /><testcase classname="tests.unit.anthropic_connector_tests.test_domain_to_connector" name="test_chat_completions_basic_request" time="0.008" /><testcase classname="tests.integration.test_reasoning_aliases_integration.TestReasoningAliasesIntegration" name="test_medium_reasoning_command_integration" time="0.002" /><testcase classname="tests.unit.test_tool_call_loop_middleware" name="test_different_tool_calls" time="0.002" /><testcase classname="tests.integration.test_reasoning_parameters.TestReasoningParameterApplication" name="test_reasoning_config_application" time="0.005" /><testcase classname="tests.unit.core.common.test_logging_utils.TestApiKeyRedactionFilter" name="test_init_with_keys" time="0.001" /><testcase classname="tests.unit.core.common.test_logging_utils.TestApiKeyRedactionFilter" name="test_init_without_keys" time="0.000" /><testcase classname="tests.unit.core.common.test_logging_utils.TestApiKeyRedactionFilter" name="test_sanitize_string" time="0.000" /><testcase classname="tests.unit.connectors.test_precision_payload_mapping" name="test_openrouter_payload_contains_temperature_and_top_p" time="0.016" /><testcase classname="tests.unit.core.common.test_logging_utils.TestApiKeyRedactionFilter" name="test_sanitize_dict" time="0.000" /><testcase classname="tests.unit.core.common.test_logging_utils.TestApiKeyRedactionFilter" name="test_sanitize_list" time="0.000" /><testcase classname="tests.unit.chat_completions_tests.test_cline_response_active" name="test_cline_first_message_with_detection" time="0.018" /><testcase classname="tests.unit.core.test_backend_service_enhanced.TestBackendServiceCompletions" name="test_call_completion_invalid_streaming_response" time="0.015" /><testcase classname="tests.unit.connectors.test_qwen_oauth_validation.TestFileWatchingFunctionality" name="test_start_file_watching_success" time="0.002" /><testcase classname="tests.unit.connectors.test_precision_payload_mapping" name="test_anthropic_payload_contains_temperature_and_top_p" time="0.014" /><testcase classname="tests.unit.anthropic_connector_tests.test_domain_to_connector" name="test_chat_completions_with_system_message" time="0.011" /><testcase classname="tests.unit.connectors.test_qwen_oauth_validation.TestFileWatchingFunctionality" name="test_start_file_watching_no_credentials_path" time="0.001" /><testcase classname="tests.unit.connectors.test_qwen_oauth_validation.TestFileWatchingFunctionality" name="test_stop_file_watching_success" time="0.001" /><testcase classname="tests.unit.connectors.test_qwen_oauth_validation.TestFileWatchingFunctionality" name="test_stop_file_watching_no_observer" time="0.000" /><testcase classname="tests.integration.test_reasoning_aliases_integration.TestReasoningAliasesIntegration" name="test_no_think_command_integration" time="0.002" /><testcase classname="tests.unit.connectors.test_precision_payload_mapping" name="test_gemini_public_generation_config_clamping_and_topk" time="0.023" /><testcase classname="tests.unit.test_proxy_logic.TestParseArguments" name="test_parse_mixed_arguments" time="0.000" /><testcase classname="tests.integration.test_reasoning_aliases_integration.TestReasoningAliasesIntegration" name="test_reasoning_config_application_to_request" time="0.003" /><testcase classname="tests.unit.test_qwen_oauth_tool_calling_enhanced.TestQwenOAuthToolCallingEnhanced" name="test_model_prefix_stripping" time="0.005" /><testcase classname="tests.unit.core.services.test_usage_tracking_interface.TestUsageTrackingInterfaceCompliance" name="test_usage_tracking_interfaces_are_properly_defined" time="0.000" /><testcase classname="tests.integration.test_new_architecture" name="test_service_provider_has_required_services" time="0.009" /><testcase classname="tests.unit.core.services.test_usage_tracking_interface.TestUsageTrackingInterfaceCompliance" name="test_track_request_has_asynccontextmanager_decorator" time="0.000" /><testcase classname="tests.integration.test_reasoning_aliases_integration.TestReasoningAliasesIntegration" name="test_reasoning_config_application_to_multimodal_request" time="0.004" /><testcase classname="tests.unit.core.services.test_usage_tracking_interface.TestUsageTrackingInterfaceCompliance" name="test_track_request_return_type_annotation" time="0.000" /><testcase classname="tests.unit.connectors.test_qwen_oauth_validation.TestFileWatchingFunctionality" name="test_handle_credentials_file_change_valid_update" time="0.023" /><testcase classname="tests.unit.connectors.test_precision_payload_mapping" name="test_gemini_oauth_personal_builds_topk" time="0.016" /><testcase classname="tests.unit.core.services.test_usage_tracking_interface.TestUsageTrackingInterfaceCompliance" name="test_track_usage_parameter_annotations" time="0.000" /><testcase classname="tests.unit.core.services.test_usage_tracking_interface.TestUsageTrackingInterfaceCompliance" name="test_get_usage_stats_parameter_annotations" time="0.000" /><testcase classname="tests.unit.core.services.streaming.test_middleware_application_processor" name="test_middleware_application_processor_applies_single_middleware" time="0.013" /><testcase classname="tests.unit.core.services.streaming.test_middleware_application_processor" name="test_middleware_application_processor_applies_multiple_middleware" time="0.001" /><testcase classname="tests.unit.anthropic_connector_tests.test_domain_to_connector" name="test_chat_completions_with_tools" time="0.025" /><testcase classname="tests.unit.core.services.streaming.test_middleware_application_processor" name="test_middleware_application_processor_respects_priority_order" time="0.001" /><testcase classname="tests.unit.core.services.streaming.test_middleware_application_processor" name="test_middleware_application_processor_handles_empty_content" time="0.001" /><testcase classname="tests.unit.test_test_quality" name="test_black_formatting_on_tests" time="0.000" /><testcase classname="tests.unit.core.services.streaming.test_middleware_application_processor" name="test_middleware_application_processor_preserves_is_done_and_is_cancellation" time="0.001" /><testcase classname="tests.unit.anthropic_connector_tests.test_domain_to_connector" name="test_chat_completions_streaming" time="0.005" /><testcase classname="tests.integration.test_reasoning_parameters.TestReasoningParameterApplication" name="test_gemini_generation_config_application" time="0.006" /><testcase classname="tests.unit.core.common.test_logging_utils.TestApiKeyRedactionFilter" name="test_filter_log_record" time="0.000" /><testcase classname="tests.unit.loop_detection.test_buffer_comprehensive.TestResponseBufferEdgeCases" name="test_max_size_boundary_conditions" time="0.000" /><testcase classname="tests.unit.loop_detection.test_analyzer_comprehensive.TestLoopDetectionEvent" name="test_event_creation" time="0.000" /><testcase classname="tests.unit.loop_detection.test_analyzer_comprehensive.TestLoopDetectionEvent" name="test_event_default_values" time="0.000" /><testcase classname="tests.unit.loop_detection.test_analyzer_comprehensive.TestLoopDetectionEvent" name="test_event_as_dict_conversion" time="0.000" /><testcase classname="tests.unit.loop_detection.test_buffer_comprehensive.TestResponseBufferEdgeCases" name="test_sequential_operations" time="0.000" /><testcase classname="tests.unit.loop_detection.test_analyzer_comprehensive.TestLoopDetectionEvent" name="test_event_equality" time="0.000" /><testcase classname="tests.unit.loop_detection.test_buffer_comprehensive.TestResponseBufferEdgeCases" name="test_content_preservation_during_overflow" time="0.000" /><testcase classname="tests.unit.anthropic_connector_tests.test_domain_to_connector" name="test_list_models" time="0.002" /><testcase classname="tests.unit.loop_detection.test_analyzer_comprehensive.TestLoopDetectionEvent" name="test_event_string_representation" time="0.000" /><testcase classname="tests.unit.loop_detection.test_buffer_comprehensive.TestResponseBufferEdgeCases" name="test_total_length_tracking_accuracy" time="0.000" /><testcase classname="tests.unit.loop_detection.test_buffer_comprehensive.TestResponseBufferEdgeCases" name="test_get_recent_content_with_overflow" time="0.000" /><testcase classname="tests.unit.connectors.test_qwen_oauth_validation.TestFileWatchingFunctionality" name="test_handle_credentials_file_change_invalid_update" time="0.024" /><testcase classname="tests.integration.test_real_world_loop_detection.TestRealWorldLoopDetection" name="test_streaming_loop_detection_example1" time="0.272" /><testcase classname="tests.unit.core.services.test_usage_tracking_interface.TestUsageTrackingInterfaceCompliance" name="test_get_recent_usage_parameter_annotations" time="0.001" /><testcase classname="tests.integration.test_tool_call_loop_detection.TestToolCallLoopDetection" name="test_break_mode_blocks_repeated_tool_calls" time="0.141" /><testcase classname="tests.unit.test_gemini_converters.TestMessageConversion" name="test_gemini_to_openai_simple_message" time="0.001" /><testcase classname="tests.integration.test_reasoning_aliases_integration.TestReasoningAliasesIntegration" name="test_no_reasoning_config_no_modification" time="0.003" /><testcase classname="tests.unit.test_parse_arguments" name="test_parse_arguments_empty" time="0.000" /><testcase classname="tests.unit.test_parse_arguments" name="test_parse_arguments_simple_key_value" time="0.000" /><testcase classname="tests.unit.connectors.test_precision_payload_mapping" name="test_gemini_cloud_project_builds_topk" time="0.025" /><testcase classname="tests.unit.core.services.streaming.test_middleware_application_processor" name="test_middleware_application_processor_metadata_and_usage_pass_through" time="0.001" /><testcase classname="tests.unit.test_mock_backends" name="test_mock_backends_initialization" time="0.003" /><testcase classname="tests.unit.test_parse_arguments" name="test_parse_arguments_multiple_key_values" time="0.000" /><testcase classname="tests.unit.test_parse_arguments" name="test_parse_arguments_boolean_true" time="0.000" /><testcase classname="tests.unit.test_qwen_oauth_interactive_commands.TestQwenOAuthInteractiveCommands" name="test_environment_variable_support" time="0.017" /><testcase classname="tests.unit.test_rate_limit_registry.TestAsDict" name="test_as_dict_with_dict" time="0.000" /><testcase classname="tests.unit.test_gemini_converters.TestMessageConversion" name="test_gemini_to_openai_model_role" time="0.000" /><testcase classname="tests.unit.test_rate_limit_registry.TestAsDict" name="test_as_dict_with_json_string" time="0.000" /><testcase classname="tests.unit.test_mock_backends" name="test_mock_backend_chat_completions" time="0.002" /><testcase classname="tests.unit.test_rate_limit_registry.TestAsDict" name="test_as_dict_with_invalid_json" time="0.000" /><testcase classname="tests.unit.test_mock_backends" name="test_configure_mock_response" time="0.002" /><testcase classname="tests.unit.test_qwen_oauth_interactive_commands.TestQwenOAuthInteractiveCommands" name="test_cli_argument_support" time="0.003" /><testcase classname="tests.unit.test_parse_arguments" name="test_parse_arguments_mixed_values" time="0.001" /><testcase classname="tests.unit.test_rate_limit_registry.TestAsDict" name="test_as_dict_with_embedded_json" time="0.001" /><testcase classname="tests.unit.test_gemini_converters.TestMessageConversion" name="test_gemini_to_openai_multiple_parts" time="0.001" /><testcase classname="tests.unit.test_rate_limit_registry.TestAsDict" name="test_as_dict_with_no_json_in_string" time="0.000" /><testcase classname="tests.unit.test_qwen_oauth_interactive_commands.TestQwenOAuthInteractiveCommands" name="test_backend_attribute_name_conversion" time="0.002" /><testcase classname="tests.unit.test_gemini_converters.TestMessageConversion" name="test_openai_to_gemini_simple_message" time="0.001" /><testcase classname="tests.unit.test_gemini_converters.TestMessageConversion" name="test_openai_to_gemini_assistant_role" time="0.000" /><testcase classname="tests.integration.test_new_architecture" name="test_chat_completion_endpoint" time="0.045" /><testcase classname="tests.unit.test_qwen_oauth_interactive_commands.TestQwenOAuthInteractiveCommands" name="test_backend_object_accessibility" time="0.002" /><testcase classname="tests.unit.anthropic_connector_tests.test_domain_to_connector" name="test_anthropic_error_handling" time="0.008" /><testcase classname="tests.integration.test_buffered_wire_capture_integration" name="test_buffered_wire_capture_integration" time="0.018" /><testcase classname="tests.unit.test_mock_backends" name="test_configure_streaming_response" time="0.066" /><testcase classname="tests.unit.test_mock_backends" name="test_configure_error_response" time="0.001" /><testcase classname="tests.unit.loop_detection.test_analyzer_comprehensive.TestLoopDetectionEvent" name="test_event_not_hashable" time="0.000" /><testcase classname="tests.integration.test_models_endpoints.TestModelsEndpoints" name="test_models_with_configured_backends" time="0.174" /><testcase classname="tests.unit.loop_detection.test_buffer_comprehensive.TestResponseBufferEdgeCases" name="test_performance_with_many_chunks" time="0.001" /><testcase classname="tests.integration.test_empty_response_handling.TestEmptyResponseHandlingIntegration" name="test_empty_response_retry_mechanism" time="0.037" /><testcase classname="tests.unit.test_qwen_oauth_interactive_commands.TestQwenOAuthInteractiveCommands" name="test_functional_backends_includes_qwen_oauth" time="0.132" /><testcase classname="tests.integration.test_empty_response_handling.TestEmptyResponseHandlingIntegration" name="test_non_empty_response_no_retry" time="0.008" /><testcase classname="tests.unit.chat_completions_tests.test_cline_response_active" name="test_realistic_cline_hello_request" time="0.027" /><testcase classname="tests.integration.test_content_rewriting_middleware.TestContentRewritingMiddleware" name="test_end_to_end_reply_rewriting" time="0.068" /><testcase classname="tests.unit.fixtures.test_example_with_fixtures" name="test_multimodal_message_with_command_fixture" time="0.002" /><testcase classname="tests.unit.core.test_domain_models" name="test_backend_config_immutability" time="0.001" /><testcase classname="tests.unit.core.test_di_container" name="test_service_collection_singleton" time="0.001" /><testcase classname="tests.unit.core.test_domain_models" name="test_reasoning_config_immutability" time="0.001" /><testcase classname="tests.unit.test_parse_arguments" name="test_parse_arguments_quotes_stripping" time="0.000" /><testcase classname="tests.unit.core.test_di_container" name="test_service_collection_transient" time="0.001" /><testcase classname="tests.unit.core.test_domain_models" name="test_loop_detection_config_immutability" time="0.001" /><testcase classname="tests.unit.core.test_domain_models" name="test_session_state_immutability" time="0.001" /><testcase classname="tests.unit.core.test_di_container" name="test_service_collection_scoped" time="0.001" /><testcase classname="tests.integration.test_models_endpoints.TestModelsEndpoints" name="test_models_format_compliance" time="0.014" /><testcase classname="tests.unit.core.test_domain_models" name="test_session_interaction_immutability" time="0.000" /><testcase classname="tests.unit.core.test_di_container" name="test_service_provider_get_required_service" time="0.002" /><testcase classname="tests.unit.core.test_di_container" name="test_service_factory" time="0.000" /><testcase classname="tests.integration.test_empty_response_handling.TestEmptyResponseHandlingIntegration" name="test_streaming_response_bypass" time="0.033" /><testcase classname="tests.integration.test_backend_probing" name="test_functional_backends_in_test_env" time="0.027" /><testcase classname="tests.integration.test_content_rewriting_middleware.TestContentRewritingMiddleware" name="test_end_to_end_rewriting" time="0.064" /><testcase classname="tests.unit.test_rate_limit_registry.TestAsDict" name="test_as_dict_with_non_string_non_dict" time="0.000" /><testcase classname="tests.integration.test_empty_response_handling.TestEmptyResponseHandlingIntegration" name="test_response_with_tool_calls_no_retry" time="0.011" /><testcase classname="tests.integration.test_multimodal_integration.TestMultimodalIntegration" name="test_openai_multimodal_conversion" time="0.000" /><testcase classname="tests.unit.test_gemini_converters.TestMessageConversion" name="test_openai_to_gemini_system_role" time="0.000" /><testcase classname="tests.integration.test_multimodal_integration.TestMultimodalIntegration" name="test_anthropic_multimodal_conversion" time="0.000" /><testcase classname="tests.integration.test_multimodal_integration.TestMultimodalIntegration" name="test_gemini_multimodal_conversion" time="0.000" /><testcase classname="tests.integration.test_multimodal_integration.TestMultimodalIntegration" name="test_complex_multimodal_message" time="0.000" /><testcase classname="tests.integration.test_real_world_loop_detection.TestRealWorldLoopDetection" name="test_streaming_no_false_positive_example3" time="0.260" /><testcase classname="tests.integration.test_new_architecture" name="test_command_processing" time="0.063" /><testcase classname="tests.integration.test_prompt_prefix_suffix.TestPromptPrefixSuffix" name="test_string_content_prefix_suffix" time="0.005" /><testcase classname="tests.unit.test_qwen_oauth_interactive_commands.TestQwenOAuthInteractiveCommands" name="test_backend_routing_with_qwen_oauth" time="0.000" /><testcase classname="tests.integration.test_real_world_loop_detection.TestRealWorldLoopDetection" name="test_unicode_character_counting" time="0.002" /><testcase classname="tests.integration.test_prompt_prefix_suffix.TestPromptPrefixSuffix" name="test_empty_prefix_suffix" time="0.003" /><testcase classname="tests.integration.test_prompt_prefix_suffix.TestPromptPrefixSuffix" name="test_none_prefix_suffix" time="0.002" /><testcase classname="tests.integration.test_tool_call_loop_detection.TestToolCallLoopDetection" name="test_chance_then_break_mode_transparent_retry_success" time="0.255" /><testcase classname="tests.integration.test_prompt_prefix_suffix.TestPromptPrefixSuffix" name="test_only_prefix_no_suffix" time="0.007" /><testcase classname="tests.integration.test_simple_gemini_client" name="test_gemini_client_creation" time="0.045" /><testcase classname="tests.integration.test_json_repair_pipeline" name="test_json_repair_and_tool_call_repair_together_objects" time="0.077" /><testcase classname="tests.integration.test_buffered_wire_capture_integration" name="test_buffered_wire_capture_end_to_end" time="0.102" /><testcase classname="tests.integration.test_backend_probing" name="test_backend_config_provider_in_di" time="0.001" /><testcase classname="tests.unit.test_test_quality" name="test_ruff_linting_on_src" time="0.597" /><testcase classname="tests.unit.test_test_quality" name="test_black_formatting_on_src" time="0.000" /><testcase classname="tests.integration.test_models_endpoints.TestModelsEndpointIntegration" name="test_full_models_discovery_flow" time="0.282" /><testcase classname="tests.integration.test_content_rewriting_middleware.TestContentRewritingMiddleware" name="test_inbound_reply_rewriting" time="0.147" /><testcase classname="tests.integration.test_new_architecture" name="test_streaming_response" time="0.034" /><testcase classname="tests.unit.core.test_domain_models" name="test_session_mutability" time="0.001" /><testcase classname="tests.integration.test_json_repair_pipeline" name="test_sse_formatting_with_json_repair_bytes" time="0.079" /><testcase classname="tests.unit.core.test_di_container" name="test_service_with_dependency" time="0.001" /><testcase classname="tests.unit.core.adapters.test_api_adapters.TestConvertToolCalls" name="test_none_input" time="0.000" /><testcase classname="tests.unit.core.adapters.test_api_adapters.TestConvertToolCalls" name="test_empty_list" time="0.000" /><testcase classname="tests.unit.core.adapters.test_api_adapters.TestConvertToolCalls" name="test_convert_dict_tool_calls" time="0.001" /><testcase classname="tests.unit.core.adapters.test_api_adapters.TestConvertToolCalls" name="test_convert_existing_tool_calls" time="0.000" /><testcase classname="tests.unit.connectors.test_streaming_utils.TestNormalizeStreamingResponse" name="test_normalize_streaming_response_basic" time="0.050" /><testcase classname="tests.unit.test_mock_backends" name="test_real_backend_fixture" time="0.235" /><testcase classname="tests.integration.test_simple_gemini_client" name="test_gemini_models_endpoint_format" time="0.076" /><testcase classname="tests.unit.connectors.test_streaming_utils.TestNormalizeStreamingResponse" name="test_normalize_streaming_response_with_headers" time="0.001" /><testcase classname="tests.unit.connectors.test_qwen_oauth_validation.TestBackendHealthTracking" name="test_is_backend_functional_with_valid_state" time="0.000" /><testcase classname="tests.unit.connectors.test_streaming_utils.TestNormalizeStreamingResponse" name="test_normalize_streaming_response_with_media_type" time="0.001" /><testcase classname="tests.unit.connectors.test_qwen_oauth_validation.TestBackendHealthTracking" name="test_is_backend_functional_with_initialization_failed" time="0.000" /><testcase classname="tests.unit.connectors.test_streaming_utils.TestNormalizeStreamingResponse" name="test_normalize_streaming_response_without_normalization" time="0.001" /><testcase classname="tests.unit.connectors.test_qwen_oauth_validation.TestBackendHealthTracking" name="test_is_backend_functional_with_validation_errors" time="0.000" /><testcase classname="tests.unit.connectors.test_qwen_oauth_validation.TestBackendHealthTracking" name="test_is_backend_functional_not_functional" time="0.000" /><testcase classname="tests.integration.test_content_rewriting_middleware.TestContentRewritingMiddleware" name="test_outbound_prompt_rewriting" time="0.106" /><testcase classname="tests.integration.test_empty_response_handling.TestEmptyResponseHandlingIntegration" name="test_recovery_prompt_loaded_from_file" time="0.029" /><testcase classname="tests.integration.test_json_repair_pipeline" name="test_schema_aware_json_repair_success" time="0.082" /><testcase classname="tests.unit.core.adapters.test_api_adapters.TestConvertTools" name="test_none_input" time="0.000" /><testcase classname="tests.unit.core.adapters.test_api_adapters.TestConvertTools" name="test_empty_list" time="0.000" /><testcase classname="tests.unit.core.adapters.test_api_adapters.TestConvertTools" name="test_convert_dict_tools" time="0.000" /><testcase classname="tests.unit.core.adapters.test_api_adapters.TestConvertTools" name="test_convert_existing_tool_definitions" time="0.001" /><testcase classname="tests.integration.test_multimodal_integration.TestMultimodalIntegration" name="test_mixed_content_types" time="0.000" /><testcase classname="tests.integration.test_models_endpoints.TestModelsEndpoints" name="test_models_endpoint_error_handling" time="0.224" /><testcase classname="tests.unit.connectors.test_qwen_oauth_validation.TestRuntimeValidation" name="test_validate_runtime_credentials_valid_token" time="0.001" /><testcase classname="tests.unit.core.adapters.test_response_adapters.TestWrapAsyncIterator" name="test_wrap_without_mapper" time="0.001" /><testcase classname="tests.integration.test_json_repair_pipeline" name="test_schema_aware_json_repair_invalid_yields_raw" time="0.038" /><testcase classname="tests.unit.core.adapters.test_response_adapters.TestWrapAsyncIterator" name="test_wrap_with_mapper" time="0.001" /><testcase classname="tests.unit.connectors.test_qwen_oauth_validation.TestRuntimeValidation" name="test_validate_runtime_credentials_expired_token_reload_success" time="0.004" /><testcase classname="tests.integration.test_backend_probing" name="test_httpx_client_shared_in_di" time="0.001" /><testcase classname="tests.unit.core.adapters.test_response_adapters.TestWrapAsyncIterator" name="test_wrap_empty_iterator" time="0.001" /><testcase classname="tests.integration.test_prompt_prefix_suffix.TestPromptPrefixSuffix" name="test_only_suffix_no_prefix" time="0.006" /><testcase classname="tests.unit.core.adapters.test_response_adapters.TestWrapAsyncIterator" name="test_wrap_single_chunk" time="0.001" /><testcase classname="tests.unit.core.services.test_structured_wire_capture" name="test_enabled" time="0.000" /><testcase classname="tests.unit.connectors.test_qwen_oauth_validation.TestRuntimeValidation" name="test_validate_runtime_credentials_expired_token_reload_still_expired" time="0.004" /><testcase classname="tests.integration.test_buffered_wire_capture_integration" name="test_buffered_wire_capture_streaming" time="0.022" /><testcase classname="tests.unit.connectors.test_qwen_oauth_validation.TestRuntimeValidation" name="test_validate_runtime_credentials_reload_failure" time="0.003" /><testcase classname="tests.integration.test_tool_call_loop_detection.TestToolCallLoopDetection" name="test_chance_then_break_mode_transparent_retry_fail" time="0.109" /><testcase classname="tests.unit.core.services.test_structured_wire_capture" name="test_capture_outbound_request" time="0.013" /><testcase classname="tests.unit.core.services.test_structured_wire_capture" name="test_capture_inbound_response" time="0.015" /><testcase classname="tests.integration.test_simple_gemini_client" name="test_gemini_generate_content_endpoint_format" time="0.082" /><testcase classname="tests.integration.test_models_endpoints.TestModelsEndpointIntegration" name="test_models_caching_behavior" time="0.271" /><testcase classname="tests.integration.test_content_rewriting_middleware.TestContentRewritingMiddleware" name="test_streaming_reply_rewriting" time="0.044" /><testcase classname="tests.unit.core.services.test_structured_wire_capture" name="test_wrap_inbound_stream" time="0.045" /><testcase classname="tests.unit.core.adapters.test_api_adapters.TestConvertToolCalls" name="test_convert_legacy_model_tool_calls" time="0.000" /><testcase classname="tests.unit.core.test_config" name="test_app_config_defaults" time="0.001" /><testcase classname="tests.unit.core.services.test_tool_call_reactor_service.TestInMemoryToolCallHistoryTracker" name="test_record_tool_call" time="0.003" /><testcase classname="tests.unit.core.test_config" name="test_app_config_validation" time="0.001" /><testcase classname="tests.unit.core.test_config" name="test_app_config_from_env" time="0.002" /><testcase classname="tests.unit.core.services.test_tool_call_reactor_service.TestInMemoryToolCallHistoryTracker" name="test_get_call_count_time_window" time="0.001" /><testcase classname="tests.unit.connectors.test_qwen_oauth_validation.TestBackendHealthTracking" name="test_get_validation_errors" time="0.001" /><testcase classname="tests.unit.core.testing.test_interfaces.TestSafeTestSession" name="test_initialization" time="0.001" /><testcase classname="tests.unit.core.services.test_tool_call_reactor_service.TestInMemoryToolCallHistoryTracker" name="test_get_call_count_different_sessions" time="0.001" /><testcase classname="tests.unit.core.testing.test_interfaces.TestSafeTestSession" name="test_add_interaction_with_real_interaction" time="0.001" /><testcase classname="tests.integration.test_new_architecture" name="test_anthropic_endpoint" time="0.068" /><testcase classname="tests.unit.core.services.test_tool_call_reactor_service.TestInMemoryToolCallHistoryTracker" name="test_clear_history_all_sessions" time="0.001" /><testcase classname="tests.unit.core.testing.test_interfaces.TestSafeTestSession" name="test_add_interaction_with_async_mock_raises_error" time="0.002" /><testcase classname="tests.unit.core.testing.test_interfaces.TestSafeTestSession" name="test_get_interactions_returns_copy" time="0.000" /><testcase classname="tests.unit.core.adapters.test_api_adapters.TestConvertTools" name="test_convert_legacy_model_tools" time="0.001" /><testcase classname="tests.unit.core.services.streaming.test_content_accumulation_processor" name="test_content_accumulation_processor_accumulates_multiple_chunks" time="0.001" /><testcase classname="tests.unit.core.testing.test_type_checker.TestCreatePreCommitHook" name="test_create_pre_commit_hook_returns_string" time="0.001" /><testcase classname="tests.unit.core.test_config" name="test_load_config" time="0.042" /><testcase classname="tests.unit.core.testing.test_type_checker.TestCreatePreCommitHook" name="test_create_pre_commit_hook_contains_shebang" time="0.000" /><testcase classname="tests.unit.core.services.streaming.test_content_accumulation_processor" name="test_content_accumulation_processor_emits_on_is_done" time="0.001" /><testcase classname="tests.unit.core.testing.test_type_checker.TestCreatePreCommitHook" name="test_create_pre_commit_hook_contains_python_code" time="0.000" /><testcase classname="tests.unit.core.testing.test_type_checker.TestCreatePreCommitHook" name="test_create_pre_commit_hook_contains_error_handling" time="0.001" /><testcase classname="tests.unit.core.services.streaming.test_content_accumulation_processor" name="test_content_accumulation_processor_handles_empty_chunks" time="0.001" /><testcase classname="tests.integration.test_models_endpoints.TestModelsEndpointIntegration" name="test_models_endpoint_performance" time="0.125" /><testcase classname="tests.unit.core.services.streaming.test_content_accumulation_processor" name="test_content_accumulation_processor_resets_buffer_after_emission" time="0.001" /><testcase classname="tests.unit.core.adapters.test_response_adapters.TestWrapAsyncIterator" name="test_mapper_modifies_chunks" time="0.001" /><testcase classname="tests.unit.core.utils.test_json_intent" name="test_is_json_like" time="0.000" /><testcase classname="tests.unit.connectors.test_qwen_oauth_validation.TestRuntimeValidation" name="test_validate_runtime_credentials_throttling" time="0.001" /><testcase classname="tests.unit.core.utils.test_json_intent" name="test_is_json_content_type" time="0.000" /><testcase classname="tests.unit.core.utils.test_json_intent" name="test_infer_expected_json" time="0.001" /><testcase classname="tests.unit.core.services.test_structured_wire_capture" name="test_extract_system_prompt" time="0.001" /><testcase classname="tests.unit.core.utils.test_json_intent" name="test_set_expected_json" time="0.000" /><testcase classname="tests.unit.test_agent_utils" name="test_detect_agent_cline" time="0.000" /><testcase classname="tests.integration.test_simple_gemini_client" name="test_gemini_request_conversion_to_openai" time="0.041" /><testcase classname="tests.integration.test_backend_probing" name="test_backend_factory_uses_shared_client" time="0.001" /><testcase classname="tests.unit.test_agent_utils" name="test_detect_agent_roocode" time="0.000" /><testcase classname="tests.unit.test_agent_utils" name="test_detect_agent_aider" time="0.001" /><testcase classname="tests.unit.test_agent_utils" name="test_wrap_proxy_message_cline" time="0.002" /><testcase classname="tests.unit.core.test_config" name="test_load_config_debug" time="0.005" /><testcase classname="tests.integration.test_json_repair_pipeline" name="test_large_buffer_exceeds_cap_but_repairs_at_completion" time="0.095" /><testcase classname="tests.unit.core.services.test_tool_call_reactor_service.TestInMemoryToolCallHistoryTracker" name="test_clear_history_specific_session" time="0.001" /><testcase classname="tests.unit.core.testing.test_type_checker.TestRuntimePatternChecker" name="test_check_service_registration_with_session_service" time="0.003" /><testcase classname="tests.unit.core.testing.test_interfaces.TestSafeTestSession" name="test_multiple_interactions" time="0.005" /><testcase classname="tests.unit.core.testing.test_type_checker.TestRuntimePatternChecker" name="test_check_service_registration_with_sync_service" time="0.005" /><testcase classname="tests.unit.core.testing.test_type_checker.TestRuntimePatternChecker" name="test_check_service_registration_with_async_mock" time="0.003" /><testcase classname="tests.unit.core.testing.test_type_checker.TestRuntimePatternChecker" name="test_validate_test_app_no_service_provider" time="0.000" /><testcase classname="tests.integration.test_models_endpoints.TestModelsEndpointIntegration" name="test_both_endpoints_return_same_data[/models]" time="0.097" /><testcase classname="tests.unit.zai_connector_tests.test_domain_to_connector" name="test_chat_completions_basic_request" time="0.003" /><testcase classname="tests.unit.openai_connector_tests.test_streaming_response" name="test_streaming_response_async_iterator" time="0.003" /><testcase classname="tests.unit.zai_connector_tests.test_domain_to_connector" name="test_chat_completions_with_tools" time="0.002" /><testcase classname="tests.unit.zai_connector_tests.test_domain_to_connector" name="test_chat_completions_streaming" time="0.002" /><testcase classname="tests.unit.zai_connector_tests.test_domain_to_connector" name="test_list_models" time="0.002" /><testcase classname="tests.unit.openai_connector_tests.test_streaming_response" name="test_streaming_response_sync_iterator" time="0.003" /><testcase classname="tests.unit.openai_connector_tests.test_streaming_response" name="test_streaming_response_coroutine" time="0.006" /><testcase classname="tests.integration.test_backend_probing" name="test_backend_service_uses_backend_config_provider" time="0.001" /><testcase classname="tests.integration.test_buffered_wire_capture_integration" name="test_buffered_wire_capture_performance" time="0.102" /><testcase classname="tests.unit.core.testing.test_type_checker.TestTypeCheckerIntegration" name="test_complete_file_analysis_workflow" time="0.027" /><testcase classname="tests.unit.core.testing.test_type_checker.TestTypeCheckerIntegration" name="test_ast_node_checking_methods_exist" time="0.000" /><testcase classname="tests.unit.core.testing.test_type_checker.TestCreatePreCommitHook" name="test_create_pre_commit_hook_contains_helpful_messages" time="0.003" /><testcase classname="tests.integration.test_buffered_wire_capture_integration" name="test_buffered_wire_capture_configuration_validation" time="0.005" /><testcase classname="tests.unit.test_security" name="test_cli_disable_auth_forces_localhost" time="0.280" /><testcase classname="tests.unit.openai_connector_tests.test_streaming_response" name="test_streaming_response_error" time="0.005" /><testcase classname="tests.integration.test_simple_gemini_client" name="test_backend_routing_through_gemini_format" time="0.111" /><testcase classname="tests.unit.core.testing.test_type_checker.TestTypeCheckerIntegration" name="test_checker_can_parse_complex_code" time="0.003" /><testcase classname="tests.unit.test_command_sanitizer.TestCommandSanitizer" name="test_sanitize[Hello !/help()-Hello]" time="0.001" /><testcase classname="tests.unit.test_command_sanitizer.TestCommandSanitizer" name="test_sanitize[!/help() world-world]" time="0.000" /><testcase classname="tests.unit.test_command_sanitizer.TestCommandSanitizer" name="test_sanitize[Hi !/set(name=val) there-Hi there]" time="0.001" /><testcase classname="tests.integration.test_tool_call_loop_detection.TestToolCallLoopDetection" name="test_different_tool_calls_not_blocked" time="0.420" /><testcase classname="tests.unit.core.services.streaming.test_content_accumulation_processor" name="test_content_accumulation_processor_empty_initial_stream" time="0.001" /><testcase classname="tests.unit.test_command_sanitizer.TestCommandSanitizer" name="test_sanitize[No command here-No command here]" time="0.000" /><testcase classname="tests.integration.commands.test_integration_unset_command" name="test_unset_temperature_snapshot" time="0.002" /><testcase classname="tests.integration.commands.test_integration_unset_command" name="test_unset_model_snapshot" time="0.002" /><testcase classname="tests.unit.core.testing.test_type_checker.TestTypeCheckerIntegration" name="test_checker_handles_malformed_python" time="0.045" /><testcase classname="tests.unit.test_security" name="test_env_disable_auth_forces_localhost" time="0.103" /><testcase classname="tests.unit.core.utils.test_json_intent" name="test_set_json_response_metadata_sets_headers_and_flag" time="0.001" /><testcase classname="tests.integration.commands.test_integration_unset_command" name="test_unset_multiple_params_snapshot" time="0.003" /><testcase classname="tests.unit.test_agent_utils" name="test_wrap_proxy_message_aider" time="0.000" /><testcase classname="tests.integration.test_direct_controllers" name="test_chat_controller" time="0.030" /><testcase classname="tests.unit.core.testing.test_type_checker.TestRuntimePatternChecker" name="test_validate_test_app_with_service_provider" time="0.001" /><testcase classname="tests.unit.test_security" name="test_auth_enabled_allows_custom_host" time="0.100" /><testcase classname="tests.integration.test_oneoff_commands_minimal" name="test_oneoff_command_parsing" time="0.002" /><testcase classname="tests.unit.test_security" name="test_config_disable_auth_forces_localhost" time="0.004" /><testcase classname="tests.integration.test_direct_controllers" name="test_chat_controller_error_handling" time="0.039" /><testcase classname="tests.unit.zai_connector_tests.test_domain_to_connector" name="test_default_models_fallback" time="0.034" /><testcase classname="tests.integration.test_models_endpoints.TestModelsEndpointIntegration" name="test_both_endpoints_return_same_data[/v1/models]" time="0.191" /><testcase classname="tests.integration.test_direct_controllers" name="test_anthropic_controller" time="0.001" /><testcase classname="tests.chat_completions_tests.test_anthropic_frontend" name="test_anthropic_messages_non_streaming_frontend" time="0.163" /><testcase classname="tests.unit.openai_connector_tests.test_streaming_response" name="test_streaming_response_no_auth" time="0.001" /><testcase classname="tests.unit.commands.test_unit_oneoff_command" name="test_oneoff_success_slash_format" time="0.001" /><testcase classname="tests.unit.test_command_sanitizer.TestCommandSanitizer" name="test_sanitize[-]" time="0.000" /><testcase classname="tests.unit.core.testing.test_type_checker.TestTypeCheckerIntegration" name="test_directory_checking_with_mixed_files" time="0.018" /><testcase classname="tests.unit.commands.test_unit_oneoff_command" name="test_oneoff_success_colon_format" time="0.001" /><testcase classname="tests.unit.commands.test_unit_unset_command" name="test_unset_backend" time="0.000" /><testcase classname="tests.unit.connectors.test_qwen_oauth_validation.TestInitializationValidation" name="test_initialize_missing_credentials_file" time="0.003" /><testcase classname="tests.unit.commands.test_unit_unset_command" name="test_unset_model" time="0.000" /><testcase classname="tests.integration.test_oneoff_commands_minimal" name="test_oneoff_command_execution" time="0.001" /><testcase classname="tests.unit.commands.test_unit_oneoff_command" name="test_oneoff_failure_no_args" time="0.001" /><testcase classname="tests.unit.commands.test_unit_unset_command" name="test_unset_temperature" time="0.001" /><testcase classname="tests.integration.test_oneoff_commands_minimal" name="test_oneoff_command_invalid_format" time="0.001" /><testcase classname="tests.integration.commands.test_integration_unset_command" name="test_unset_unknown_param_snapshot" time="0.003" /><testcase classname="tests.unit.connectors.test_qwen_oauth_validation.TestInitializationValidation" name="test_initialize_expired_credentials" time="0.032" /><testcase classname="tests.integration.test_end_to_end_loop_detection" name="test_loop_detection_with_mocked_backend" time="0.247" /><testcase classname="tests.integration.test_versioned_api" name="test_versioned_endpoint_exists" time="0.008" /><testcase classname="tests.unit.test_security" name="test_security_documentation" time="0.010" /><testcase classname="tests.unit.connectors.test_qwen_oauth_validation.TestInitializationValidation" name="test_initialize_valid_credentials" time="0.025" /><testcase classname="tests.unit.core.adapters.test_api_adapters.TestDictToDomainChatRequest" name="test_basic_conversion" time="0.004" /><testcase classname="tests.unit.core.adapters.test_api_adapters.TestDictToDomainChatRequest" name="test_empty_messages_raises_error" time="0.000" /><testcase classname="tests.unit.core.adapters.test_api_adapters.TestDictToDomainChatRequest" name="test_convert_existing_chat_messages" time="0.000" /><testcase classname="tests.unit.connectors.test_zai_coding_plan" name="test_backend_initialization" time="0.001" /><testcase classname="tests.unit.connectors.test_zai_coding_plan" name="test_get_available_models" time="0.001" /><testcase classname="tests.unit.connectors.test_zai_coding_plan" name="test_list_models" time="0.001" /><testcase classname="tests.chat_completions_tests.test_anthropic_frontend" name="test_anthropic_messages_streaming_frontend" time="0.061" /><testcase classname="tests.integration.test_direct_controllers" name="test_anthropic_controller_error_handling" time="0.001" /><testcase classname="tests.unit.core.adapters.test_response_adapters.TestAdaptResponse" name="test_adapt_response_envelope" time="0.000" /><testcase classname="tests.unit.core.adapters.test_response_adapters.TestAdaptResponse" name="test_adapt_streaming_response_envelope" time="0.000" /><testcase classname="tests.unit.core.adapters.test_response_adapters.TestAdaptResponse" name="test_adapt_existing_response" time="0.000" /><testcase classname="tests.integration.test_cline_tool_call_implementation" name="test_cline_commands_return_tool_calls[!/hello-hello]" time="0.020" /><testcase classname="tests.integration.test_end_to_end_loop_detection" name="test_loop_detection_in_streaming_response" time="0.139" /><testcase classname="tests.unit.commands.test_unit_oneoff_command" name="test_oneoff_failure_invalid_format" time="0.001" /><testcase classname="tests.integration.test_end_to_end_loop_detection" name="test_loop_detection_integration_with_middleware_chain" time="0.010" /><testcase classname="tests.unit.core.commands.handlers.test_reasoning_aliases.TestSetModeCommandHandler" name="test_handle_success" time="0.002" /><testcase classname="tests.unit.core.commands.handlers.test_reasoning_aliases.TestSetModeCommandHandler" name="test_handle_missing_args" time="0.001" /><testcase classname="tests.integration.test_buffered_wire_capture_integration" name="test_buffered_wire_capture_shutdown_cleanup" time="0.064" /><testcase classname="tests.unit.core.commands.handlers.test_reasoning_aliases.TestSetModeCommandHandler" name="test_handle_no_config" time="0.002" /><testcase classname="tests.unit.commands.test_unit_temperature_command" name="test_temperature_success" time="0.001" /><testcase classname="tests.unit.commands.test_unit_temperature_command" name="test_temperature_failure_invalid_number" time="0.001" /><testcase classname="tests.unit.commands.test_unit_temperature_command" name="test_temperature_failure_out_of_range" time="0.001" /><testcase classname="tests.unit.commands.test_unit_unset_command" name="test_unset_project" time="0.000" /><testcase classname="tests.unit.core.config.test_config_loader" name="test_load_reasoning_aliases_config_success" time="0.009" /><testcase classname="tests.integration.test_oneoff_commands_minimal" name="test_oneoff_command_missing_argument" time="0.001" /><testcase classname="tests.integration.test_tool_call_loop_detection.TestToolCallLoopDetection" name="test_disabled_tool_call_loop_detection" time="0.433" /><testcase classname="tests.unit.core.config.test_config_loader" name="test_load_reasoning_aliases_config_invalid_yaml" time="0.010" /><testcase classname="tests.unit.core.config.test_config_loader" name="test_load_reasoning_aliases_config_validation_error" time="0.009" /><testcase classname="tests.unit.core.di.test_service_registration.TestServiceRegistration" name="test_stream_normalizer_registration" time="0.016" /><testcase classname="tests.unit.core.di.test_service_registration.TestServiceRegistration" name="test_tool_call_repair_service_registration" time="0.003" /><testcase classname="tests.unit.core.di.test_service_registration.TestServiceRegistration" name="test_get_service_provider_global_access" time="0.003" /><testcase classname="tests.unit.core.adapters.test_api_adapters.TestDictToDomainChatRequest" name="test_convert_legacy_message_objects" time="0.001" /><testcase classname="tests.unit.core.repositories.test_repository_interfaces.TestISessionRepositoryInterface" name="test_session_repository_extends_repository" time="0.000" /><testcase classname="tests.integration.test_cline_tool_call_implementation" name="test_cline_commands_return_tool_calls[!/set(project=test-project)-set]" time="0.074" /><testcase classname="tests.unit.core.repositories.test_repository_interfaces.TestISessionRepositoryInterface" name="test_session_repository_type_parameter" time="0.000" /><testcase classname="tests.unit.core.repositories.test_repository_interfaces.TestISessionRepositoryInterface" name="test_session_repository_additional_methods" time="0.000" /><testcase classname="tests.unit.connectors.test_zai_coding_plan" name="test_chat_completions_model_rewrite" time="0.003" /><testcase classname="tests.unit.core.repositories.test_repository_interfaces.TestIUsageRepositoryInterface" name="test_usage_repository_extends_repository" time="0.000" /><testcase classname="tests.unit.connectors.test_qwen_oauth_validation.TestInitializationValidation" name="test_initialize_token_refresh_failure" time="0.039" /><testcase classname="tests.unit.core.repositories.test_repository_interfaces.TestIUsageRepositoryInterface" name="test_usage_repository_type_parameter" time="0.000" /><testcase classname="tests.unit.core.repositories.test_repository_interfaces.TestIUsageRepositoryInterface" name="test_usage_repository_additional_methods" time="0.002" /><testcase classname="tests.unit.core.adapters.test_response_adapters.TestAdaptResponse" name="test_adapt_invalid_type" time="0.001" /><testcase classname="tests.unit.core.repositories.test_repository_interfaces.TestIRepositoryInterface" name="test_repository_is_abstract" time="0.000" /><testcase classname="tests.unit.core.services.test_in_memory_rate_limiter.TestCreateRateLimiter" name="test_create_with_dict_config" time="0.001" /><testcase classname="tests.unit.core.repositories.test_repository_interfaces.TestIRepositoryInterface" name="test_repository_has_type_parameter" time="0.000" /><testcase classname="tests.unit.core.repositories.test_repository_interfaces.TestIRepositoryInterface" name="test_repository_abstract_methods" time="0.000" /><testcase classname="tests.unit.core.services.test_in_memory_rate_limiter.TestCreateRateLimiter" name="test_create_with_app_config_like_object" time="0.001" /><testcase classname="tests.unit.core.services.test_in_memory_rate_limiter.TestCreateRateLimiter" name="test_create_with_minimal_config" time="0.001" /><testcase classname="tests.integration.test_cline_tool_call_implementation" name="test_xml_from_backend_is_converted_to_tool_calls_for_cline" time="0.029" /><testcase classname="tests.chat_completions_tests.test_anthropic_frontend" name="test_anthropic_messages_auth_failure" time="0.032" /><testcase classname="tests.unit.core.commands.handlers.test_reasoning_aliases.TestSetModeCommandHandler" name="test_handle_no_model" time="0.005" /><testcase classname="tests.unit.core.services.test_rate_limiter_interface.TestRateLimiterInterfaceCompliance" name="test_rate_limiter_interfaces_are_properly_defined" time="0.000" /><testcase classname="tests.unit.core.services.test_rate_limiter_interface.TestRateLimiterInterfaceCompliance" name="test_rate_limit_info_has_required_attributes" time="0.000" /><testcase classname="tests.unit.commands.test_unit_temperature_command" name="test_temperature_failure_no_value" time="0.001" /><testcase classname="tests.unit.core.services.test_rate_limiter_interface.TestRateLimiterInterfaceCompliance" name="test_rate_limit_info_attribute_types" time="0.000" /><testcase classname="tests.integration.test_versioned_api" name="test_versioned_endpoint_with_backend_service" time="0.041" /><testcase classname="tests.unit.core.services.test_tool_call_repair.TestToolCallRepairService" name="test_repair_tool_calls_json_pattern" time="0.001" /><testcase classname="tests.unit.core.services.test_tool_call_repair.TestToolCallRepairService" name="test_repair_tool_calls_text_pattern" time="0.000" /><testcase classname="tests.unit.core.services.test_tool_call_repair.TestToolCallRepairService" name="test_repair_tool_calls_code_block_pattern" time="0.001" /><testcase classname="tests.unit.core.config.test_config_loader" name="test_load_reasoning_aliases_config_file_not_found" time="0.001" /><testcase classname="tests.unit.core.test_authentication_di.TestAuthMiddleware" name="test_valid_token" time="0.014" /><testcase classname="tests.chat_completions_tests.test_anthropic_frontend" name="test_models_endpoint_includes_anthropic" time="0.015" /><testcase classname="tests.unit.core.test_authentication_di.TestAuthMiddleware" name="test_invalid_token" time="0.007" /><testcase classname="tests.unit.core.di.test_service_registration.TestServiceRegistration" name="test_response_processor_streaming_pipeline_setup" time="0.008" /><testcase classname="tests.unit.core.test_authentication_di.TestAuthMiddleware" name="test_missing_token" time="0.005" /><testcase classname="tests.integration.test_end_to_end_loop_detection" name="test_request_processor_uses_response_processor" time="0.219" /><testcase classname="tests.unit.core.repositories.test_repository_interfaces.TestISessionRepositoryInterface" name="test_session_repository_method_signatures" time="0.001" /><testcase classname="tests.unit.core.services.test_json_repair_service" name="test_repair_json_valid" time="0.001" /><testcase classname="tests.integration.test_versioned_api" name="test_versioned_endpoint_with_commands" time="0.008" /><testcase classname="tests.unit.core.services.test_json_repair_service" name="test_repair_json_invalid" time="0.001" /><testcase classname="tests.unit.core.test_constants" name="test_api_response_constants" time="0.001" /><testcase classname="tests.unit.core.test_constants" name="test_backend_constants" time="0.000" /><testcase classname="tests.unit.core.services.test_json_repair_service" name="test_validate_json_valid" time="0.001" /><testcase classname="tests.unit.core.test_constants" name="test_model_constants" time="0.000" /><testcase classname="tests.unit.core.repositories.test_repository_interfaces.TestIUsageRepositoryInterface" name="test_usage_repository_method_signatures" time="0.000" /><testcase classname="tests.unit.core.test_backend_service_enhanced.TestBackendServiceBasic" name="test_get_or_create_backend_cached" time="0.020" /><testcase classname="tests.unit.core.test_logging_utils.TestLogging" name="test_get_logger" time="0.003" /><testcase classname="tests.unit.core.test_logging_utils.TestLogging" name="test_log_call" time="0.003" /><testcase classname="tests.unit.core.repositories.test_repository_interfaces.TestIRepositoryInterface" name="test_repository_method_signatures" time="0.000" /><testcase classname="tests.unit.core.services.test_in_memory_rate_limiter.TestCreateRateLimiter" name="test_create_with_non_dict_config" time="0.001" /><testcase classname="tests.unit.core.testing.test_example_usage.TestSomeComplexService" name="test_complex_service_creation" time="0.001" /><testcase classname="tests.unit.core.testing.test_base_stage.TestBaseStageIntegration" name="test_complete_stage_execution_workflow" time="0.006" /><testcase classname="tests.unit.core.testing.test_example_usage.TestSomeComplexService" name="test_sync_method" time="0.000" /><testcase classname="tests.unit.core.test_logging_utils.TestLogging" name="test_log_async_call" time="0.003" /><testcase classname="tests.unit.core.testing.test_example_usage.TestSomeComplexService" name="test_is_enabled_method" time="0.000" /><testcase classname="tests.unit.core.test_backend_service_enhanced.TestBackendServiceBasic" name="test_get_or_create_backend_new" time="0.018" /><testcase classname="tests.unit.core.services.test_rate_limiter_interface.TestRateLimiterInterfaceCompliance" name="test_rate_limit_info_as_dict_conversion" time="0.001" /><testcase classname="tests.unit.core.testing.test_interfaces.TestTestStageValidator" name="test_validate_stage_services_with_empty_services" time="0.000" /><testcase classname="tests.unit.core.testing.test_interfaces.TestTestStageValidator" name="test_validate_stage_services_with_session_service" time="0.002" /><testcase classname="tests.unit.core.testing.test_interfaces.TestTestStageValidator" name="test_validate_stage_services_with_problematic_session_service" time="0.004" /><testcase classname="tests.unit.core.test_backend_service_enhanced.TestBackendServiceBasic" name="test_get_or_create_backend_error" time="0.006" /><testcase classname="tests.unit.core.services.test_tool_call_repair.TestToolCallRepairService" name="test_repair_tool_calls_no_match" time="0.000" /><testcase classname="tests.unit.loop_detection.test_tool_call_tracker.TestToolCallSignature" name="test_from_tool_call_valid_json" time="0.001" /><testcase classname="tests.unit.loop_detection.test_tool_call_tracker.TestToolCallSignature" name="test_from_tool_call_invalid_json" time="0.000" /><testcase classname="tests.unit.loop_detection.test_tool_call_tracker.TestToolCallSignature" name="test_get_full_signature" time="0.002" /><testcase classname="tests.integration.test_cline_tool_call_implementation" name="test_non_cline_agents_receive_regular_content" time="0.035" /><testcase classname="tests.unit.core.services.test_backend_service_hypothesis.TestBackendServiceHypothesis" name="test_call_completion_with_various_models_and_messages" time="0.087" /><testcase classname="tests.unit.core.test_authentication_di.TestAuthMiddleware" name="test_bypass_path" time="0.002" /><testcase classname="tests.unit.core.services.test_json_repair_service" name="test_validate_json_invalid" time="0.002" /><testcase classname="tests.unit.core.services.test_backend_service_hypothesis.TestBackendServiceHypothesis" name="test_validate_backend_and_model_with_various_backends" time="0.022" /><testcase classname="tests.unit.test_command_argument_parser.TestCommandArgumentParser" name="test_parse_various_inputs[None-expected0]" time="0.000" /><testcase classname="tests.unit.test_command_argument_parser.TestCommandArgumentParser" name="test_parse_various_inputs[-expected1]" time="0.000" /><testcase classname="tests.unit.test_command_argument_parser.TestCommandArgumentParser" name="test_parse_various_inputs[--foo=bar-expected2]" time="0.000" /><testcase classname="tests.unit.core.services.test_backend_service_hypothesis.TestBackendServiceHypothesis" name="test_call_completion_rate_limited_with_hypothesis" time="0.005" /><testcase classname="tests.unit.core.test_constants" name="test_command_output_constants" time="0.000" /><testcase classname="tests.unit.core.test_backend_service_enhanced.TestBackendServiceFailover" name="test_simple_failover" time="0.035" /><testcase classname="tests.unit.test_model_discovery" name="test_openrouter_models_cached" time="0.003" /><testcase classname="tests.unit.core.test_logging_utils.TestLogging" name="test_log_context" time="0.001" /><testcase classname="tests.unit.test_rate_limit_registry.TestFindRetryDelayInDetails" name="test_find_retry_delay_valid_details" time="0.000" /><testcase classname="tests.unit.core.testing.test_example_usage.TestSomeComplexService" name="test_async_method" time="0.001" /><testcase classname="tests.unit.test_rate_limit_registry.TestFindRetryDelayInDetails" name="test_find_retry_delay_no_valid_details" time="0.000" /><testcase classname="tests.unit.test_model_discovery" name="test_gemini_models_cached" time="0.003" /><testcase classname="tests.unit.core.testing.test_base_stage.TestBaseStageIntegration" name="test_multiple_stages_execution" time="0.158" /><testcase classname="tests.unit.test_streaming_normalizer.TestStreamingContent" name="test_from_raw_bytes" time="0.000" /><testcase classname="tests.unit.core.testing.test_base_stage.TestBaseStageIntegration" name="test_stage_inheritance_validation" time="0.000" /><testcase classname="tests.unit.test_streaming_normalizer.TestStreamingContent" name="test_from_raw_dict" time="0.000" /><testcase classname="tests.unit.test_streaming_normalizer.TestStreamingContent" name="test_from_raw_str" time="0.000" /><testcase classname="tests.unit.test_rate_limit_registry.TestFindRetryDelayInDetails" name="test_find_retry_delay_empty_list" time="0.001" /><testcase classname="tests.unit.core.test_backend_service_enhanced.TestBackendServiceBasic" name="test_prepare_messages_removed" time="0.000" /><testcase classname="tests.unit.test_transport_adapters.TestResponseAdapters" name="test_to_fastapi_response_json" time="0.000" /><testcase classname="tests.unit.test_transport_adapters.TestResponseAdapters" name="test_to_fastapi_response_text" time="0.000" /><testcase classname="tests.unit.test_transport_adapters.TestResponseAdapters" name="test_to_fastapi_streaming_response" time="0.000" /><testcase classname="tests.integration.test_tool_call_loop_detection.TestToolCallLoopDetection" name="test_session_override_takes_precedence" time="0.540" /><testcase classname="tests.integration.test_versioned_api" name="test_compatibility_endpoint" time="0.008" /><testcase classname="tests.unit.core.testing.test_interfaces.TestTestStageValidator" name="test_validate_stage_services_with_async_mock" time="0.003" /><testcase classname="tests.unit.connectors.test_streaming_utils.TestEnsureAsyncIterator" name="test_ensure_async_iterator_with_async_generator" time="0.001" /><testcase classname="tests.unit.connectors.test_streaming_utils.TestEnsureAsyncIterator" name="test_ensure_async_iterator_with_sync_generator" time="0.001" /><testcase classname="tests.unit.loop_detection.test_hasher" name="test_content_hasher_hash_consistency" time="0.001" /><testcase classname="tests.unit.connectors.test_streaming_utils.TestEnsureAsyncIterator" name="test_ensure_async_iterator_with_coroutine" time="0.000" /><testcase classname="tests.unit.loop_detection.test_hasher" name="test_content_hasher_empty_string" time="0.000" /><testcase classname="tests.unit.loop_detection.test_tool_call_tracker.TestToolCallSignature" name="test_is_expired" time="0.000" /><testcase classname="tests.unit.loop_detection.test_hasher" name="test_content_hasher_different_case" time="0.000" /><testcase classname="tests.integration.commands.loop_detection_commands.test_integration_loop_detection_command" name="test_loop_detection_enable_snapshot" time="0.003" /><testcase classname="tests.integration.commands.loop_detection_commands.test_integration_tool_loop_detection_command" name="test_tool_loop_detection_enable_snapshot" time="0.003" /><testcase classname="tests.integration.commands.loop_detection_commands.test_integration_loop_detection_command" name="test_loop_detection_disable_snapshot" time="0.002" /><testcase classname="tests.unit.core.test_backend_service_enhanced.TestBackendServiceFailover" name="test_complex_failover_first_attempt" time="0.060" /><testcase classname="tests.unit.test_command_argument_parser.TestCommandArgumentParser" name="test_parse_various_inputs[--a=1 --b=two-expected3]" time="0.000" /><testcase classname="tests.integration.commands.loop_detection_commands.test_integration_tool_loop_detection_command" name="test_tool_loop_detection_disable_snapshot" time="0.002" /><testcase classname="tests.integration.commands.test_integration_model_command" name="test_set_model_snapshot" time="0.002" /><testcase classname="tests.unit.test_rate_limit_registry.TestFindRetryDelayInDetails" name="test_find_retry_delay_mixed_valid_invalid" time="0.001" /><testcase classname="tests.unit.core.services.test_backend_service_hypothesis.TestBackendServiceHypothesis" name="test_call_completion_backend_error_with_hypothesis" time="0.030" /><testcase classname="tests.unit.core.testing.test_base_stage.TestBaseStageIntegration" name="test_mixin_inheritance" time="0.002" /><testcase classname="tests.unit.test_streaming_normalizer.TestStreamingContent" name="test_to_bytes" time="0.000" /><testcase classname="tests.integration.test_app" name="test_chat_completions_endpoint_handler_setup" time="0.001" /><testcase classname="tests.integration.commands.test_integration_model_command" name="test_set_model_with_backend_snapshot" time="0.003" /><testcase classname="tests.unit.test_model_discovery" name="test_auto_default_backend" time="0.104" /><testcase classname="tests.unit.test_auth" name="test_auth_required" time="0.008" /><testcase classname="tests.integration.test_app" name="test_streaming_chat_completions_endpoint_handler_setup" time="0.000" /><testcase classname="tests.unit.test_transport_adapters.TestResponseAdapters" name="test_domain_response_to_fastapi" time="0.000" /><testcase classname="tests.integration.test_reasoning_backend_integration.TestBackendIntegration" name="test_reasoning_config_applied_to_request" time="0.002" /><testcase classname="tests.integration.test_models_endpoints.TestModelsDiscovery" name="test_discover_openai_models" time="0.008" /><testcase classname="tests.integration.commands.test_integration_help_command" name="test_help_general_snapshot" time="0.004" /><testcase classname="tests.integration.test_reasoning_backend_integration.TestBackendIntegration" name="test_prompt_prefix_suffix_applied" time="0.001" /><testcase classname="tests.unit.loop_detection.test_hasher" name="test_content_hasher_unicode_characters" time="0.000" /><testcase classname="tests.integration.commands.test_integration_help_command" name="test_help_specific_command_snapshot" time="0.003" /><testcase classname="tests.integration.test_models_endpoints.TestModelsDiscovery" name="test_discover_anthropic_models" time="0.008" /><testcase classname="tests.integration.commands.loop_detection_commands.test_integration_loop_detection_command" name="test_loop_detection_default_snapshot" time="0.002" /><testcase classname="tests.unit.core.test_backend_service_enhanced.TestBackendServiceFailover" name="test_complex_failover_second_attempt" time="0.047" /><testcase classname="tests.integration.commands.loop_detection_commands.test_integration_tool_loop_detection_command" name="test_tool_loop_detection_default_snapshot" time="0.003" /><testcase classname="tests.unit.commands.test_unit_failover_commands" name="test_create_failover_route" time="0.001" /><testcase classname="tests.integration.test_gemini_client_integration.TestBackendIntegration" name="test_openrouter_backend_via_gemini_client" time="0.001" /><testcase classname="tests.unit.commands.test_unit_failover_commands" name="test_delete_failover_route" time="0.001" /><testcase classname="tests.unit.core.test_backend_service_enhanced.TestBackendServiceFailover" name="test_complex_failover_all_fail" time="0.050" /><testcase classname="tests.integration.commands.test_integration_model_command" name="test_unset_model_snapshot" time="0.004" /><testcase classname="tests.integration.test_app" name="test_command_processing_handler_setup" time="0.000" /><testcase classname="tests.unit.connectors.test_qwen_oauth_validation.TestIntegrationScenarios" name="test_complete_expired_token_scenario" time="0.016" /><testcase classname="tests.unit.commands.test_unit_model_command" name="test_set_model_simple" time="0.001" /><testcase classname="tests.unit.commands.test_unit_model_command" name="test_set_model_with_backend" time="0.001" /><testcase classname="tests.unit.connectors.test_qwen_oauth_validation.TestErrorResponses" name="test_chat_completions_non_functional_backend" time="0.002" /><testcase classname="tests.unit.connectors.test_qwen_oauth_validation.TestErrorResponses" name="test_chat_completions_non_functional_backend_no_specific_errors" time="0.001" /><testcase classname="tests.unit.connectors.test_qwen_oauth_validation.TestIntegrationScenarios" name="test_complete_valid_token_scenario" time="0.027" /><testcase classname="tests.unit.test_auth" name="test_auth_wrong_key" time="0.007" /><testcase classname="tests.unit.chat_completions_tests.test_gemini_api_compatibility_di.TestGeminiGenerateContent" name="test_generate_content_basic" time="0.006" /><testcase classname="tests.unit.chat_completions_tests.test_error_handling_di" name="test_empty_messages_after_processing_no_commands_bad_request" time="0.020" /><testcase classname="tests.integration.test_reasoning_backend_integration.TestBackendIntegration" name="test_no_reasoning_config_unchanged_request" time="0.003" /><testcase classname="tests.unit.core.adapters.test_api_adapters.TestGeminiToDomainChatRequest" name="test_basic_gemini_conversion" time="0.000" /><testcase classname="tests.unit.core.adapters.test_api_adapters.TestGeminiToDomainChatRequest" name="test_gemini_multiple_parts" time="0.000" /><testcase classname="tests.integration.test_models_endpoints.TestModelsDiscovery" name="test_discover_models_with_failover" time="0.015" /><testcase classname="tests.integration.test_gemini_client_integration.TestBackendIntegration" name="test_gemini_backend_via_gemini_client" time="0.001" /><testcase classname="tests.unit.core.adapters.test_response_adapters.TestToFastapiResponse" name="test_basic_response_conversion" time="0.001" /><testcase classname="tests.integration.commands.test_integration_help_command" name="test_help_unknown_command_snapshot" time="0.012" /><testcase classname="tests.unit.core.adapters.test_response_adapters.TestToFastapiResponse" name="test_response_with_default_headers" time="0.000" /><testcase classname="tests.unit.core.app.middleware.test_dangerous_command_middleware" name="test_reactor_swallows_dangerous_command_and_steers" time="0.002" /><testcase classname="tests.unit.test_di_container_usage.TestDIContainerUsage" name="test_di_container_violations_are_detected" time="1.411" /><testcase classname="tests.unit.core.app.middleware.test_dangerous_command_middleware" name="test_dangerous_command_handler_detection" time="0.004" /><testcase classname="tests.unit.commands.test_unit_failover_commands" name="test_list_failover_routes" time="0.004" /><testcase classname="tests.unit.core.app.stages.test_backend_startup_validation.TestBackendValidationLogic" name="test_validate_no_registered_backends" time="0.003" /><testcase classname="tests.unit.core.app.stages.test_backend_startup_validation.TestBackendValidationLogic" name="test_validate_no_functional_backends_fails_startup" time="0.011" /><testcase classname="tests.unit.commands.test_unit_model_command" name="test_unset_model" time="0.000" /><testcase classname="tests.unit.connectors.test_qwen_oauth_validation.TestErrorResponses" name="test_chat_completions_token_refresh_failure" time="0.003" /><testcase classname="tests.unit.core.commands.handlers.test_base_handler.TestCommandHandlerResult" name="test_success_result" time="0.000" /><testcase classname="tests.unit.core.commands.handlers.test_base_handler.TestCommandHandlerResult" name="test_failure_result" time="0.000" /><testcase classname="tests.unit.connectors.test_qwen_oauth_validation.TestIntegrationScenarios" name="test_complete_runtime_expiry_scenario" time="0.028" /><testcase classname="tests.unit.test_auth" name="test_disable_auth" time="0.221" /><testcase classname="tests.unit.core.app.test_application_factory.TestBuildApp" name="test_build_app_loads_config" time="0.006" /><testcase classname="tests.unit.core.app.test_application_factory.TestBuildApp" name="test_build_app_creates_fastapi_app" time="0.005" /><testcase classname="tests.unit.chat_completions_tests.test_error_handling_di" name="test_get_openrouter_headers_no_api_key" time="0.040" /><testcase classname="tests.unit.core.adapters.test_api_adapters.TestGeminiToDomainChatRequest" name="test_gemini_without_generation_config" time="0.001" /><testcase classname="tests.unit.core.app.stages.test_backend_startup_validation.TestIntegrationScenarios" name="test_startup_failure_scenario_only_qwen_oauth_expired" time="0.104" /><testcase classname="tests.unit.core.domain.test_translation_cross_api.TestOpenAIToGeminiTranslation" name="test_simple_text_message" time="0.001" /><testcase classname="tests.unit.core.domain.test_translation_cross_api.TestOpenAIToGeminiTranslation" name="test_multimodal_content" time="0.007" /><testcase classname="tests.integration.test_gemini_client_integration.TestBackendIntegration" name="test_gemini_cli_direct_backend_via_gemini_client" time="0.002" /><testcase classname="tests.unit.core.app.stages.test_backend_startup_validation.TestIntegrationScenarios" name="test_startup_success_scenario_qwen_oauth_functional" time="0.023" /><testcase classname="tests.unit.core.app.stages.test_backend_startup_validation.TestConfiguredBackendDetection" name="test_configured_backends_detection_default_backend" time="0.024" /><testcase classname="tests.unit.core.adapters.test_response_adapters.TestToFastapiResponse" name="test_response_with_none_headers" time="0.000" /><testcase classname="tests.unit.chat_completions_tests.test_gemini_api_compatibility_di.TestGeminiGenerateContent" name="test_generate_content_with_system_instruction" time="0.006" /><testcase classname="tests.unit.core.repositories.test_repository_interfaces.TestIConfigRepositoryInterface" name="test_config_repository_is_abstract" time="0.000" /><testcase classname="tests.unit.core.repositories.test_repository_interfaces.TestIConfigRepositoryInterface" name="test_config_repository_abstract_methods" time="0.000" /><testcase classname="tests.unit.core.app.stages.test_backend_startup_validation.TestConfiguredBackendDetection" name="test_configured_backends_detection_with_api_keys" time="0.023" /><testcase classname="tests.unit.test_model_discovery" name="test_multiple_backends_requires_arg" time="0.651" /><testcase classname="tests.unit.core.app.middleware.test_dangerous_command_middleware" name="test_dangerous_command_handler_custom_message" time="0.001" /><testcase classname="tests.unit.core.services.test_backend_service_targeted.TestBackendServiceTargeted" name="test_call_completion_with_default_backend_parsing" time="0.038" /><testcase classname="tests.unit.core.services.test_backend_service_targeted.TestBackendServiceTargeted" name="test_get_or_create_backend_error_handling" time="0.028" /><testcase classname="tests.unit.core.app.stages.test_backend_startup_validation.TestBackendValidationLogic" name="test_validate_with_functional_backends_passes" time="0.003" /><testcase classname="tests.unit.test_auth" name="test_disable_auth_no_key_generated" time="0.331" /><testcase classname="tests.unit.core.domain.test_gemini_translation.TestGeminiRequestToCanonical" name="test_simple_request" time="0.001" /><testcase classname="tests.unit.core.domain.test_gemini_translation.TestGeminiRequestToCanonical" name="test_request_with_system_instruction" time="0.000" /><testcase classname="tests.unit.chat_completions_tests.test_error_handling_di" name="test_invalid_model_noninteractive" time="0.041" /><testcase classname="tests.unit.core.repositories.test_repository_interfaces.TestRepositoryInterfaceCompliance" name="test_repository_interfaces_are_properly_defined" time="0.001" /><testcase classname="tests.unit.core.commands.handlers.test_base_handler.TestCommandHandlerResult" name="test_result_with_new_state" time="0.001" /><testcase classname="tests.unit.core.repositories.test_repository_interfaces.TestRepositoryInterfaceCompliance" name="test_repository_interface_inheritance_chain" time="0.000" /><testcase classname="tests.unit.core.services.test_content_rewriter_service.TestContentRewriterService" name="test_load_rules" time="0.157" /><testcase classname="tests.unit.core.app.test_application_factory.TestBuildApp" name="test_build_app_sets_up_app_state" time="0.032" /><testcase classname="tests.unit.core.services.test_in_memory_rate_limiter.TestConfigurableRateLimiter" name="test_initialization" time="0.001" /><testcase classname="tests.unit.core.services.test_in_memory_rate_limiter.TestConfigurableRateLimiter" name="test_delegation_to_base_limiter" time="0.002" /><testcase classname="tests.unit.chat_completions_tests.test_gemini_api_compatibility_di.TestGeminiGenerateContent" name="test_generate_content_error_handling" time="0.044" /><testcase classname="tests.unit.core.domain.test_translation_cross_api.TestOpenAIToAnthropicTranslation" name="test_simple_text_message" time="0.001" /><testcase classname="tests.unit.core.domain.test_translation_cross_api.TestOpenAIToGeminiTranslation" name="test_tool_calling" time="0.001" /><testcase classname="tests.unit.core.services.test_context_window_limits.TestContextWindowLimits" name="test_output_limit_no_longer_enforced" time="0.229" /><testcase classname="tests.unit.core.domain.test_translation_cross_api.TestOpenAIToAnthropicTranslation" name="test_multimodal_content" time="0.002" /><testcase classname="tests.unit.core.services.test_json_repair_middleware_gate" name="test_gate_non_stream_non_json_best_effort" time="0.003" /><testcase classname="tests.unit.core.services.test_json_repair_middleware_gate" name="test_gate_expected_json_strict_raises" time="0.002" /><testcase classname="tests.unit.core.services.test_content_rewriter_service.TestContentRewriterService" name="test_rewrite_prompt" time="0.144" /><testcase classname="tests.unit.core.app.stages.test_backend_startup_validation.TestIntegrationScenarios" name="test_startup_success_scenario_mixed_backends_some_functional" time="0.048" /><testcase classname="tests.unit.core.repositories.test_repository_interfaces.TestIConfigRepositoryInterface" name="test_config_repository_method_signatures" time="0.000" /><testcase classname="tests.integration.test_failover_routes" name="test_failover_route_commands" time="0.307" /><testcase classname="tests.unit.core.services.test_rate_limiter_interface.TestRateLimitInfo" name="test_rate_limit_info_default_initialization" time="0.000" /><testcase classname="tests.unit.core.services.test_rate_limiter_interface.TestRateLimitInfo" name="test_rate_limit_info_custom_initialization" time="0.000" /><testcase classname="tests.unit.core.services.test_response_middleware.TestContentFilterMiddleware" name="test_process_filters_prefix" time="0.001" /><testcase classname="tests.unit.core.services.test_response_middleware.TestContentFilterMiddleware" name="test_process_preserves_other_content" time="0.001" /><testcase classname="tests.integration.test_failover_routes" name="test_failover_service_routes" time="0.002" /><testcase classname="tests.unit.core.app.stages.test_backend_startup_validation.TestConfiguredBackendDetection" name="test_configured_backends_detection_ignores_empty_api_keys" time="0.020" /><testcase classname="tests.unit.core.domain.test_gemini_translation.TestGeminiRequestToCanonical" name="test_request_with_tools" time="0.000" /><testcase classname="tests.unit.core.services.test_rate_limiter_interface.TestIRateLimiterInterface" name="test_rate_limiter_is_abstract" time="0.000" /><testcase classname="tests.unit.core.services.test_rate_limiter_interface.TestIRateLimiterInterface" name="test_rate_limiter_abstract_methods" time="0.001" /><testcase classname="tests.unit.core.repositories.test_repository_interfaces.TestRepositoryInterfaceCompliance" name="test_repository_has_required_methods" time="0.000" /><testcase classname="tests.unit.core.test_authentication_di.TestAppIntegration" name="test_app_with_auth_disabled" time="0.013" /><testcase classname="tests.unit.core.services.test_wire_capture_service" name="test_wire_capture_writes_request_and_reply" time="0.044" /><testcase classname="tests.unit.core.test_authentication_di.TestAppIntegration" name="test_app_with_auth_enabled" time="0.007" /><testcase classname="tests.unit.core.services.test_backend_service_targeted.TestBackendServiceTargeted" name="test_call_completion_with_session_backend" time="0.069" /><testcase classname="tests.unit.core.services.test_usage_tracking_interface.TestIUsageTrackingServiceInterface" name="test_usage_tracking_service_is_abstract" time="0.000" /><testcase classname="tests.unit.core.services.test_usage_tracking_interface.TestIUsageTrackingServiceInterface" name="test_usage_tracking_service_abstract_methods" time="0.001" /><testcase classname="tests.unit.core.services.test_in_memory_rate_limiter.TestConfigurableRateLimiter" name="test_config_with_no_rate_limits" time="0.002" /><testcase classname="tests.unit.core.domain.test_translation_cross_api.TestOpenAIToAnthropicTranslation" name="test_tool_calling" time="0.001" /><testcase classname="tests.unit.core.test_configuration_interfaces.TestBackendConfigInterface" name="test_backend_config_implements_interface" time="0.000" /><testcase classname="tests.unit.core.test_configuration_interfaces.TestBackendConfigInterface" name="test_backend_config_with_methods" time="0.001" /><testcase classname="tests.unit.core.test_backend_service_enhanced.TestBackendServiceValidation" name="test_validate_backend_and_model_valid" time="0.004" /><testcase classname="tests.unit.core.services.test_wire_capture_service" name="test_wire_capture_wraps_stream" time="0.045" /><testcase classname="tests.unit.core.test_backend_service_enhanced.TestBackendServiceValidation" name="test_validate_backend_and_model_invalid_model" time="0.006" /><testcase classname="tests.unit.core.services.test_json_repair_middleware_gate" name="test_gate_content_type_json_strict_applies" time="0.006" /><testcase classname="tests.unit.core.test_configuration_interfaces.TestLoopDetectionConfigInterface" name="test_loop_detection_config_implements_interface" time="0.000" /><testcase classname="tests.unit.core.test_configuration_interfaces.TestLoopDetectionConfigInterface" name="test_loop_detection_config_with_methods" time="0.000" /><testcase classname="tests.unit.connectors.test_streaming_utils.TestNormalizeStreamingResponse" name="test_normalize_streaming_response_property_based" time="3.090" /><testcase classname="tests.unit.core.services.test_rate_limiter_interface.TestRateLimitInfo" name="test_rate_limit_info_partial_initialization" time="0.001" /><testcase classname="tests.unit.core.services.test_content_rewriter_service.TestContentRewriterService" name="test_rewrite_reply" time="0.109" /><testcase classname="tests.unit.core.test_configuration_interfaces.TestConfigurationDefaults" name="test_backend_config_defaults" time="0.001" /><testcase classname="tests.unit.core.test_configuration_interfaces.TestConfigurationDefaults" name="test_reasoning_config_defaults" time="0.001" /><testcase classname="tests.unit.core.services.test_response_middleware.TestContentFilterMiddleware" name="test_process_handles_empty_content" time="0.001" /><testcase classname="tests.integration.test_failover_routes" name="test_backend_service_failover" time="0.015" /><testcase classname="tests.unit.core.test_failover_service" name="test_get_failover_attempts" time="0.001" /><testcase classname="tests.unit.core.test_configuration_interfaces.TestConfigurationImmutability" name="test_backend_config_immutability" time="0.001" /><testcase classname="tests.unit.core.test_failover_service" name="test_get_failover_attempts_empty_route" time="0.001" /><testcase classname="tests.unit.core.test_backend_service_enhanced.TestBackendFactory" name="test_create_backend" time="0.007" /><testcase classname="tests.unit.core.test_configuration_interfaces.TestConfigurationImmutability" name="test_reasoning_config_immutability" time="0.000" /><testcase classname="tests.unit.core.test_session_service_di" name="test_session_creation" time="0.076" /><testcase classname="tests.unit.core.test_backend_service_enhanced.TestBackendFactory" name="test_initialize_backend" time="0.003" /><testcase classname="tests.unit.core.services.test_rate_limiter_interface.TestIRateLimiterInterface" name="test_rate_limiter_method_signatures" time="0.000" /><testcase classname="tests.unit.core.test_logging_utils.TestRedaction" name="test_redact" time="0.000" /><testcase classname="tests.unit.core.test_logging_utils.TestRedaction" name="test_redact_dict" time="0.000" /><testcase classname="tests.unit.core.services.test_usage_tracking_interface.TestIUsageTrackingServiceInterface" name="test_usage_tracking_service_method_signatures" time="0.000" /><testcase classname="tests.unit.core.test_authentication_di.TestAppIntegration" name="test_app_with_auth_token" time="0.004" /><testcase classname="tests.unit.core.test_validation_constants" name="test_generic_validation_constants" time="0.000" /><testcase classname="tests.unit.core.testing.test_example_usage.TestSafeTestStage" name="test_safe_stage_creation" time="0.000" /><testcase classname="tests.unit.core.test_configuration_interfaces.TestBackendConfigInterface" name="test_backend_config_chaining" time="0.001" /><testcase classname="tests.unit.core.testing.test_example_usage.TestSafeTestStage" name="test_safe_stage_properties" time="0.000" /><testcase classname="tests.unit.core.test_validation_constants" name="test_specific_validation_constants" time="0.000" /><testcase classname="tests.unit.core.testing.test_example_usage.TestBackendServiceTestStage" name="test_backend_stage_creation" time="0.000" /><testcase classname="tests.unit.core.test_backend_service_enhanced.TestBackendServiceValidation" name="test_validate_backend_and_model_backend_error" time="0.011" /><testcase classname="tests.unit.core.services.test_wire_capture_service" name="test_wire_capture_rotation_and_truncate" time="0.031" /><testcase classname="tests.unit.core.testing.test_example_usage.TestBackendServiceTestStage" name="test_backend_stage_properties" time="0.001" /><testcase classname="tests.unit.core.test_session_service_di" name="test_session_retrieval" time="0.041" /><testcase classname="tests.unit.core.testing.test_interfaces.TestEnforcedMockFactory" name="test_create_session_service_mock" time="0.004" /><testcase classname="tests.unit.core.testing.test_example_usage.TestProblematicTestStage" name="test_problematic_stage_creation" time="0.002" /><testcase classname="tests.unit.core.testing.test_example_usage.TestProblematicTestStage" name="test_problematic_stage_properties" time="0.000" /><testcase classname="tests.unit.core.test_configuration_interfaces.TestLoopDetectionConfigInterface" name="test_loop_detection_config_chaining" time="0.001" /><testcase classname="tests.unit.core.testing.test_interfaces.TestEnforcedMockFactory" name="test_create_backend_service_mock" time="0.009" /><testcase classname="tests.unit.core.transport.test_request_adapters" name="test_request_context_agent_from_x_agent_header" time="0.000" /><testcase classname="tests.unit.core.test_configuration_interfaces.TestConfigurationDefaults" name="test_loop_detection_config_defaults" time="0.001" /><testcase classname="tests.unit.core.transport.test_request_adapters" name="test_request_context_agent_from_x_client_agent_header" time="0.001" /><testcase classname="tests.unit.loop_detection.test_config.TestPatternThresholds" name="test_pattern_thresholds_creation" time="0.000" /><testcase classname="tests.unit.core.test_failover_service" name="test_get_failover_attempts_invalid_element" time="0.004" /><testcase classname="tests.unit.test_di_container_usage.TestDIContainerUsage" name="test_di_scanner_can_analyze_codebase" time="1.188" /><testcase classname="tests.unit.loop_detection.test_config.TestPatternThresholds" name="test_pattern_thresholds_default_values" time="0.000" /><testcase classname="tests.unit.test_di_container_usage.TestDIContainerUsage" name="test_di_scanner_finds_known_service_interfaces" time="0.000" /><testcase classname="tests.unit.core.test_configuration_interfaces.TestConfigurationImmutability" name="test_loop_detection_config_immutability" time="0.000" /><testcase classname="tests.unit.test_di_container_usage.TestDIContainerUsage" name="test_di_scanner_finds_known_service_implementations" time="0.000" /><testcase classname="tests.unit.core.test_backend_service_enhanced.TestBackendFactory" name="test_create_backend_invalid_type" time="0.001" /><testcase classname="tests.unit.core.test_logging_utils.TestRedaction" name="test_redact_text_with_secrets" time="0.000" /><testcase classname="tests.unit.test_command_parser_process_messages" name="test_process_messages_single_message_with_command" time="0.002" /><testcase classname="tests.unit.openai_connector_tests.test_url_override" name="test_chat_completions_uses_default_url" time="0.006" /><testcase classname="tests.unit.test_command_parser_process_messages" name="test_process_messages_stops_after_first_command_in_message_content_list" time="0.003" /><testcase classname="tests.unit.openai_connector_tests.test_url_override" name="test_chat_completions_uses_custom_url" time="0.006" /><testcase classname="tests.unit.core.test_session_service_di" name="test_session_update" time="0.090" /><testcase classname="tests.unit.core.test_validation_constants" name="test_validation_constant_formatting" time="0.000" /><testcase classname="tests.unit.test_failover_routes.TestFailoverRoutes" name="test_create_route_enables_interactive" time="0.001" /><testcase classname="tests.unit.core.testing.test_example_usage.TestSafeTestStage" name="test_safe_stage_execution" time="0.012" /><testcase classname="tests.unit.core.testing.test_example_usage.TestBackendServiceTestStage" name="test_backend_stage_execution" time="0.007" /><testcase classname="tests.unit.test_failover_routes.TestFailoverRoutes" name="test_route_append_and_list" time="0.001" /><testcase classname="tests.unit.test_feature_flags" name="test_feature_flags_default_false" time="0.001" /><testcase classname="tests.unit.test_http_status_constants.TestHttpStatusConstants" name="test_client_error_status_messages" time="0.001" /><testcase classname="tests.unit.test_feature_flags" name="test_feature_flags_set_and_get" time="0.000" /><testcase classname="tests.unit.core.testing.test_interfaces.TestEnforcedMockFactory" name="test_session_service_validation_on_creation" time="0.005" /><testcase classname="tests.unit.test_http_status_constants.TestHttpStatusConstants" name="test_server_error_status_messages" time="0.001" /><testcase classname="tests.unit.test_http_status_constants_usage.TestHttpStatusConstantsUsage" name="test_example_controller_function_service_unavailable" time="0.000" /><testcase classname="tests.unit.core.testing.test_example_usage.TestProblematicTestStage" name="test_problematic_stage_execution" time="0.005" /><testcase classname="tests.unit.test_http_status_constants_usage.TestHttpStatusConstantsUsage" name="test_handle_internal_server_error" time="0.000" /><testcase classname="tests.unit.core.transport.test_request_adapters" name="test_request_context_agent_falls_back_to_user_agent_truncated" time="0.000" /><testcase classname="tests.unit.loop_detection.test_config.TestPatternThresholds" name="test_pattern_thresholds_as_dict" time="0.000" /><testcase classname="tests.unit.test_qwen_oauth_interactive_commands.TestQwenOAuthConfigurationMethods" name="test_dotenv_file_support" time="0.004" /><testcase classname="tests.unit.core.test_session_service_di" name="test_session_deletion" time="0.052" /><testcase classname="tests.unit.test_di_container_usage.TestDIContainerUsage" name="test_di_violation_scanner_initialization" time="0.001" /><testcase classname="tests.unit.test_strict_modes_di" name="test_strict_controller_dependency_behavior[false-expect0]" time="0.001" /><testcase classname="tests.unit.test_command_parser_process_messages" name="test_process_messages_processes_command_in_last_message_and_stops" time="0.003" /><testcase classname="tests.unit.test_session_manager_di" name="test_session_service_can_create_sessions" time="0.001" /><testcase classname="tests.unit.test_strict_modes_di" name="test_strict_controller_dependency_behavior[true-expect1]" time="0.001" /><testcase classname="tests.unit.openai_connector_tests.test_url_override" name="test_initialize_with_custom_url" time="0.003" /><testcase classname="tests.unit.test_failover_routes.TestFailoverRoutes" name="test_routes_are_server_wide" time="0.001" /><testcase classname="tests.unit.test_feature_flags" name="test_feature_flags_state_provider_bridge" time="0.000" /><testcase classname="tests.chat_completions_tests.test_anthropic_api_compatibility" name="test_anthropic_messages_non_streaming" time="0.015" /><testcase classname="tests.integration.commands.loop_detection_commands.test_integration_tool_loop_ttl_command" name="test_ttl_success_snapshot" time="0.002" /><testcase classname="tests.integration.commands.loop_detection_commands.test_integration_tool_loop_max_repeats_command" name="test_max_repeats_success_snapshot" time="0.013" /><testcase classname="tests.unit.test_http_status_constants.TestHttpStatusConstants" name="test_success_status_messages" time="0.000" /><testcase classname="tests.integration.commands.test_integration_oneoff_command" name="test_oneoff_success_snapshot" time="0.002" /><testcase classname="tests.unit.test_http_status_constants_usage.TestHttpStatusConstantsUsage" name="test_handle_service_unavailable_error" time="0.000" /><testcase classname="tests.unit.test_session_manager_di" name="test_session_creation_and_retrieval" time="0.003" /><testcase classname="tests.unit.core.test_session_service_di" name="test_get_all_sessions" time="0.046" /><testcase classname="tests.unit.test_streaming_normalizer.TestStreamNormalizer" name="test_normalize_stream" time="0.099" /><testcase classname="tests.integration.commands.test_integration_project_command" name="test_project_success_snapshot" time="0.002" /><testcase classname="tests.integration.commands.test_integration_pwd_command" name="test_pwd_with_dir_set_snapshot" time="0.001" /><testcase classname="tests.integration.commands.loop_detection_commands.test_integration_tool_loop_mode_command" name="test_tool_loop_mode_success_snapshot" time="0.003" /><testcase classname="tests.unit.test_strict_modes_di" name="test_strict_persistence_save_errors" time="0.030" /><testcase classname="tests.integration.commands.loop_detection_commands.test_integration_tool_loop_max_repeats_command" name="test_max_repeats_failure_snapshot" time="0.003" /><testcase classname="tests.unit.test_qwen_oauth_interactive_commands.TestQwenOAuthConfigurationMethods" name="test_config_file_backend_persistence" time="0.157" /><testcase classname="tests.unit.test_qwen_oauth_interactive_commands.TestQwenOAuthConfigurationMethods" name="test_all_backend_access_methods" time="0.002" /><testcase classname="tests.unit.test_session_manager_di" name="test_session_update_and_persistence" time="0.001" /><testcase classname="tests.integration.test_dangerous_command_middleware" name="test_dangerous_command_handler_integration[True-True]" time="0.001" /><testcase classname="tests.integration.test_expected_json_gate" name="test_expected_json_flag_triggers_strict" time="0.005" /><testcase classname="tests.integration.commands.test_integration_temperature_command" name="test_temperature_success_snapshot" time="0.033" /><testcase classname="tests.integration.commands.loop_detection_commands.test_integration_tool_loop_ttl_command" name="test_ttl_failure_snapshot" time="0.030" /><testcase classname="tests.unit.test_streaming_normalizer.TestStreamNormalizer" name="test_process_stream_bytes_output" time="0.095" /><testcase classname="tests.unit.core.services.test_context_window_limits.TestContextWindowLimits" name="test_input_limit_hard_error" time="0.702" /><testcase classname="tests.integration.commands.test_integration_set_command" name="test_set_temperature_integration" time="0.003" /><testcase classname="tests.integration.commands.test_integration_oneoff_command" name="test_oneoff_failure_snapshot" time="0.002" /><testcase classname="tests.unit.test_anthropic_server" name="test_create_anthropic_app_registers_endpoints" time="0.318" /><testcase classname="tests.chat_completions_tests.test_anthropic_api_compatibility" name="test_anthropic_messages_with_tool_use_from_openai_tool_calls" time="0.097" /><testcase classname="tests.integration.commands.test_integration_pwd_command" name="test_pwd_with_dir_not_set_snapshot" time="0.008" /><testcase classname="tests.integration.commands.test_integration_project_command" name="test_project_failure_snapshot" time="0.003" /><testcase classname="tests.integration.commands.loop_detection_commands.test_integration_tool_loop_mode_command" name="test_tool_loop_mode_failure_snapshot" time="0.002" /><testcase classname="tests.integration.test_reasoning_effort" name="test_provider_specific_reasoning" time="0.003" /><testcase classname="tests.unit.test_streaming_normalizer.TestStreamNormalizer" name="test_processor_transforms_content" time="0.030" /><testcase classname="tests.integration.commands.test_integration_temperature_command" name="test_temperature_failure_snapshot" time="0.001" /><testcase classname="tests.integration.test_gemini_client_integration.TestComplexConversions" name="test_multipart_content_conversion" time="0.008" /><testcase classname="tests.integration.test_gemini_client_integration.TestErrorHandling" name="test_authentication_error" time="0.002" /><testcase classname="tests.unit.core.services.test_context_window_limits.TestContextWindowLimits" name="test_context_window_aliases_to_input_limit_hard_error" time="0.194" /><testcase classname="tests.unit.core.test_configuration_interfaces.TestReasoningConfigInterface" name="test_reasoning_config_implements_interface" time="0.000" /><testcase classname="tests.unit.core.test_configuration_interfaces.TestReasoningConfigInterface" name="test_reasoning_config_with_methods" time="0.004" /><testcase classname="tests.integration.test_expected_json_gate" name="test_content_type_json_triggers_strict" time="0.004" /><testcase classname="tests.integration.test_anthropic_backend" name="test_end_to_end_chat_completion" time="0.102" /><testcase classname="tests.integration.test_redaction_integration" name="test_end_to_end_non_streaming_redaction" time="0.081" /><testcase classname="tests.integration.commands.test_integration_set_command" name="test_set_backend_and_model_integration" time="0.006" /><testcase classname="tests.test_enforcement_demo" name="test_problematic_session_mock" time="0.004" /><testcase classname="tests.integration.test_dangerous_command_middleware" name="test_dangerous_command_handler_integration[False-False]" time="0.001" /><testcase classname="tests.integration.test_gemini_client_integration.TestPerformanceAndReliability" name="test_concurrent_requests" time="0.021" /><testcase classname="tests.unit.chat_completions_tests.test_basic_proxying" name="test_basic_request_proxying_non_streaming" time="0.039" /><testcase classname="tests.integration.test_structured_wire_capture_integration" name="test_wire_capture_integration" time="0.042" /><testcase classname="tests.integration.test_reasoning_effort" name="test_in_chat_reasoning_commands" time="0.027" /><testcase classname="tests.unit.core.adapters.test_response_adapters.TestToFastapiStreamingResponse" name="test_basic_streaming_response_conversion" time="0.000" /><testcase classname="tests.integration.test_gemini_client_integration.TestComplexConversions" name="test_conversation_history_conversion" time="0.002" /><testcase classname="tests.unit.core.test_configuration_interfaces.TestReasoningConfigInterface" name="test_reasoning_config_chaining" time="0.001" /><testcase classname="tests.integration.test_pwd_command_integration" name="test_pwd_command_integration_with_project_dir" time="0.001" /><testcase classname="tests.unit.core.commands.handlers.test_base_handler.TestICommandHandlerInterface" name="test_base_command_handler_implements_interface" time="0.003" /><testcase classname="tests.test_enforcement_demo" name="test_safe_session_usage" time="0.000" /><testcase classname="tests.unit.core.commands.handlers.test_help_command_handler" name="test_help_command_handler_no_args" time="0.001" /><testcase classname="tests.integration.test_redaction_integration" name="test_end_to_end_streaming_redaction" time="0.056" /><testcase classname="tests.unit.core.adapters.test_response_adapters.TestToFastapiStreamingResponse" name="test_streaming_response_with_default_media_type" time="0.000" /><testcase classname="tests.unit.core.domain.test_gemini_translation.TestGeminiContentToMessages" name="test_simple_text_content" time="0.000" /><testcase classname="tests.unit.core.app.test_application_factory.TestApplicationBuilderServices" name="test_initialize_services_registers_all_required_services" time="0.026" /><testcase classname="tests.unit.chat_completions_tests.test_gemini_api_compatibility_di.TestGeminiModelsEndpoint" name="test_list_models_gemini_format" time="0.005" /><testcase classname="tests.unit.core.commands.handlers.test_base_handler.TestICommandHandlerInterface" name="test_custom_handler_inheritance" time="0.001" /><testcase classname="tests.unit.chat_completions_tests.test_basic_proxying" name="test_basic_request_proxying_streaming" time="0.040" /><testcase classname="tests.unit.core.domain.test_gemini_translation.TestTranslationIntegration" name="test_gemini_to_domain_request" time="0.000" /><testcase classname="tests.unit.core.commands.handlers.test_reasoning_aliases.TestSetProviderCommandHandler" name="test_handle_success" time="0.001" /><testcase classname="tests.integration.test_gemini_client_integration.TestErrorHandling" name="test_model_not_found_error" time="0.002" /><testcase classname="tests.integration.test_anthropic_backend" name="test_scenarios_chat_completion[anthropic-claude-3-haiku-20240307]" time="0.064" /><testcase classname="tests.unit.commands.test_unit_pwd_command" name="test_pwd_with_project_dir_set" time="0.001" /><testcase classname="tests.unit.core.commands.handlers.test_help_command_handler" name="test_help_command_handler_with_arg" time="0.002" /><testcase classname="tests.integration.test_structured_wire_capture_integration" name="test_streaming_response_integration" time="0.051" /><testcase classname="tests.unit.core.domain.test_gemini_translation.TestGeminiContentToMessages" name="test_multimodal_content" time="0.000" /><testcase classname="tests.unit.core.services.test_json_repair_middleware" name="test_process_response_valid" time="0.003" /><testcase classname="tests.integration.test_gemini_client_integration.TestPerformanceAndReliability" name="test_large_content_handling" time="0.006" /><testcase classname="tests.unit.chat_completions_tests.test_gemini_api_compatibility_di.TestGeminiModelsEndpoint" name="test_models_endpoint_auth_disabled" time="0.007" /><testcase classname="tests.unit.chat_completions_tests.test_gemini_api_compatibility_di.TestGeminiAuthentication" name="test_gemini_auth_with_api_key_header" time="0.011" /><testcase classname="tests.unit.core.common.test_logging_utils.TestDiscoverApiKeysFromConfigAndEnv" name="test_discover_from_env" time="0.000" /><testcase classname="tests.unit.core.adapters.test_api_adapters.TestAnthropicToDomainChatRequest" name="test_basic_anthropic_conversion" time="0.012" /><testcase classname="tests.unit.core.domain.test_gemini_translation.TestTranslationIntegration" name="test_gemini_to_domain_response" time="0.001" /><testcase classname="tests.unit.test_anthropic_server" name="test_main_raises_when_port_missing" time="0.725" /><testcase classname="tests.unit.core.commands.handlers.test_reasoning_aliases.TestSetProviderCommandHandler" name="test_handle_missing_args" time="0.001" /><testcase classname="tests.unit.connectors.test_streaming_utils.TestEnsureAsyncIterator" name="test_ensure_async_iterator_with_various_data_types" time="2.466" /><testcase classname="tests.unit.core.services.test_usage_tracking_interface.TestUsageTrackingInterfaceDocumentation" name="test_interface_has_docstring" time="0.000" /><testcase classname="tests.unit.core.services.test_backend_service_wire_capture_di" name="test_backend_service_captures_non_streaming" time="0.114" /><testcase classname="tests.regression.test_mock_backend_regression.TestMockBackendRegression" name="test_new_chat_completion" time="0.001" /><testcase classname="tests.unit.core.services.test_response_middleware.TestLoggingMiddleware" name="test_process_logs_response_info" time="0.002" /><testcase classname="tests.unit.commands.test_unit_pwd_command" name="test_pwd_with_project_dir_not_set" time="0.003" /><testcase classname="tests.unit.core.testing.test_base_stage.TestBackendServiceTestStage" name="test_properties" time="0.000" /><testcase classname="tests.unit.core.services.test_json_repair_middleware" name="test_process_response_invalid" time="0.001" /><testcase classname="tests.unit.core.adapters.test_api_adapters.TestAnthropicToDomainChatRequest" name="test_anthropic_without_system" time="0.001" /><testcase classname="tests.unit.core.testing.test_interfaces.TestEnforceAsyncSyncSeparation" name="test_decorator_preserves_class_attributes" time="0.000" /><testcase classname="tests.unit.core.services.test_usage_tracking_interface.TestUsageTrackingInterfaceDocumentation" name="test_methods_have_docstrings" time="0.001" /><testcase classname="tests.unit.core.common.test_logging_utils.TestDiscoverApiKeysFromConfigAndEnv" name="test_discover_from_config_with_security_warnings" time="0.019" /><testcase classname="tests.unit.core.services.test_response_middleware.TestLoggingMiddleware" name="test_process_handles_empty_response" time="0.002" /><testcase classname="tests.unit.core.testing.test_base_stage.TestBackendServiceTestStage" name="test_register_services" time="0.004" /><testcase classname="tests.unit.core.testing.test_interfaces.TestEnforceAsyncSyncSeparation" name="test_decorator_validates_async_mock_usage" time="0.002" /><testcase classname="tests.unit.test_command_detector_and_content_processor" name="test_command_detector_detects_command" time="0.000" /><testcase classname="tests.unit.test_backend_failover_strategy_wiring" name="test_failover_plan_uses_coordinator_when_flag_disabled" time="0.003" /><testcase classname="tests.unit.test_backend_failover_strategy_wiring" name="test_failover_plan_uses_strategy_when_flag_enabled" time="0.001" /><testcase classname="tests.unit.gemini_connector_tests.test_part_conversion" name="test_text_part_type_removed" time="0.007" /><testcase classname="tests.unit.core.testing.test_interfaces.TestInterfacesIntegration" name="test_complete_session_service_workflow" time="0.026" /><testcase classname="tests.unit.test_rate_limit" name="test_parse_retry_delay_with_prefixed_string" time="0.000" /><testcase classname="tests.unit.gemini_connector_tests.test_multimodal_payload" name="test_multimodal_data_url_converts_to_inline_data" time="0.005" /><testcase classname="tests.unit.core.testing.test_interfaces.TestInterfacesIntegration" name="test_safe_async_mock_wrapper_complete_workflow" time="0.007" /><testcase classname="tests.unit.test_command_detector_and_content_processor" name="test_content_processor_sanitizes_part" time="0.003" /><testcase classname="tests.integration.test_pwd_command_integration" name="test_pwd_command_integration_without_project_dir" time="0.001" /><testcase classname="tests.unit.test_response_shape" name="test_extract_response_content_with_dict" time="0.003" /><testcase classname="tests.unit.core.testing.test_example_usage.TestCreateValidatedTestApp" name="test_create_validated_test_app" time="0.082" /><testcase classname="tests.unit.connectors.test_qwen_oauth_validation.TestCleanupFunctionality" name="test_cleanup_on_destruction" time="0.001" /><testcase classname="tests.unit.test_rate_limit" name="test_rate_limit_registry_earliest" time="0.000" /><testcase classname="tests.unit.gemini_connector_tests.test_multimodal_payload" name="test_multimodal_http_url_converts_to_file_data" time="0.004" /><testcase classname="tests.unit.gemini_connector_tests.test_part_conversion" name="test_system_message_filtered" time="0.007" /><testcase classname="tests.unit.test_get_command_pattern" name="test_get_command_pattern_default_prefix" time="0.000" /><testcase classname="tests.unit.core.testing.test_example_usage.TestCreateValidatedTestApp" name="test_create_validated_test_app_with_service_provider" time="0.028" /><testcase classname="tests.unit.test_response_shape" name="test_extract_response_content_with_object_choices" time="0.001" /><testcase classname="tests.unit.connectors.test_qwen_oauth_validation.TestCleanupFunctionality" name="test_cleanup_handles_exceptions" time="0.001" /><testcase classname="tests.unit.test_test_quality" name="test_vulture_dead_code_on_src" time="4.852" /><testcase classname="tests.unit.chat_completions_tests.test_gemini_api_compatibility_di.TestGeminiAuthentication" name="test_gemini_auth_fallback_to_bearer" time="0.027" /><testcase classname="tests.unit.core.domain.test_gemini_translation.TestCanonicalResponseToGemini" name="test_simple_response" time="0.008" /><testcase classname="tests.unit.core.app.test_application_factory.TestApplicationBuilderServices" name="test_initialize_services_handles_backend_registration" time="0.333" /><testcase classname="tests.unit.core.services.test_edit_precision_response_middleware" name="test_response_middleware_sets_pending_on_non_streaming_match" time="0.001" /><testcase classname="tests.unit.core.services.test_backend_service_wire_capture_di" name="test_backend_service_captures_streaming" time="0.210" /><testcase classname="tests.integration.test_edit_precision_e2e_di" name="test_e2e_stream_detection_flags_next_call_and_tunes_request" time="0.051" /><testcase classname="tests.unit.core.testing.test_example_usage.TestCreateTestConfig" name="test_create_test_config" time="0.000" /><testcase classname="tests.unit.test_get_command_pattern" name="test_get_command_pattern_custom_prefix" time="0.001" /><testcase classname="tests.unit.test_models_endpoint" name="test_models_endpoint_lists_all" time="0.158" /><testcase classname="tests.unit.test_anthropic_server" name="test_main_starts_server_when_port_set" time="0.262" /><testcase classname="tests.unit.chat_completions_tests.test_session_history" name="test_session_records_proxy_and_backend_interactions" time="0.126" /><testcase classname="tests.regression.test_mock_backend_regression.TestMockBackendRegression" name="test_new_streaming_chat_completion" time="0.273" /><testcase classname="tests.integration.commands.test_integration_failover_commands" name="test_failover_commands_lifecycle" time="0.001" /><testcase classname="tests.integration.test_edit_precision_e2e_di_stream" name="test_e2e_di_streaming_pipeline_sets_pending_and_next_call_tuned" time="0.079" /><testcase classname="tests.integration.test_empty_response_handling" name="test_environment_variable_configuration" time="0.008" /><testcase classname="tests.regression.test_mock_backend_regression.TestMockBackendRegression" name="test_new_tool_calling" time="0.001" /><testcase classname="tests.unit.core.domain.test_gemini_translation.TestCanonicalResponseToGemini" name="test_response_with_tool_calls" time="0.000" /><testcase classname="tests.unit.core.services.test_edit_precision_response_middleware" name="test_streaming_processor_applies_middleware_and_sets_pending" time="0.001" /><testcase classname="tests.unit.test_app_identity" name="test_default_identity_headers" time="0.061" /><testcase classname="tests.unit.core.testing.test_example_usage.TestCreateTestConfig" name="test_create_test_config_has_openai_backend" time="0.001" /><testcase classname="tests.unit.chat_completions_tests.test_multimodal_cross_protocol" name="test_openai_frontend_to_gemini_backend_multimodal" time="0.024" /><testcase classname="tests.unit.chat_completions_tests.test_session_history" name="test_session_records_streaming_placeholder" time="0.060" /><testcase classname="tests.integration.test_gemini_client_integration.TestGeminiClientIntegration" name="test_models_list_with_gemini_client" time="0.000" /><testcase classname="tests.unit.core.testing.test_base_stage.TestSessionServiceTestStage" name="test_properties" time="0.000" /><testcase classname="tests.unit.core.app.test_application_factory.TestIntegration" name="test_app_handles_models_endpoint" time="0.524" /><testcase classname="tests.unit.test_models_endpoint" name="test_v1_models_endpoint_lists_all" time="0.212" /><testcase classname="tests.integration.test_anthropic_frontend_integration.TestAnthropicFrontendWithoutSDK" name="test_endpoints_work_without_sdk" time="0.112" /><testcase classname="tests.unit.chat_completions_tests.test_commands_disabled" name="test_commands_ignored" time="0.021" /><testcase classname="tests.unit.chat_completions_tests.test_multimodal_cross_protocol" name="test_gemini_frontend_to_openai_backend_multimodal" time="0.012" /><testcase classname="tests.integration.test_hello_command_integration" name="test_hello_command_integration" time="0.066" /><testcase classname="tests.unit.test_config_persistence" name="test_save_and_load_persistent_config" time="0.571" /><testcase classname="tests.unit.chat_completions_tests.test_gemini_api_compatibility_di.TestGeminiRequestConversion" name="test_complex_content_conversion" time="0.022" /><testcase classname="tests.integration.test_zai_coding_plan" name="test_zai_coding_plan_backend_integration" time="0.079" /><testcase classname="tests.unit.test_app_identity" name="test_backend_specific_identity_headers" time="0.028" /><testcase classname="tests.unit.core.adapters.test_exception_adapters.TestRegisterExceptionHandlers" name="test_register_exception_handlers" time="0.001" /><testcase classname="tests.integration.test_gemini_client_integration.TestStreamingIntegration" name="test_streaming_content_generation" time="0.002" /><testcase classname="tests.test_top_p_fix" name="test_top_p_fix_with_actual_request" time="0.028" /><testcase classname="tests.unit.core.testing.test_base_stage.TestSessionServiceTestStage" name="test_register_services" time="0.004" /><testcase classname="tests.integration.test_oneoff_command_integration" name="test_oneoff_command_integration" time="0.109" /><testcase classname="tests.unit.test_config_persistence" name="test_invalid_persisted_backend" time="0.285" /><testcase classname="tests.unit.core.testing.test_interfaces.TestSyncOnlyService" name="test_sync_only_service_is_protocol" time="0.024" /><testcase classname="tests.unit.chat_completions_tests.test_rate_limiting" name="test_rate_limit_memory" time="0.050" /><testcase classname="tests.unit.core.test_redaction_middleware" name="test_redaction_middleware_redacts_text_and_parts" time="0.003" /><testcase classname="tests.integration.test_streaming_json_repair_integration" name="test_streaming_json_repair_with_mock_backend" time="0.344" /><testcase classname="tests.unit.connectors.test_anthropic_oauth" name="test_anthropic_oauth_sends_x_api_key" time="0.013" /><testcase classname="tests.unit.chat_completions_tests.test_gemini_api_compatibility_refactored.TestGeminiModelEndpoints" name="test_list_models" time="0.030" /><testcase classname="tests.integration.test_processing_order" name="test_loop_detection_runs_before_tool_call_repair" time="0.082" /><testcase classname="tests.unit.core.app.test_application_factory.TestIntegration" name="test_app_dependency_injection_works" time="0.793" /><testcase classname="tests.integration.test_anthropic_translation_integration" name="test_anthropic_multimodal_translation" time="0.044" /><testcase classname="tests.unit.core.services.test_tool_call_repair.TestStreamingToolCallRepairProcessor" name="test_process_chunks_with_tool_call" time="0.005" /><testcase classname="tests.unit.core.testing.test_example_usage.TestMigrateExistingTestStage" name="test_migrate_existing_test_stage" time="0.001" /><testcase classname="tests.unit.core.common.test_logging_utils.TestRedactText" name="test_redact_text" time="0.001" /><testcase classname="tests.unit.core.commands.handlers.test_hello_command_handler" name="test_hello_command_handler" time="0.002" /><testcase classname="tests.unit.chat_completions_tests.test_gemini_api_compatibility_refactored.TestErrorHandling" name="test_invalid_request" time="0.062" /><testcase classname="tests.unit.chat_completions_tests.test_gemini_api_compatibility_di.TestGeminiStreamGenerateContent" name="test_stream_generate_content" time="0.099" /><testcase classname="tests.unit.core.common.test_logging_utils.TestInstallApiKeyRedactionFilter" name="test_install_filter" time="0.001" /><testcase classname="tests.unit.openrouter_connector_tests.test_non_streaming_success" name="test_chat_completions_non_streaming_success" time="0.003" /><testcase classname="tests.unit.connectors.test_openai_oauth" name="test_openai_oauth_uses_bearer_from_auth_json" time="0.005" /><testcase classname="tests.unit.gemini_connector_tests.test_http_error_streaming" name="test_chat_completions_http_error_streaming" time="0.032" /><testcase classname="tests.unit.gemini_connector_tests.test_streaming_success" name="test_chat_completions_streaming_success" time="0.003" /><testcase classname="tests.unit.openrouter_connector_tests.test_http_error_streaming" name="test_chat_completions_http_error_streaming" time="0.079" /><testcase classname="tests.unit.test_empty_response_middleware.TestEmptyResponseRetryException" name="test_exception_creation" time="0.001" /><testcase classname="tests.unit.core.testing.test_interfaces.TestAsyncOnlyService" name="test_async_only_service_is_protocol" time="0.000" /><testcase classname="tests.unit.loop_detection.test_streaming_wrapper" name="test_stream_cancellation_on_loop" time="0.009" /><testcase classname="tests.unit.openrouter_connector_tests.test_headers_plumbing" name="test_headers_plumbing" time="0.004" /><testcase classname="tests.unit.test_tool_call_loop_middleware_break_flow" name="test_tool_call_loop_cancellation_then_break" time="0.002" /><testcase classname="tests.unit.core.testing.test_example_usage.TestMigrateExistingTestStage" name="test_migrated_stage_properties" time="0.001" /><testcase classname="tests.unit.openrouter_connector_tests.test_http_error_non_streaming" name="test_chat_completions_http_error_non_streaming" time="0.002" /><testcase classname="tests.unit.openrouter_connector_tests.test_streaming_success" name="test_chat_completions_streaming_success" time="0.004" /><testcase classname="tests.unit.openrouter_connector_tests.test_request_error" name="test_chat_completions_request_error" time="0.001" /><testcase classname="tests.unit.chat_completions_tests.test_rate_limit_wait" name="test_wait_for_rate_limited_backends" time="0.061" /><testcase classname="tests.unit.loop_detection.test_detector.TestLoopDetectionEvent" name="test_event_creation" time="0.001" /><testcase classname="tests.unit.gemini_connector_tests.test_model_prefix_handling" name="test_chat_completions_model_prefix_handled" time="0.006" /><testcase classname="tests.unit.test_transport_adapters.TestExceptionAdapters" name="test_map_domain_exception_to_http_exception" time="0.001" /><testcase classname="tests.unit.test_prompt_redaction" name="test_redactor_replaces_keys_and_logs" time="0.024" /><testcase classname="tests.unit.test_transport_adapters.TestRequestAdapters" name="test_fastapi_to_domain_request_context" time="0.008" /><testcase classname="tests.unit.test_tool_call_loop_middleware_chance_then_break" name="test_chance_then_break_flow" time="0.002" /><testcase classname="tests.unit.openai_connector_tests.test_integration" name="test_set_openai_url_command" time="0.129" /><testcase classname="tests.unit.test_failover_strategy" name="test_default_failover_strategy_maps_attempts" time="0.001" /><testcase classname="tests.unit.test_no_prints" name="test_no_print_statements" time="1.496" /><testcase classname="tests.unit.test_codebase_quality" name="test_no_unicode_emojis_in_codebase" time="1.550" /><testcase classname="tests.unit.test_mypy_validation.TestMypyValidation" name="test_mypy_passes_on_src" time="0.000" /><testcase classname="tests.unit.test_mypy_validation.TestMypyValidation" name="test_mypy_config_exists" time="0.000" /><testcase classname="tests.integration.test_gemini_edit_precision" name="test_gemini_generation_config_receives_temperature_override" time="0.001" /><testcase classname="tests.unit.test_test_quality" name="test_vulture_dead_code_on_src_strict" time="3.835" /><testcase classname="tests.integration.test_server_smoke" name="test_server_starts_and_logs_cleanly" time="4.208" /><testcase classname="tests.unit.chat_completions_tests.test_gemini_api_compatibility_refactored.TestGeminiGenerateContent" name="test_generate_content_basic" time="0.004" /><testcase classname="tests.unit.core.adapters.test_api_adapters.TestOpenAIToDomainChatRequest" name="test_basic_openai_conversion" time="0.000" /><testcase classname="tests.unit.test_test_quality" name="test_vulture_dead_code_on_src_strict_cli" time="1.646" /><testcase classname="tests.unit.test_test_quality" name="test_bandit_security_scan_on_src_strict" time="0.000" /><testcase classname="tests.unit.test_dependency_validation.TestDependencyValidation" name="test_all_dependencies_are_installed" time="7.090" /><testcase classname="tests.unit.test_dependency_validation.TestDependencyValidation" name="test_pyproject_toml_exists_and_is_valid" time="0.001" /><testcase classname="tests.unit.test_dependency_validation.TestDependencyValidation" name="test_dependency_parsing_logic" time="0.000" /><testcase classname="tests.unit.test_test_quality" name="test_architectural_linter_compliance" time="0.754" /></testsuite></testsuites>